06-19 09:35:26.650  8392 10843 D l       : setAvailableAccounts() 1 -> 1.
06-19 09:35:26.650  8392 10843 D l       : availableAccounts hasn't changed, returning.
06-19 09:35:26.866  5909 10846 I chatty  : uid=10167(com.mitel.teamwork) expire 30 lines
06-19 09:35:26.904  5909 10848 I chatty  : uid=10167(com.mitel.teamwork) expire 24 lines
06-19 09:35:26.962  5909 10731 I chatty  : uid=10167(com.mitel.teamwork) expire 35 lines
06-19 09:35:27.125  1998 10478 I chatty  : uid=10020 com.google.android.gms.persistent expire 11 lines
06-19 09:35:27.232  2254  4984 I chatty  : uid=10020(com.google.android.gms) Thread-25 expire 6 lines
06-19 09:35:27.430  5909 10857 I chatty  : uid=10167(com.mitel.teamwork) expire 3 lines
06-19 09:35:27.641  1153  1225 I ActivityManager: Start proc 10860:com.google.android.gms.unstable/u0a20 for service com.google.android.gms/.droidguard.DroidGuardService
06-19 09:35:27.648 10860 10860 I chatty  : uid=10020 com.google.android.gms.unstable expire 15 lines
06-19 09:35:28.065  1153  6748 W ActivityManager: Background start not allowed: service Intent { cmp=com.google.android.apps.messaging/.shared.datamodel.action.execution.ActionExecutorImpl$EmptyService } to com.google.android.apps.messaging/.shared.datamodel.action.execution.ActionExecutorImpl$EmptyService from pid=10556 uid=10116 pkg=com.google.android.apps.messaging startFg?=false
06-19 09:35:28.068  1153  1799 W ActivityManager: Background start not allowed: service Intent { cmp=com.google.android.apps.messaging/.shared.datamodel.action.execution.ActionExecutorImpl$EmptyService } to com.google.android.apps.messaging/.shared.datamodel.action.execution.ActionExecutorImpl$EmptyService from pid=10556 uid=10116 pkg=com.google.android.apps.messaging startFg?=false
06-19 09:35:28.071 10556 10635 I ShortcutBadger: Checking if platform supports badge counters, attempt 1/3.
06-19 09:35:28.072  1153  1799 W ActivityManager: Background start not allowed: service Intent { cmp=com.google.android.apps.messaging/.shared.datamodel.action.execution.ActionExecutorImpl$EmptyService } to com.google.android.apps.messaging/.shared.datamodel.action.execution.ActionExecutorImpl$EmptyService from pid=10556 uid=10116 pkg=com.google.android.apps.messaging startFg?=false
06-19 09:35:28.075 10556 10635 I ShortcutBadger: Checking if platform supports badge counters, attempt 2/3.
06-19 09:35:28.077 10556 10635 I ShortcutBadger: Checking if platform supports badge counters, attempt 3/3.
06-19 09:35:28.080  1153  7285 W ActivityManager: Background start not allowed: service Intent { cmp=com.google.android.apps.messaging/.shared.datamodel.action.execution.ActionExecutorImpl$EmptyService } to com.google.android.apps.messaging/.shared.datamodel.action.execution.ActionExecutorImpl$EmptyService from pid=10556 uid=10116 pkg=com.google.android.apps.messaging startFg?=false
06-19 09:35:28.081 10556 10635 W ShortcutBadger: Badge counter seems not supported in this platform: unable to resolve intent: Intent { act=android.intent.action.BADGE_COUNT_UPDATE (has extras) }
06-19 09:35:28.104 10437 10660 I AnomalyInfo: anomalyInfo: anomaly_type=4,auto_restriction=false
06-19 09:35:28.104 10437 10660 I AnomalyDetectionService: Extra stats value: 27:{1:10014|}
06-19 09:35:28.132  8392  8392 I BgTaskExecutorImpl: Starting EXCLUSIVE background task REQUEST_SCHEDULE_RESET_WITHOUT_RESTART.
06-19 09:35:28.136 10556 10680 I Bugle   : CountryCodeDetector: updateMainDeviceCountry from default subscription network country. detected country: in
06-19 09:35:28.151 10556 10556 I BugleRcsEngine: [2] uju.connect: Connecting SignupService
06-19 09:35:28.153 10556 10556 I BugleRcsEngine: [2] uju.connect: shouldUseCarrierServicesJibeService: true, CarrierServices rcs service found: true
06-19 09:35:28.153 10556 10556 I BugleRcsEngine: [2] uju.connect: Binding to JibeService in CarrierServices.
06-19 09:35:28.156 10556 10556 I RcsClientLib: Service com.google.android.rcs.client.signup.SignupService connected. Will notify listeners: true
06-19 09:35:28.157  4326  4338 I CarrierServices: [259] csp.a: RcsAvailabilityManager: Calculating Rcs Availability
06-19 09:35:28.168  8392 26845 W ErrorReporter: reportError [type: 1323, code: 917507, bug: 119055758]: java.lang.Throwable: Current Time: 1560917128, Next Alarm Time: 0
06-19 09:35:28.171  1998  2111 I chatty  : uid=10020(com.google.android.gms) Binder:1998_3 expire 1 line
06-19 09:35:28.174  8392 26845 E GeofenceHelper: Failed: remove geofences by PendingIntent
06-19 09:35:28.180 10556 10680 W InstanceID: Instance ID SDK is deprecated, com.google.android.apps.messaging should update to use Firebase Instance ID
06-19 09:35:28.203  8392 26845 I TrainingQuestionManager: updateFromServerResponse: no new training mode data and no pending answered questions to clear
06-19 09:35:28.216  8392  8460 I RequestManagerImpl: Sent 1 requests
06-19 09:35:28.217  8392  8435 W SearchServiceCore: Abort, client detached.
06-19 09:35:28.234  5909  5935 I chatty  : uid=10167(com.mitel.teamwork) expire 2 lines
06-19 09:35:28.243  1706  2013 E PhoneInterfaceManager: [PhoneIntfMgr] checkCarrierPrivilegesForPackage: No UICC
06-19 09:35:28.299 10556 10680 E Bugle   : RcsUtils. Error getting default configuration value for fallback setting
06-19 09:35:28.299 10556 10680 E Bugle   : ujx: Jibe SDK Service not available. Is the Jibe SDK service running? Did you call connect() and wait for the notification before calling an API function?
06-19 09:35:28.299 10556 10680 E Bugle   : 	at uju.a(SourceFile:68)
06-19 09:35:28.299 10556 10680 E Bugle   : 	at com.google.android.rcs.client.profile.RcsProfileService.getRcsConfig(SourceFile:53)
06-19 09:35:28.299 10556 10680 E Bugle   : 	at com.google.android.apps.messaging.shared.sms.RcsUtils.c(SourceFile:219)
06-19 09:35:28.299 10556 10680 E Bugle   : 	at dfb.getAppSettings(SourceFile:141)
06-19 09:35:28.299 10556 10680 E Bugle   : 	at com.google.android.apps.messaging.shared.analytics.RecurringTelemetryUploaderAction.b(SourceFile:192)
06-19 09:35:28.299 10556 10680 E Bugle   : 	at egc.a(SourceFile:5)
06-19 09:35:28.299 10556 10680 E Bugle   : 	at efq.run(SourceFile:20)
06-19 09:35:28.299 10556 10680 E Bugle   : 	at java.util.concurrent.ThreadPoolExecutor.runWorker(ThreadPoolExecutor.java:1167)
06-19 09:35:28.299 10556 10680 E Bugle   : 	at java.util.concurrent.ThreadPoolExecutor$Worker.run(ThreadPoolExecutor.java:641)
06-19 09:35:28.299 10556 10680 E Bugle   : 	at java.lang.Thread.run(Thread.java:764)
06-19 09:35:28.334  1153  1799 D WificondControl: Scan result ready event
06-19 09:35:28.374  1153  1799 I WifiService: releaseWifiLock uid=10020
06-19 09:35:28.515   800   800 I sensors-hal: activate_physical_sensor:129, android.sensor.accelerometer/16 en=0
06-19 09:35:28.516   800   800 I sensors-hal: activate_physical_sensor:140, android.sensor.accelerometer/16 en=0 completed
06-19 09:35:28.521  1526  1526 W StaticLayout: maxLineHeight should not be -1.  maxLines:3 lineCount:3
06-19 09:35:28.656  1526  1526 W StaticLayout: maxLineHeight should not be -1.  maxLines:3 lineCount:3
06-19 09:35:28.789  1526  1526 W StaticLayout: maxLineHeight should not be -1.  maxLines:3 lineCount:3
06-19 09:35:28.939  1526  1526 W StaticLayout: maxLineHeight should not be -1.  maxLines:3 lineCount:3
06-19 09:35:28.970  8392  8392 D l       : setAvailableAccounts() 1 -> 1.
06-19 09:35:28.970  8392  8392 D l       : availableAccounts hasn't changed, returning.
06-19 09:35:29.079  1153  6748 W ActivityManager: Background start not allowed: service Intent { cmp=com.google.android.apps.messaging/.shared.datamodel.action.execution.ActionExecutorImpl$EmptyService } to com.google.android.apps.messaging/.shared.datamodel.action.execution.ActionExecutorImpl$EmptyService from pid=10556 uid=10116 pkg=com.google.android.apps.messaging startFg?=false
06-19 09:35:29.256  1526  1526 W StaticLayout: maxLineHeight should not be -1.  maxLines:3 lineCount:3
06-19 09:35:29.268  8392  8435 W SearchServiceCore: Abort, client detached.
06-19 09:35:29.269  1153  1885 W ActivityManager: Unable to start service Intent { act=com.google.firebase.MESSAGING_EVENT pkg=com.google.android.googlequicksearchbox } U=0: not found
06-19 09:35:29.270  8392  8392 E FirebaseInstanceId: binding to the service failed
06-19 09:35:29.277  8392  8225 W LocationOracle: No location history returned by ContextManager
06-19 09:35:29.323  8392  8460 W ErrorReporter: reportError [type: 1159, code: 917507, bug: 38420550]: null
06-19 09:35:29.325  8392  8435 W SearchServiceCore: Abort, client detached.
06-19 09:35:29.327  1153  1885 I chatty  : uid=1000(system) Binder:1153_7 identical 1 line
06-19 09:35:29.327  8392  8392 E FirebaseInstanceId: binding to the service failed
06-19 09:35:29.330  8392  8435 W SearchServiceCore: Abort, client detached.
06-19 09:35:29.331  1153  1885 W ActivityManager: Unable to start service Intent { act=com.google.firebase.MESSAGING_EVENT pkg=com.google.android.googlequicksearchbox } U=0: not found
06-19 09:35:29.331  8392  8392 E FirebaseInstanceId: binding to the service failed
06-19 09:35:29.334  8392  8504 W LocationOracle: No location history returned by ContextManager
06-19 09:35:29.343 10860 10872 I chatty  : uid=10020 com.google.android.gms.unstable expire 2 lines
06-19 09:35:29.357  8392  7113 W ErrorReporter: reportError [type: 1159, code: 917507, bug: 38420550]: null
06-19 09:35:29.361  8392  8435 W SearchServiceCore: Abort, client detached.
06-19 09:35:29.363  1153  7144 W ActivityManager: Unable to start service Intent { act=com.google.firebase.MESSAGING_EVENT pkg=com.google.android.googlequicksearchbox } U=0: not found
06-19 09:35:29.363  8392  8392 E FirebaseInstanceId: binding to the service failed
06-19 09:35:29.367  8392  8435 W SearchServiceCore: Abort, client detached.
06-19 09:35:29.368  1153  7144 W ActivityManager: Unable to start service Intent { act=com.google.firebase.MESSAGING_EVENT pkg=com.google.android.googlequicksearchbox } U=0: not found
06-19 09:35:29.368  8392  8392 E FirebaseInstanceId: binding to the service failed
06-19 09:35:29.372  8392 26845 W LocationOracle: No location history returned by ContextManager
06-19 09:35:29.375   875   875 I keystore: del USRPKEY_unstable.825349ac930c2370b39f30e7d789963a.114 10020
06-19 09:35:29.375   875   875 I keystore: del USRCERT_unstable.825349ac930c2370b39f30e7d789963a.114 10020
06-19 09:35:29.375   875   875 I keystore: del CACERT_unstable.825349ac930c2370b39f30e7d789963a.114 10020
06-19 09:35:29.390  1526  1526 W StaticLayout: maxLineHeight should not be -1.  maxLines:3 lineCount:3
06-19 09:35:29.397  8392  8459 W ErrorReporter: reportError [type: 1159, code: 917507, bug: 38420550]: null
06-19 09:35:29.401  8392  8435 W SearchServiceCore: Abort, client detached.
06-19 09:35:29.402  1153  6748 W ActivityManager: Unable to start service Intent { act=com.google.firebase.MESSAGING_EVENT pkg=com.google.android.googlequicksearchbox } U=0: not found
06-19 09:35:29.403  8392  8392 E FirebaseInstanceId: binding to the service failed
06-19 09:35:29.407  8392  8435 W SearchServiceCore: Abort, client detached.
06-19 09:35:29.408  1153  1885 W ActivityManager: Unable to start service Intent { act=com.google.firebase.MESSAGING_EVENT pkg=com.google.android.googlequicksearchbox } U=0: not found
06-19 09:35:29.408  8392  8392 E FirebaseInstanceId: binding to the service failed
06-19 09:35:29.412  8392  8225 W LocationOracle: No location history returned by ContextManager
06-19 09:35:29.439  8392  8486 W ErrorReporter: reportError [type: 1159, code: 917507, bug: 38420550]: null
06-19 09:35:29.440  8392  8435 W SearchServiceCore: Abort, client detached.
06-19 09:35:29.442  1153  7144 W ActivityManager: Unable to start service Intent { act=com.google.firebase.MESSAGING_EVENT pkg=com.google.android.googlequicksearchbox } U=0: not found
06-19 09:35:29.442  8392  8392 E FirebaseInstanceId: binding to the service failed
06-19 09:35:29.447  8392  8435 W SearchServiceCore: Abort, client detached.
06-19 09:35:29.448  1153  7144 I chatty  : uid=1000(system) Binder:1153_1E identical 1 line
06-19 09:35:29.449  8392  8392 E FirebaseInstanceId: binding to the service failed
06-19 09:35:29.453  8392 26845 W LocationOracle: No location history returned by ContextManager
06-19 09:35:29.468 10860 10872 I Adreno  : QUALCOMM build                   : 3f88ca2, I42f6fe38fb
06-19 09:35:29.468 10860 10872 I Adreno  : Build Date                       : 07/13/18
06-19 09:35:29.468 10860 10872 I Adreno  : OpenGL ES Shader Compiler Version: EV031.24.00.00
06-19 09:35:29.468 10860 10872 I Adreno  : Local Branch                     : 50.04
06-19 09:35:29.468 10860 10872 I Adreno  : Remote Branch                    : 
06-19 09:35:29.468 10860 10872 I Adreno  : Remote Branch                    : 
06-19 09:35:29.468 10860 10872 I Adreno  : Reconstruct Branch               : 
06-19 09:35:29.469 10860 10872 I Adreno  : Build Config                     : S P 4.0.10 AArch64
06-19 09:35:29.470 10860 10872 E libc    : Access denied finding property "ro.vendor.graphics.memory"
06-19 09:35:29.470 10860 10872 I Adreno  : PFP: 0x016ee170, ME: 0x00000000
06-19 09:35:29.471  8392  7113 W ErrorReporter: reportError [type: 1159, code: 917507, bug: 38420550]: null
06-19 09:35:29.473 10860 10872 I ConfigStore: android::hardware::configstore::V1_0::ISurfaceFlingerConfigs::hasWideColorDisplay retrieved: 1
06-19 09:35:29.473 10860 10872 I ConfigStore: android::hardware::configstore::V1_0::ISurfaceFlingerConfigs::hasHDRDisplay retrieved: 1
06-19 09:35:29.473  8392  8435 W SearchServiceCore: Abort, client detached.
06-19 09:35:29.475  1153  7144 W ActivityManager: Unable to start service Intent { act=com.google.firebase.MESSAGING_EVENT pkg=com.google.android.googlequicksearchbox } U=0: not found
06-19 09:35:29.475  8392  8392 E FirebaseInstanceId: binding to the service failed
06-19 09:35:29.485  1153  1885 D ActivityManager: Raise procstate to external provider: ProcessRecord{9dc2b51 9976:com.android.providers.calendar/u0a66}
06-19 09:35:29.486  1153  1885 D ActivityManager: Raise procstate to external provider: ProcessRecord{9dc2b51 9976:com.android.providers.calendar/u0a66}
06-19 09:35:29.488 10860 10872 I Adreno  : QUALCOMM build                   : 3f88ca2, I42f6fe38fb
06-19 09:35:29.488 10860 10872 I Adreno  : Build Date                       : 07/13/18
06-19 09:35:29.488 10860 10872 I Adreno  : OpenGL ES Shader Compiler Version: EV031.24.00.00
06-19 09:35:29.488 10860 10872 I Adreno  : Local Branch                     : 50.04
06-19 09:35:29.488 10860 10872 I Adreno  : Remote Branch                    : 
06-19 09:35:29.488 10860 10872 I Adreno  : Remote Branch                    : 
06-19 09:35:29.488 10860 10872 I Adreno  : Reconstruct Branch               : 
06-19 09:35:29.488 10860 10872 I Adreno  : Build Config                     : S P 4.0.10 AArch64
06-19 09:35:29.490 10860 10872 I Adreno  : PFP: 0x016ee170, ME: 0x00000000
06-19 09:35:29.491 10860 10872 I ConfigStore: android::hardware::configstore::V1_0::ISurfaceFlingerConfigs::hasWideColorDisplay retrieved: 1
06-19 09:35:29.491 10860 10872 I ConfigStore: android::hardware::configstore::V1_0::ISurfaceFlingerConfigs::hasHDRDisplay retrieved: 1
06-19 09:35:29.498  1998 10478 W Uploader: anonymous no longer exists, so no auth token.
06-19 09:35:29.500  1998 10478 W Uploader: @@ContextManagerNullAccount@@ no longer exists, so no auth token.
06-19 09:35:29.518  1998 10478 W Uploader: parasuramankumarasami@gmail.com no longer exists, so no auth token.
06-19 09:35:29.518  2303  2428 D ProtoStore: no cached data
06-19 09:35:29.520  1998 10478 W Uploader: anonymous no longer exists, so no auth token.
06-19 09:35:29.526  1998 10478 W Uploader: anonymous no longer exists, so no auth token.
06-19 09:35:29.584  2254  9338 I CheckinUtil: Classify the device as Phone.
06-19 09:35:29.589  2254  9338 I CheckinConnFactory: Get token from PseudonymousIdApi: 186=gEPs86wQYWVHw1YKXVJXsW_lJFPFeshAf5o-zsLnPMcy3zPyuJTOJEbUWXnRiKOKGnpm_zfEKZy8wfrYo9hK5LRF_apxJVZvL27e7xQ1T6etmkNwTy88RzpmF5pSuj6AONbdEI6P6uRnclinTipK5i8J-MDlj5PirrHPH9FVdVE
06-19 09:35:29.603  2254  9338 I CheckinRequestProcessor: set cookie as: NID=186=gEPs86wQYWVHw1YKXVJXsW_lJFPFeshAf5o-zsLnPMcy3zPyuJTOJEbUWXnRiKOKGnpm_zfEKZy8wfrYo9hK5LRF_apxJVZvL27e7xQ1T6etmkNwTy88RzpmF5pSuj6AONbdEI6P6uRnclinTipK5i8J-MDlj5PirrHPH9FVdVE
06-19 09:35:29.680  5909 10908 I chatty  : uid=10167(com.mitel.teamwork) expire 17 lines
06-19 09:35:29.781  1998 10478 W Conscrypt: Could not set socket write timeout: java.net.SocketException: Socket closed
06-19 09:35:29.782  1998 10478 W Conscrypt: 	at com.google.android.gms.org.conscrypt.Platform.setSocketWriteTimeout(:com.google.android.gms@17455037@17.4.55 (100400-248795830):2)
06-19 09:35:29.782  1998 10478 W Conscrypt: 	at com.google.android.gms.org.conscrypt.ConscryptFileDescriptorSocket.setSoWriteTimeout(:com.google.android.gms@17455037@17.4.55 (100400-248795830):2)
06-19 09:35:29.846  2254  9338 W Conscrypt: Could not set socket write timeout: java.net.SocketException: Socket closed
06-19 09:35:29.847  2254  9338 W Conscrypt: 	at com.google.android.gms.org.conscrypt.Platform.setSocketWriteTimeout(:com.google.android.gms@17455037@17.4.55 (100400-248795830):2)
06-19 09:35:29.847  2254  9338 W Conscrypt: 	at com.google.android.gms.org.conscrypt.ConscryptFileDescriptorSocket.setSoWriteTimeout(:com.google.android.gms@17455037@17.4.55 (100400-248795830):2)
06-19 09:35:30.027  1998 10478 W Conscrypt: Could not set socket write timeout: java.net.SocketException: Socket closed
06-19 09:35:30.027  1998 10478 W Conscrypt: 	at com.google.android.gms.org.conscrypt.Platform.setSocketWriteTimeout(:com.google.android.gms@17455037@17.4.55 (100400-248795830):2)
06-19 09:35:30.027  1998 10478 W Conscrypt: 	at com.google.android.gms.org.conscrypt.ConscryptFileDescriptorSocket.setSoWriteTimeout(:com.google.android.gms@17455037@17.4.55 (100400-248795830):2)
06-19 09:35:30.365  2254  9338 W Conscrypt: Could not set socket write timeout: java.net.SocketException: Socket closed
06-19 09:35:30.365  2254  9338 W Conscrypt: 	at com.google.android.gms.org.conscrypt.Platform.setSocketWriteTimeout(:com.google.android.gms@17455037@17.4.55 (100400-248795830):2)
06-19 09:35:30.365  2254  9338 W Conscrypt: 	at com.google.android.gms.org.conscrypt.ConscryptFileDescriptorSocket.setSoWriteTimeout(:com.google.android.gms@17455037@17.4.55 (100400-248795830):2)
06-19 09:35:30.410  1998  2111 E LockboxBrokerService: Could not query UDC's getDeviceDataUploadOptInStatus; 15 null
06-19 09:35:30.524  8392  8435 W SearchServiceCore: Abort, client detached.
06-19 09:35:30.530  1153  1885 W BroadcastQueue: Background execution not allowed: receiving Intent { act=android.intent.action.DROPBOX_ENTRY_ADDED flg=0x10 (has extras) } to com.google.android.gms/.stats.service.DropBoxEntryAddedReceiver
06-19 09:35:30.531  1153  1223 W BroadcastQueue: Background execution not allowed: receiving Intent { act=android.intent.action.DROPBOX_ENTRY_ADDED flg=0x10 (has extras) } to com.google.android.gms/.chimera.GmsIntentOperationService$PersistentTrustedReceiver
06-19 09:35:30.555  1153  6748 D ActivityManager: Raise procstate to external provider: ProcessRecord{9dc2b51 9976:com.android.providers.calendar/u0a66}
06-19 09:35:30.557  1153  6748 D ActivityManager: Raise procstate to external provider: ProcessRecord{9dc2b51 9976:com.android.providers.calendar/u0a66}
06-19 09:35:30.598  2303  2428 D ProtoStore: no cached data
06-19 09:35:30.937  1508  1508 I FirebaseJobDispatcher: onStartJob(): daily_ping_task.
06-19 09:35:30.937  1508  1508 I DailyPingTask: onRunTask() : Tag = daily_ping_task
06-19 09:35:30.963  1508  1508 I FirebaseJobDispatcher: onStartJob(): PeriodicStats.
06-19 09:35:30.963  1508  1636 I PeriodicStatsRunner: call()
06-19 09:35:31.034  1508  1636 I putmethod.lati: Explicit concurrent copying GC freed 12719(886KB) AllocSpace objects, 6(312KB) LOS objects, 49% free, 9MB/18MB, paused 116us total 70.579ms
06-19 09:35:31.061  1508  1636 I PeriodicStatsRunner: call() : Finished in 98 ms
06-19 09:35:31.061  1508  1508 I FirebaseJobDispatcher: Task: PeriodicStats successes.
06-19 09:35:31.073  1508  2328 E C2QReflectionHelper: Failed to get Conv2QueryPeriodicMetadata.
06-19 09:35:31.073  1508  2328 E C2QReflectionHelper: java.lang.NoSuchMethodException: getInstance []
06-19 09:35:31.073  1508  2328 E C2QReflectionHelper: 	at java.lang.Class.getMethod(Class.java:2068)
06-19 09:35:31.073  1508  2328 E C2QReflectionHelper: 	at java.lang.Class.getDeclaredMethod(Class.java:2047)
06-19 09:35:31.073  1508  2328 E C2QReflectionHelper: 	at bvb.a(PG:436)
06-19 09:35:31.073  1508  2328 E C2QReflectionHelper: 	at bve.a(PG:398)
06-19 09:35:31.073  1508  2328 E C2QReflectionHelper: 	at esh.a(PG:5)
06-19 09:35:31.073  1508  2328 E C2QReflectionHelper: 	at bvb.a(PG:28)
06-19 09:35:31.073  1508  2328 E C2QReflectionHelper: 	at key.a(PG:142)
06-19 09:35:31.073  1508  2328 E C2QReflectionHelper: 	at key.handleMessage(PG:105)
06-19 09:35:31.073  1508  2328 E C2QReflectionHelper: 	at android.os.Handler.dispatchMessage(Handler.java:102)
06-19 09:35:31.073  1508  2328 E C2QReflectionHelper: 	at android.os.Looper.loop(Looper.java:193)
06-19 09:35:31.073  1508  2328 E C2QReflectionHelper: 	at android.os.HandlerThread.run(HandlerThread.java:65)
06-19 09:35:31.188  2254 10305 I RecoverableKeyStoreGms: [EnrollmentManager] Returning certificates list from cache
06-19 09:35:31.228  1153  1885 I RecoverableKeyStoreMgr: The cert file serial number is the same, so skip updating.
06-19 09:35:31.228  2254 10305 I RecoverableKeyStoreGms: [EnrollmentManager] Recovery service is initialized.
06-19 09:35:31.229  2254 10305 I RecoverableKeyStoreGms: [RecoverableKeyStoreGmsGcmTaskChimeraService] Cert download and update status=[INIT_RECOVERY_SERVICE_SUCCESS]
06-19 09:35:31.394  2254  9338 I CheckinResponseProcess: From server: 1812 gservices [full]
06-19 09:35:31.502  1153  1153 V SettingsProvider: Notifying for 0: content://settings/global/text_classifier_constants
06-19 09:35:31.503  2112  3023 I GservicesProvider: main update completed
06-19 09:35:31.511  2254  2267 W System  : A resource failed to call close. 
06-19 09:35:31.511  2254  2267 W System  : A resource failed to call close. 
06-19 09:35:31.531  2254  9338 I CheckinRequestProcessor: PeriodicTaskTag : Checkin Succeeded: https://android.googleapis.com/checkin (fragment #1): 
06-19 09:35:31.538  4326  4326 I CarrierServices: [2] ddk.e: Carrier Services GServices flags:
06-19 09:35:31.538  4326  4326 I CarrierServices:    carrier_services_security_flags_ec_api_white_listed_packages: com.google.android.apps.messaging,com.google.android.dialer,com.google.android.ims.client.sampleapp,com.android.contacts,com.lge.rcscall,com.android.incallui,com.huawei.incallui.appfeature.rcsfeature
06-19 09:35:31.538  4326  4326 I CarrierServices:    carrier_services_security_flags_ec_api_white_listed_signatures: B28C3EDB665DF32686224DF800F603E9959BBE4E,0980A12BE993528C19107BC21AD811478C63CEFC,B38FA7B5ECFAEC44620A020752B07E063B3120A8,203997BC46B8792DC9747ABD230569071F9A0439,EDA6413C3E3A95492114FE07CD953AD897E40D1A,760EBB9F4200B3DFB1B817B40FF0563A3C150D39,5B368CFF2DA2686996BC95EAC190EAA4F5630FE5,01D845B26B688D8EF647205A5944E9407E52E06E,27196E386B875E76ADF700E7EA84E4C6EEE33DFA,1CDD04F1E4A732BB0352FDFAEE26D2315526DF85,025D5212BF3B5F5CDA6117A518721D70A94D84E0
06-19 09:35:31.538  4326  4326 I CarrierServices:    carrier_services_security_flags_test_service_white_listed_packages: com.google.android.ims.mobly.snippets
06-19 09:35:31.538  4326  4326 I CarrierServices:    carrier_services_security_flags_test_service_white_listed_signatures: AE41481F52E0F58DF2806D5A38EB3DBCA5AE02B0,E165542B31953CC282AA4EF2F4D5F07F7663A2A2
06-19 09:35:31.538  4326  4326 I CarrierServices:    carrier_services_security_flags_white_listed_packages: com.google.android.apps.messaging,com.google.android.dialer,com.google.android.ims.client.sampleapp,com.android.contacts,com.lge.rcscall,com.android.incallui,com.huawei.incallui.appfeature.rcsfeature
06-19 09:35:31.538  4326  4326 I CarrierServices:    carrier_services_security_flags_white_listed_signatures: B28C3EDB665DF32686224DF800F603E9959BBE4E,0980A12BE993528C19107BC21AD811478C63CEFC,B38FA7B5ECFAEC44620A020752B07E063B3120A8,203997BC46B8792DC9747ABD230569071F9A0439,EDA6413C3E3A95492114FE07CD953AD897E40D1A,760EBB9F4200B3DFB1B817B40FF0563A3C150D39,5B368CFF2DA2686996BC95EAC190EAA4F5630FE5,01D845B26B688D8EF647205A5944E9407E52E06E,27196E386B875E76ADF700E7EA84E4C6EEE33DFA,1CDD04F1E4A732BB0352FDFAEE26D2315526DF85,025D5212BF3B5F5CDA6117A518721D70A94D84E0
06-19 09:35:31.538  4326  4326 I CarrierServices:    carrier_services_video_share_disabled_user_agent_substrings: SM-G930,SM-G935,SM-A320
06-19 09:35:31.538  4326  4326 I CarrierServices: ====================
06-19 09:35:31.545 10556 10935 I Bugle   : ApnsOta: OTA version -1
06-19 09:35:31.579  4326 10931 D CarrierServices: log_saver already enabled
06-19 09:35:31.599  4326 10931 I CarrierServices: [309] dds.a: KEY_CONFIG_IMS_PACKAGE_OVERRIDE_STRING: 
06-19 09:35:31.602  4326 10931 I CarrierServices: [309] dds.a: KEY_CONFIG_IMS_PACKAGE_OVERRIDE_STRING: 
06-19 09:35:31.620  8392  8435 W SearchServiceCore: Abort, client detached.
06-19 09:35:31.620  1153  2680 W BroadcastQueue: Background execution not allowed: receiving Intent { act=android.intent.action.DROPBOX_ENTRY_ADDED flg=0x10 (has extras) } to com.google.android.gms/.stats.service.DropBoxEntryAddedReceiver
06-19 09:35:31.621  1153  1223 W BroadcastQueue: Background execution not allowed: receiving Intent { act=android.intent.action.DROPBOX_ENTRY_ADDED flg=0x10 (has extras) } to com.google.android.gms/.chimera.GmsIntentOperationService$PersistentTrustedReceiver
06-19 09:35:31.636  1153  1225 I ActivityManager: Start proc 10941:com.google.android.apps.scone/u0a33 for broadcast com.google.android.apps.scone/.awareness.AwarenessReceiver
06-19 09:35:31.641 10941 10941 E roid.apps.scon: Not starting debugger since process cannot load the jdwp agent.
06-19 09:35:31.647  2254 10373 I TelephonySpam: TelephonySpamChimeraService - Running Telephony Spam Chimera Service
06-19 09:35:31.647  2254 10373 I TelephonySpam: TelephonySpamChimeraService - Cleaning SIP Header local table of old entries
06-19 09:35:31.650  2254 10373 I TelephonySpam: TelephonySpamChimeraService - Syncing Call Spam List
06-19 09:35:31.650  2254 10373 I TelephonySpam: SpamListSync - SpamListSyncChimeraService.syncSpamList called with tag: telephonyspam.SpamListSyncLtePeriodicTask, extras: Bundle[{SpamList Type=0, Action=1.0}]
06-19 09:35:31.650  2254 10373 I TelephonySpam: SpamListSync - Call spam module disabled. Skipping spam list syncing.
06-19 09:35:31.666  1153  1225 I ActivityManager: Start proc 10955:com.google.android.gms:snet/u0a20 for service com.google.android.gms/.chimera.SnetIntentOperationService
06-19 09:35:31.667 10941 10941 I roid.apps.scon: The ClassLoaderContext is a special shared library.
06-19 09:35:31.671  2254  9338 I TelephonySpam: TelephonySpamChimeraService - Running Telephony Spam Chimera Service
06-19 09:35:31.671 10955 10955 E ndroid.gms:sne: Not starting debugger since process cannot load the jdwp agent.
06-19 09:35:31.683  5909 10917 I chatty  : uid=10167(com.mitel.teamwork) expire 6 lines
06-19 09:35:31.687  5909  5909 I chatty  : uid=10167(com.mitel.teamwork) expire 34 lines
06-19 09:35:31.693  1508  1508 I FirebaseJobDispatcher: onStartJob(): task_check_update.
06-19 09:35:31.694  1508  1508 I FirebaseJobDispatcher: Task: task_check_update successes.
06-19 09:35:31.698 10955 10955 I ndroid.gms:sne: The ClassLoaderContext is a special shared library.
06-19 09:35:31.699 10955 10955 I chatty  : uid=10020(com.google.android.gms) identical 1 line
06-19 09:35:31.701 10955 10955 I ndroid.gms:sne: The ClassLoaderContext is a special shared library.
06-19 09:35:31.709  1153  1225 I ActivityManager: Start proc 10974:com.android.connectivity.metrics/u0a52 for broadcast com.android.connectivity.metrics/.SnapshotSchedulingReceiver
06-19 09:35:31.710 10955 10955 I ndroid.gms:sne: The ClassLoaderContext is a special shared library.
06-19 09:35:31.714 10974 10974 E ctivity.metric: Not starting debugger since process cannot load the jdwp agent.
06-19 09:35:31.728  1508  1508 I FirebaseJobDispatcher: onStartJob(): PeriodicTasks.
06-19 09:35:31.728  1508  1636 I PeriodicTaskRunner: call()
06-19 09:35:31.728  1508  1636 I PeriodicTaskRunner: call() : Success in 0 ms
06-19 09:35:31.733  1508  1636 W DynamicPruner: getPruneRequest() : Unexpected LM type: 4
06-19 09:35:31.733  1508  1636 I DynamicLm: perform() : PERSONAL_DICTIONARY : cla : Completed
06-19 09:35:31.733  1508  3178 I Delight5Decoder: loadLanguageModel() : PERSONAL_DICTIONARY, version [n/a]
06-19 09:35:31.735  1508  3178 I Delight5Decoder: Loaded dynamic LM /data/user/0/com.google.android.inputmethod.latin/files/personal/Personal.de.dict
06-19 09:35:31.735 10974 10974 I ctivity.metric: The ClassLoaderContext is a special shared library.
06-19 09:35:31.737 10974 10974 I ctivity.metric: The ClassLoaderContext is a special shared library.
06-19 09:35:31.739 10955 10955 W DynamiteModule: Local module descriptor class for providerinstaller not found.
06-19 09:35:31.744 10955 10955 W ProviderHelper: Unknown dynamite feature providerinstaller
06-19 09:35:31.747  1508  1636 I DynamicLm: perform() : USER_HISTORY : cla : Completed
06-19 09:35:31.747 10974 10974 D ConnMetrics:App: onCreate()
06-19 09:35:31.747  1508  3178 I Delight5Decoder: loadLanguageModel() : USER_HISTORY, version [n/a]
06-19 09:35:31.747  1508  3178 I Delight5Decoder: Loaded dynamic LM /data/user/0/com.google.android.inputmethod.latin/files/personal/userhistory/UserHistory.es_ES.dict
06-19 09:35:31.747 10955 10955 I DynamiteModule: Considering local module providerinstaller:0 and remote module providerinstaller:0
06-19 09:35:31.748 10955 10955 W ProviderInstaller: Failed to load providerinstaller module: No acceptable module found. Local version is 0 and remote version is 0.
06-19 09:35:31.749  1508  1636 W DynamicPruner: getPruneRequest() : Unexpected LM type: 4
06-19 09:35:31.751  1508  1636 I DynamicLm: perform() : PERSONAL_DICTIONARY : cla : Completed
06-19 09:35:31.751  1508  3178 I Delight5Decoder: loadLanguageModel() : PERSONAL_DICTIONARY, version [n/a]
06-19 09:35:31.752  1508  3178 I Delight5Decoder: Loaded dynamic LM /data/user/0/com.google.android.inputmethod.latin/files/personal/Personal.en_IN.dict
06-19 09:35:31.753  1508  1636 W DynamicPruner: getPruneRequest() : Unexpected LM type: 4
06-19 09:35:31.753  1508  1636 I DynamicLm: perform() : PERSONAL_DICTIONARY : cla : Completed
06-19 09:35:31.753  1508  3178 I Delight5Decoder: loadLanguageModel() : PERSONAL_DICTIONARY, version [n/a]
06-19 09:35:31.754  1508  3178 I Delight5Decoder: Loaded dynamic LM /data/user/0/com.google.android.inputmethod.latin/files/personal/Personal.es_ES.dict
06-19 09:35:31.754  1508  1636 W DynamicPruner: getPruneRequest() : Unexpected LM type: 20
06-19 09:35:31.754  1508  1636 I DynamicLm: perform() : EMAIL : cla : Completed
06-19 09:35:31.755  1508  3178 I Delight5Decoder: loadLanguageModel() : EMAIL, version [n/a]
06-19 09:35:31.755 10955 10955 V NativeCrypto: Registering com/google/android/gms/org/conscrypt/NativeCrypto's 284 native methods...
06-19 09:35:31.762  1508  3178 I Delight5Decoder: Loaded dynamic LM /data/user/0/com.google.android.inputmethod.latin/files/personal/Email.dict
06-19 09:35:31.763 10955 10955 D NetworkSecurityConfig: Using Network Security Config from resource network_security_config debugBuild: false
06-19 09:35:31.764 10955 10955 I ProviderInstaller: Installed default security provider GmsCore_OpenSSL
06-19 09:35:31.767  1153  1225 I ActivityManager: Start proc 10997:com.google.android.apps.multidevice.client/u0a124 for broadcast com.google.android.apps.multidevice.client/.ui.pixel.SettingsActivityAvailabilityReceiver
06-19 09:35:31.769 10997 10997 E tidevice.clien: Not starting debugger since process cannot load the jdwp agent.
06-19 09:35:31.772 10974 11006 E GooglePlayServicesUtil: The Google Play services resources were not found. Check your project configuration to ensure that the resources are included.
06-19 09:35:31.775  1508  1636 I DynamicLm: perform() : USER_HISTORY : cla : Completed
06-19 09:35:31.775  1508  3178 I Delight5Decoder: loadLanguageModel() : USER_HISTORY, version [n/a]
06-19 09:35:31.776  1508  3178 I Delight5Decoder: Loaded dynamic LM /data/user/0/com.google.android.inputmethod.latin/files/personal/userhistory/UserHistory.en_IN.dict
06-19 09:35:31.786  1508  1636 I DynamicLm: perform() : USER_HISTORY : cla : Completed
06-19 09:35:31.786  1508  3178 I Delight5Decoder: loadLanguageModel() : USER_HISTORY, version [n/a]
06-19 09:35:31.787  1508  3178 I Delight5Decoder: Loaded dynamic LM /data/user/0/com.google.android.inputmethod.latin/files/personal/userhistory/UserHistory.de.dict
06-19 09:35:31.796 10974 10996 D ConnMetrics:App: IsOptedIn = true
06-19 09:35:31.796  1508  1636 I DynamicLm: perform() : USER_HISTORY : cla : Completed
06-19 09:35:31.799 10997 10997 I tidevice.clien: The ClassLoaderContext is a special shared library.
06-19 09:35:31.802 10955 10955 W Primes  : Primes not initialized, returning default (no-op) Primes instance which will ignore all calls. Please call Primes.initialize(...) before using any Primes API.
06-19 09:35:31.802  1508  1636 I DynamicLm: perform() : USER_HISTORY : cla : Completed
06-19 09:35:31.806  1508  1636 I DynamicLm: perform() : USER_HISTORY : cla : Completed
06-19 09:35:31.808  1508  1636 I DynamicLm: perform() : PERSONAL_DICTIONARY : eon : Completed
06-19 09:35:31.809  1508  3178 I Delight5Decoder: loadLanguageModel() : PERSONAL_DICTIONARY, version [n/a]
06-19 09:35:31.810 10997 10997 I tidevice.clien: The ClassLoaderContext is a special shared library.
06-19 09:35:31.810  1508  3178 I Delight5Decoder: Loaded dynamic LM /data/user/0/com.google.android.inputmethod.latin/files/personal/Personal.de.dict
06-19 09:35:31.817  1508  1636 I DynamicLm: perform() : USER_HISTORY : eon : Completed
06-19 09:35:31.817  1508  3178 I Delight5Decoder: loadLanguageModel() : USER_HISTORY, version [n/a]
06-19 09:35:31.818  1508  3178 I Delight5Decoder: Loaded dynamic LM /data/user/0/com.google.android.inputmethod.latin/files/personal/userhistory/UserHistory.es_ES.dict
06-19 09:35:31.820  1508  1636 I DynamicLm: perform() : PERSONAL_DICTIONARY : eon : Completed
06-19 09:35:31.821  1508  3178 I Delight5Decoder: loadLanguageModel() : PERSONAL_DICTIONARY, version [n/a]
06-19 09:35:31.822  1508  3178 I Delight5Decoder: Loaded dynamic LM /data/user/0/com.google.android.inputmethod.latin/files/personal/Personal.en_IN.dict
06-19 09:35:31.824  1508  1636 I DynamicLm: perform() : PERSONAL_DICTIONARY : eon : Completed
06-19 09:35:31.825  1508  3178 I Delight5Decoder: loadLanguageModel() : PERSONAL_DICTIONARY, version [n/a]
06-19 09:35:31.826  1508  3178 I Delight5Decoder: Loaded dynamic LM /data/user/0/com.google.android.inputmethod.latin/files/personal/Personal.es_ES.dict
06-19 09:35:31.828  1508  1636 I DynamicLm: perform() : EMAIL : eon : Completed
06-19 09:35:31.828  1508  3178 I Delight5Decoder: loadLanguageModel() : EMAIL, version [n/a]
06-19 09:35:31.829  1508  3178 I Delight5Decoder: Loaded dynamic LM /data/user/0/com.google.android.inputmethod.latin/files/personal/Email.dict
06-19 09:35:31.834  1508  1636 I DynamicLm: perform() : USER_HISTORY : eon : Completed
06-19 09:35:31.834  1508  3178 I Delight5Decoder: loadLanguageModel() : USER_HISTORY, version [n/a]
06-19 09:35:31.834  1508  3178 I Delight5Decoder: Loaded dynamic LM /data/user/0/com.google.android.inputmethod.latin/files/personal/userhistory/UserHistory.en_IN.dict
06-19 09:35:31.839  1508  1636 I DynamicLm: perform() : USER_HISTORY : eon : Completed
06-19 09:35:31.839  1508  3178 I Delight5Decoder: loadLanguageModel() : USER_HISTORY, version [n/a]
06-19 09:35:31.839  1508  1508 I FirebaseJobDispatcher: Task: PeriodicTasks successes.
06-19 09:35:31.841  1508  3178 I Delight5Decoder: Loaded dynamic LM /data/user/0/com.google.android.inputmethod.latin/files/personal/userhistory/UserHistory.de.dict
06-19 09:35:31.877 10997 10997 I SettingsActivityAvailab: Disabling com.google.android.apps.multidevice.client.ui.pixel.SettingsActivity.
06-19 09:35:31.881  4756  4756 D GservicesChangeReceiver: Gservices Changed broadcast Received. context is android.app.ReceiverRestrictedContext@575e7f0
06-19 09:35:31.885  4756  4756 D GservicesChangeReceiver: Gservices allowPowerAnomalyData is False.
06-19 09:35:31.887  4756  4756 D ConnectivityMonitorManager: Service com.google.android.connectivitymonitor.PowerAnomalyDetectorService is not running...
06-19 09:35:31.905  4756  4756 D GservicesChangeReceiver: Gservices allowLowPowerMonitoring is False.
06-19 09:35:31.907  4756  4756 D ConnectivityMonitorManager: Service com.google.android.connectivitymonitor.LowPowerMonitorService is not running...
06-19 09:35:31.926  4756  4756 D GservicesChangeReceiver: Gservices isConnectivityMonitorEnabled is True.
06-19 09:35:31.928  4756  4756 D ConnectivityMonitorManager: Service com.google.android.connectivitymonitor.ConnectivityMonitorService is running...
06-19 09:35:31.946  1153  1225 I ActivityManager: Start proc 11023:com.google.android.euicc/u0a15 for broadcast com.google.android.euicc/com.android.euicc.receiver.GservicesChangedReceiver
06-19 09:35:31.949 11023 11023 E e.android.euic: Not starting debugger since process cannot load the jdwp agent.
06-19 09:35:31.974 11022 11022 I dex2oat : The ClassLoaderContext is a special shared library.
06-19 09:35:31.975 11022 11022 I dex2oat : /system/bin/dex2oat --dex-file=/data/user/0/com.google.android.gms/snet/installed/snet.jar --output-vdex-fd=41 --oat-fd=42 --oat-location=/data/user/0/com.google.android.gms/snet/installed/oat/arm64/snet.odex --compiler-filter=quicken --class-loader-context=&
06-19 09:35:31.989 11023 11023 I e.android.euic: The ClassLoaderContext is a special shared library.
06-19 09:35:32.061  5909 10729 I chatty  : uid=10167(com.mitel.teamwork) expire 24 lines
06-19 09:35:32.064 11023 11023 I EuiccGoogle: [2] GservicesChangedReceiver.onReceive: Setting EUICC_SUPPORTED_COUNTRIES to de,gb,in,us
06-19 09:35:32.101  1998 10743 I NetRec  : [2432] akyo.b: onConfigChanged()
06-19 09:35:32.103  8392  8392 I BgTaskExecutorImpl: Starting NONEXCLUSIVE background task UPDATE_GSERVICES_CONFIG.
06-19 09:35:32.106  8392 26845 I GservicesUpdateTask: Updating Gservices keys
06-19 09:35:32.110  1998 11045 I GCoreUlr: Starting service, intent=Intent { act=com.google.android.location.reporting.ACTION_UPDATE_WORLD cmp=com.google.android.gms/com.google.android.location.reporting.service.DispatchingService (has extras) }, extras=Bundle[{receiverAction=com.google.gservices.intent.action.GSERVICES_CHANGED}]
06-19 09:35:32.117  2254 10940 I GmsModuleFndr: Beginning GMS chimera module scan
06-19 09:35:32.119  2254 10940 I ModuleSetMgr: Computing pending module set with APKs: {file:///data/app/com.google.android.gms-lsc5njROtuL6cA7ElYc51A%3D%3D/base.apk, zapp:/AdsFdrDynamite.integ/20290000000}
06-19 09:35:32.122  2254 10940 I ModuleSetUtils: Assembling ModuleSetRecord for ads_fdr:202901,container:17455: [zapp:/AdsFdrDynamite.integ/20290000000]
06-19 09:35:32.122  2254 10940 I ModuleSetMgr: Pending container Zapp APKs: []
06-19 09:35:32.122  2254 10940 I ModuleSetMgr: Pending non-container Zapp APKs: [zapp:/AdsFdrDynamite.integ/20290000000]
06-19 09:35:32.135  1153  1225 I ActivityManager: Start proc 11048:com.google.android.partnersetup/u0a27 for broadcast com.google.android.partnersetup/.RlzPingBroadcastReceiver
06-19 09:35:32.144  1998 10478 I GCoreUlr: WorldUpdater received intent Intent { act=com.google.android.location.reporting.ACTION_UPDATE_WORLD cmp=com.google.android.gms/com.google.android.location.reporting.service.DispatchingService (has extras) } with receiverAction com.google.gservices.intent.action.GSERVICES_CHANGED
06-19 09:35:32.150 11048 11048 E id.partnersetu: Not starting debugger since process cannot load the jdwp agent.
06-19 09:35:32.161  1998 10781 I GCoreUlr: Successfully sent flags updated to controllers.
06-19 09:35:32.164  1153  1885 W ActivityManager: Unable to start service Intent { cmp=com.google.android.gms/.analytics.service.RefreshEnabledStateService } U=0: not found
06-19 09:35:32.165  2254 11061 I RecoverableKeyStoreGms: [RecoverableKeyStoreGmsInitOperation] Initializing auth_folsom
06-19 09:35:32.167  2254 11061 I RecoverableKeyStoreGms: [RecoverableKeyStoreGmsInitOperation] com.google.android.gms.auth.folsom.service.FolsomPublicKeyUpdateService is already enabled. Ignore.
06-19 09:35:32.169  2254 11061 I RecoverableKeyStoreGms: [RecoverableKeyStoreGmsInitOperation] com.google.android.gms.auth.folsom.service.GcmReceiverService is already enabled. Ignore.
06-19 09:35:32.172  2254 10940 W ChimeraUtils: Non Chimera context
06-19 09:35:32.172  2254 10940 W ChimeraUtils: Non Chimera context
06-19 09:35:32.173  1153  1885 V RecoverableKeyStoreMgr: Not updating secret types - same as old value.
06-19 09:35:32.173  2254 11061 I RecoverableKeyStoreGms: [VaultHandleHelper] Building vaultHandle(version=1, instanceId=egnvRJNHieA, deviceId=4204148681851702443)
06-19 09:35:32.173  2254 11061 I RecoverableKeyStoreGms: [RecoverableKeyStoreGmsInitOperation] Setting vault handle
06-19 09:35:32.174  1153  7285 V RecoverableKeyStoreMgr: Not updating server params - same as old value.
06-19 09:35:32.175  2254 11061 I RecoverableKeyStoreGms: [EnrollmentManager] Returning certificates list from cache
06-19 09:35:32.175 11048 11048 I id.partnersetu: The ClassLoaderContext is a special shared library.
06-19 09:35:32.177 11048 11048 I id.partnersetu: The ClassLoaderContext is a special shared library.
06-19 09:35:32.180  2254 11062 W DynamiteModule: Local module descriptor class for providerinstaller not found.
06-19 09:35:32.180  2254 11062 I DynamiteModule: Considering local module providerinstaller:0 and remote module providerinstaller:0
06-19 09:35:32.180  2254 11062 W ProviderInstaller: Failed to load providerinstaller module: No acceptable module found. Local version is 0 and remote version is 0.
06-19 09:35:32.180  2254 10940 D CAR.SETUP: Received GService flag change intent.
06-19 09:35:32.180  2254 10940 I CAR.SETUP: update Car DrivingMode components to true
06-19 09:35:32.184  1998 10478 I GCoreUlr: WorldUpdater:com.google.gservices.intent.action.GSERVICES_CHANGED: Ensuring that reporting is stopped because of reasons: {account#-11#=[InactiveReason{mIdentifier=14, mName='HistoryNotEnabled'}]}
06-19 09:35:32.189  8392  8435 W SearchServiceCore: Abort, client detached.
06-19 09:35:32.193  1998 10478 I GCoreUlr: Unbound from all signal providers.
06-19 09:35:32.193  1998 10781 I GCoreUlr: Successfully accounts update
06-19 09:35:32.195  2254 10940 W ChimeraUtils: Non Chimera context
06-19 09:35:32.195  2254 10940 I chatty  : uid=10020(com.google.android.gms) identical 2 lines
06-19 09:35:32.195  2254 10940 W ChimeraUtils: Non Chimera context
06-19 09:35:32.200  2254 10940 I CAR.DRIVINGMODE: Driving Mode ActivityTransition conditions not met. Skip registration.
06-19 09:35:32.202  2254 10940 I ChromeSync: [Sync,SyncIntentOperation] Handling the intent: Intent { act=com.google.gservices.intent.action.GSERVICES_CHANGED flg=0x1000010 cmp=com.google.android.gms/.chimera.GmsIntentOperationService$PersistentInternalReceiver }.
06-19 09:35:32.209  1153  7144 I RecoverableKeyStoreMgr: The cert file serial number is the same, so skip updating.
06-19 09:35:32.209  2254 11061 I RecoverableKeyStoreGms: [EnrollmentManager] Recovery service is initialized.
06-19 09:35:32.210  1153  2680 I RecoverySnapshotLstnrs: Registered listener for agent with uid 10020
06-19 09:35:32.215  1998  1998 I GCoreUlr: Unbound from all signal providers.
06-19 09:35:32.215  1998 10781 I GCoreUlr: Successfully accounts update
06-19 09:35:32.215  1998  1998 I GCoreUlr: Stopping handler for UlrDispSvcFast
06-19 09:35:32.216  1998 10478 I GCoreUlr: DispatchingService ignoring Intent { act=android.net.wifi.WIFI_STATE_CHANGED flg=0x4000010 (has extras) } because ULR inactive
06-19 09:35:32.231  2254 11062 W DynamiteModule: Local module descriptor class for providerinstaller not found.
06-19 09:35:32.231  2254 11062 I DynamiteModule: Considering local module providerinstaller:0 and remote module providerinstaller:0
06-19 09:35:32.231  2254 11062 W ProviderInstaller: Failed to load providerinstaller module: No acceptable module found. Local version is 0 and remote version is 0.
06-19 09:35:32.234  1998  1998 I GeofencerStateMachine: sendQueryLocationOptIn
06-19 09:35:32.251  1998  1998 I chatty  : uid=10020 com.google.android.gms.persistent identical 3 lines
06-19 09:35:32.259  1998  1998 I GeofencerStateMachine: sendQueryLocationOptIn
06-19 09:35:32.261  2254 11062 W DynamiteModule: Local module descriptor class for providerinstaller not found.
06-19 09:35:32.261  2254 11062 I DynamiteModule: Considering local module providerinstaller:0 and remote module providerinstaller:0
06-19 09:35:32.261  2254 11062 W ProviderInstaller: Failed to load providerinstaller module: No acceptable module found. Local version is 0 and remote version is 0.
06-19 09:35:32.265  2254 11061 I MobileDataHub: Scheduling periodic tasks
06-19 09:35:32.273  1998  1998 I GeofencerStateMachine: sendQueryLocationOptIn
06-19 09:35:32.275  2254 11062 W DynamiteModule: Local module descriptor class for providerinstaller not found.
06-19 09:35:32.275  2254 11062 I DynamiteModule: Considering local module providerinstaller:0 and remote module providerinstaller:0
06-19 09:35:32.275  2254 11062 W ProviderInstaller: Failed to load providerinstaller module: No acceptable module found. Local version is 0 and remote version is 0.
06-19 09:35:32.278  2254 10940 I MS_Utils: version of com.google.android.apps.maps = 1018201244
06-19 09:35:32.278  1998  1998 I GeofencerStateMachine: sendQueryLocationOptIn
06-19 09:35:32.292  1998  2111 E LockboxBrokerService: Could not query UDC's getDeviceDataUploadOptInStatus; 15 null
06-19 09:35:32.300  2254 11062 W DynamiteModule: Local module descriptor class for providerinstaller not found.
06-19 09:35:32.300  2254 11062 I DynamiteModule: Considering local module providerinstaller:0 and remote module providerinstaller:0
06-19 09:35:32.300  2254 11062 W ProviderInstaller: Failed to load providerinstaller module: No acceptable module found. Local version is 0 and remote version is 0.
06-19 09:35:32.309  2254 11062 W DynamiteModule: Local module descriptor class for providerinstaller not found.
06-19 09:35:32.309  2254 11062 I DynamiteModule: Considering local module providerinstaller:0 and remote module providerinstaller:0
06-19 09:35:32.309  2254 11062 W ProviderInstaller: Failed to load providerinstaller module: No acceptable module found. Local version is 0 and remote version is 0.
06-19 09:35:32.310  1153  7285 I ActivityManager: Killing 10234:com.google.android.calendar/u0a101 (adj 906): empty #17
06-19 09:35:32.310  1153  1226 W libprocessgroup: kill(-10234, 9) failed: No such process
06-19 09:35:32.322  1153  1225 I ActivityManager: Start proc 11078:com.google.intelligence.sense/u0a25 for broadcast com.google.intelligence.sense/.phenotype.SystemBroadcastReceiver
06-19 09:35:32.339  2254 11065 I SystemUpdate: [Installation,ReceiverIntentOperation] Received intent: Intent { act=com.google.gservices.intent.action.GSERVICES_CHANGED flg=0x1000010 cmp=com.google.android.gms/.chimera.GmsIntentOperationService$PersistentInternalReceiver }.
06-19 09:35:32.347 11078 11078 E elligence.sens: Not starting debugger since process cannot load the jdwp agent.
06-19 09:35:32.353  1153  1226 W libprocessgroup: kill(-10234, 9) failed: No such process
06-19 09:35:32.359  2254 11084 I SystemUpdate: [Execution,InstallationEventIntentOperation] Handling event of type 2.
06-19 09:35:32.363  2254 11061 I OcrModelUpStIntentOp: Updating ocr activity enabled=false (phenotypeFlag=false, lowRamDevice=false, prereqCheck=true)
06-19 09:35:32.366  2254 10940 I SystemUpdate: [Execution,InstallationIntentOperation] Received intent: Intent { act=com.google.android.gms.update.INSTALL_UPDATE cat=[targeted_intent_op_prefix:.update.execution.InstallationIntentOperation] cmp=com.google.android.gms/.chimera.GmsIntentOperationService }.
06-19 09:35:32.367  2254 10940 I SystemUpdate: [Execution,ExecutionManager] Action finished-execution executed for 0.00 seconds.
06-19 09:35:32.372  2254 11062 W DynamiteModule: Local module descriptor class for providerinstaller not found.
06-19 09:35:32.372  2254 11062 I DynamiteModule: Considering local module providerinstaller:0 and remote module providerinstaller:0
06-19 09:35:32.372  2254 11062 W ProviderInstaller: Failed to load providerinstaller module: No acceptable module found. Local version is 0 and remote version is 0.
06-19 09:35:32.384  2254 11062 W DynamiteModule: Local module descriptor class for providerinstaller not found.
06-19 09:35:32.384  2254 11062 I DynamiteModule: Considering local module providerinstaller:0 and remote module providerinstaller:0
06-19 09:35:32.384  2254 11062 W ProviderInstaller: Failed to load providerinstaller module: No acceptable module found. Local version is 0 and remote version is 0.
06-19 09:35:32.393  1153  1226 W libprocessgroup: kill(-10234, 9) failed: No such process
06-19 09:35:32.399  2254 11062 W DynamiteModule: Local module descriptor class for providerinstaller not found.
06-19 09:35:32.399  2254 11062 I DynamiteModule: Considering local module providerinstaller:0 and remote module providerinstaller:0
06-19 09:35:32.399  2254 11062 W ProviderInstaller: Failed to load providerinstaller module: No acceptable module found. Local version is 0 and remote version is 0.
06-19 09:35:32.403  1153  1226 W libprocessgroup: kill(-10234, 9) failed: No such process
