06-18 15:26:18.794  1153  1227 I chatty  : uid=1000(system) batterystats-wo expire 1 line
06-18 15:27:10.869  1153  1403 I chatty  : uid=1000(system) Binder:1153_3 expire 6 lines
06-18 15:27:32.025  1153  3877 I chatty  : uid=1000(system) Binder:1153_12 expire 3 lines
06-18 15:28:07.547  1153  1166 I chatty  : uid=1000(system) Binder:1153_1 expire 3 lines
06-18 15:28:13.562  1153  4936 I chatty  : uid=1000(system) Binder:1153_15 expire 2 lines
06-18 15:28:46.961  1153  1799 I chatty  : uid=1000(system) Binder:1153_6 expire 11 lines
06-18 15:28:47.150  1153  7285 I chatty  : uid=1000(system) Binder:1153_1F expire 2 lines
06-18 15:28:59.680  9010  9078 E ActivityThread: Failed to find provider info for com.google.vr.apps.ornament.app.lens.StickersAvailabilityProvider
06-18 15:29:05.889  1153  2680 I chatty  : uid=1000(system) Binder:1153_C expire 6 lines
06-18 15:29:18.466  1153  1799 I chatty  : uid=1000(system) Binder:1153_6 expire 11 lines
06-18 15:29:18.773  1153  2837 I chatty  : uid=1000(system) Binder:1153_E expire 6 lines
06-18 15:29:19.158  1153  5858 I chatty  : uid=1000(system) Binder:1153_19 expire 1 line
06-18 15:29:23.630  1153  1153 I chatty  : uid=1000 system_server expire 2 lines
06-18 15:29:33.966  1153  6096 I chatty  : uid=1000(system) Binder:1153_1A expire 11 lines
06-18 15:29:41.726  1153  5367 I chatty  : uid=1000(system) Binder:1153_16 expire 5 lines
06-18 15:31:09.190  1153  1527 I chatty  : uid=1000(system) Binder:1153_5 expire 20 lines
06-18 15:32:35.524  1153  6748 I chatty  : uid=1000(system) Binder:1153_1D expire 3 lines
06-18 15:34:43.469  1153  1885 I chatty  : uid=1000(system) Binder:1153_7 expire 3 lines
06-18 15:35:38.043  1153  1167 I chatty  : uid=1000(system) Binder:1153_2 expire 16 lines
06-18 15:35:38.098  1153  1233 I chatty  : uid=1000(system) android.display expire 13 lines
06-18 15:35:38.190  1153  7144 I chatty  : uid=1000(system) Binder:1153_1E expire 2 lines
06-18 15:35:38.239  1153  7853 I chatty  : uid=1000(system) Binder:1153_20 expire 6 lines
06-18 15:35:38.331  1153  1225 I chatty  : uid=1000(system) ActivityManager expire 12 lines
06-18 15:35:38.585  1153  6748 I chatty  : uid=1000(system) Binder:1153_1D expire 9 lines
06-18 15:37:05.446  1153  3785 I chatty  : uid=1000(system) Binder:1153_10 expire 28 lines
06-18 15:37:05.507  1153  1505 I chatty  : uid=1000(system) Binder:1153_4 expire 14 lines
06-18 15:37:05.609  1153  5484 I chatty  : uid=1000(system) Binder:1153_17 expire 6 lines
06-18 15:37:35.775  1153  1222 I chatty  : uid=1000(system) android.bg expire 1 line
06-18 15:39:15.056  1153  4936 I chatty  : uid=1000(system) Binder:1153_15 expire 1 line
06-18 15:40:08.582  1153  4066 I chatty  : uid=1000(system) Binder:1153_14 expire 3 lines
06-18 15:40:23.564  1153  1223 I chatty  : uid=1000(system) ActivityManager expire 9 lines
06-18 15:41:37.535  1153  6416 I chatty  : uid=1000(system) Binder:1153_1C expire 16 lines
06-18 15:41:37.586  1153  5367 I chatty  : uid=1000(system) Binder:1153_16 expire 2 lines
06-18 15:41:37.687  1153  1403 I chatty  : uid=1000(system) Binder:1153_3 expire 1 line
06-18 15:41:37.730  1153  1166 I chatty  : uid=1000(system) Binder:1153_1 expire 7 lines
06-18 15:41:38.087  1153  2209 I chatty  : uid=1000(system) Binder:1153_9 expire 2 lines
06-18 15:42:15.206  1153  2681 I chatty  : uid=1000(system) Binder:1153_D expire 1 line
06-18 15:42:24.520  1153  3915 I chatty  : uid=1000(system) Binder:1153_13 expire 13 lines
06-18 15:42:33.813  1153  2156 I chatty  : uid=1000(system) Binder:1153_8 expire 9 lines
06-18 15:42:33.826  1153  1227 I chatty  : uid=1000(system) batterystats-wo expire 3 lines
06-18 15:42:33.839  1153  1389 I chatty  : uid=1000(system) ConnectivitySer expire 2 lines
06-18 15:42:33.839  1153  1527 I chatty  : uid=1000(system) Binder:1153_5 expire 4 lines
06-18 15:42:33.840  1153  2674 I chatty  : uid=1000(system) Binder:1153_B expire 11 lines
06-18 15:43:09.281  1153  6305 I chatty  : uid=1000(system) Binder:1153_1B expire 12 lines
06-18 15:43:09.428  1153  2680 I chatty  : uid=1000(system) Binder:1153_C expire 5 lines
06-18 15:44:06.519  1153  3877 I chatty  : uid=1000(system) Binder:1153_12 expire 26 lines
06-18 15:44:51.193  1153  2837 I chatty  : uid=1000(system) Binder:1153_E expire 3 lines
06-18 15:47:14.014  1153  5727 I chatty  : uid=1000(system) Binder:1153_18 expire 11 lines
06-18 15:48:19.734  1153  1799 I chatty  : uid=1000(system) Binder:1153_6 expire 4 lines
06-18 15:50:53.709  1153  6096 I chatty  : uid=1000(system) Binder:1153_1A expire 2 lines
06-18 15:52:21.939  1153  1527 I chatty  : uid=1000(system) Binder:1153_5 expire 19 lines
06-18 15:52:22.000  1153  1233 I chatty  : uid=1000(system) android.display expire 14 lines
06-18 15:52:22.088  1153  6416 I chatty  : uid=1000(system) Binder:1153_1C expire 4 lines
06-18 15:52:22.143  1153  5727 I chatty  : uid=1000(system) Binder:1153_18 expire 15 lines
06-18 15:52:22.235  1153  1225 I chatty  : uid=1000(system) ActivityManager expire 19 lines
06-18 15:52:22.487  1153  7144 I chatty  : uid=1000(system) Binder:1153_1E expire 3 lines
06-18 15:52:28.081  1153  4066 I chatty  : uid=1000(system) Binder:1153_14 expire 5 lines
06-18 15:52:51.717  1153  1799 I chatty  : uid=1000(system) Binder:1153_6 expire 11 lines
06-18 15:53:00.002  1153  1153 I chatty  : uid=1000 system_server expire 1 line
06-18 15:53:09.919  1153  6305 I chatty  : uid=1000(system) Binder:1153_1B expire 1 line
06-18 15:53:56.753  1153  7853 I chatty  : uid=1000(system) Binder:1153_20 expire 5 lines
06-18 15:54:44.720  1153  6748 I chatty  : uid=1000(system) Binder:1153_1D expire 19 lines
06-18 15:55:21.528  1153  3785 I chatty  : uid=1000(system) Binder:1153_10 expire 12 lines
06-18 15:55:21.570  1153  2674 I chatty  : uid=1000(system) Binder:1153_B expire 29 lines
06-18 15:55:21.659  1153  2271 I chatty  : uid=1000(system) Binder:1153_A expire 2 lines
06-18 15:55:21.727  1153  3768 I chatty  : uid=1000(system) Binder:1153_F expire 7 lines
06-18 15:56:04.876  1153  2837 I chatty  : uid=1000(system) Binder:1153_E expire 10 lines
06-18 15:56:04.943  1153  5484 I chatty  : uid=1000(system) Binder:1153_17 expire 3 lines
06-18 15:56:11.031  1153  5858 I chatty  : uid=1000(system) Binder:1153_19 expire 2 lines
06-18 15:56:18.772  1153  1227 I chatty  : uid=1000(system) batterystats-wo expire 2 lines
06-18 15:56:30.359  1526  1526 I PowerUI : Type=0,avg=35.454792,min=35.104,max=36.302002
06-18 15:56:31.927  1153  3915 I chatty  : uid=1000(system) Binder:1153_13 expire 4 lines
06-18 15:56:57.947  1153  1403 I chatty  : uid=1000(system) Binder:1153_3 expire 23 lines
06-18 15:58:01.276  1153  1222 I chatty  : uid=1000(system) android.bg expire 1 line
06-18 15:59:18.786  1153  1223 I chatty  : uid=1000(system) ActivityManager expire 2 lines
06-18 15:59:24.021  1153  1505 I chatty  : uid=1000(system) Binder:1153_4 expire 12 lines
06-18 15:59:26.994  1153  1167 I chatty  : uid=1000(system) Binder:1153_2 expire 6 lines
06-18 15:59:53.947  1153  7285 I chatty  : uid=1000(system) Binder:1153_1F expire 3 lines
06-18 16:01:00.212  1153  3785 I chatty  : uid=1000(system) Binder:1153_10 expire 1 line
06-18 16:01:00.313  1153  1166 I chatty  : uid=1000(system) Binder:1153_1 expire 5 lines
06-18 16:02:37.987  1153  4936 I chatty  : uid=1000(system) Binder:1153_15 expire 15 lines
06-18 16:03:59.809  1153  5727 I chatty  : uid=1000(system) Binder:1153_18 expire 28 lines
06-18 16:03:59.841  1153  1233 I chatty  : uid=1000(system) android.display expire 3 lines
06-18 16:03:59.944  1153  1167 I chatty  : uid=1000(system) Binder:1153_2 expire 4 lines
06-18 16:04:00.095  1153  1225 I chatty  : uid=1000(system) ActivityManager expire 17 lines
06-18 16:04:00.340  1153  7285 I chatty  : uid=1000(system) Binder:1153_1F expire 1 line
06-18 16:04:05.959  1153  5858 I chatty  : uid=1000(system) Binder:1153_19 expire 2 lines
06-18 16:04:34.318  1153  3768 I chatty  : uid=1000(system) Binder:1153_F expire 1 line
06-18 16:05:24.344  1153  5484 I chatty  : uid=1000(system) Binder:1153_17 expire 3 lines
06-18 16:05:24.724  1153  1799 I chatty  : uid=1000(system) Binder:1153_6 expire 1 line
06-18 16:05:25.171  1153  1153 I chatty  : uid=1000 system_server expire 5 lines
06-18 16:05:25.209  1153  2109 I chatty  : uid=1000(system) backup expire 164 lines
06-18 16:05:25.213  1153  2271 I chatty  : uid=1000(system) Binder:1153_A expire 11 lines
06-18 16:05:32.502  1153  1885 I chatty  : uid=1000(system) Binder:1153_7 expire 8 lines
06-18 16:05:41.382  1153  3785 I chatty  : uid=1000(system) Binder:1153_10 expire 2 lines
06-18 16:05:42.810  1153  1389 I chatty  : uid=1000(system) ConnectivitySer expire 1 line
06-18 16:05:44.181  1153  6305 I chatty  : uid=1000(system) Binder:1153_1B expire 2 lines
06-18 16:05:44.454  1153  2837 I chatty  : uid=1000(system) Binder:1153_E expire 1 line
06-18 16:05:45.833  1153  2109 I chatty  : uid=1000(system) backup expire 76 lines
06-18 16:05:45.841  1153  4936 I chatty  : uid=1000(system) Binder:1153_15 expire 7 lines
06-18 16:05:47.091  1153  6416 I chatty  : uid=1000(system) Binder:1153_1C expire 35 lines
06-18 16:05:48.265  1153  1225 I chatty  : uid=1000(system) ActivityManager expire 17 lines
06-18 16:05:48.389 18352 18352 D ActivityThread: Loading provider com.google.android.gm.sapi: com.google.android.gm.sapi.SapiUiProvider
06-18 16:05:48.650  1153  4066 I chatty  : uid=1000(system) Binder:1153_14 expire 3 lines
06-18 16:05:50.445  1153  6305 I chatty  : uid=1000(system) Binder:1153_1B expire 5 lines
06-18 16:05:50.624  1153  1233 I chatty  : uid=1000(system) android.display expire 8 lines
06-18 16:05:51.862  1153  3768 I chatty  : uid=1000(system) Binder:1153_F expire 7 lines
06-18 16:05:53.296  1153  2156 I chatty  : uid=1000(system) Binder:1153_8 expire 1 line
06-18 16:05:54.438  1153  7144 I chatty  : uid=1000(system) Binder:1153_1E expire 9 lines
06-18 16:05:56.243  1153  2271 I chatty  : uid=1000(system) Binder:1153_A expire 5 lines
06-18 16:05:58.172  1153  2681 I chatty  : uid=1000(system) Binder:1153_D expire 4 lines
06-18 16:06:01.010  1153  7853 I chatty  : uid=1000(system) Binder:1153_20 expire 2 lines
06-18 16:06:01.087  1153  1223 I chatty  : uid=1000(system) ActivityManager expire 2 lines
06-18 16:06:18.934  1153  1222 I chatty  : uid=1000(system) android.bg expire 2 lines
06-18 16:06:30.313  1153  5858 I chatty  : uid=1000(system) Binder:1153_19 expire 1 line
06-18 16:06:31.684 18821 18907 E ActivityThread: Failed to find provider info for com.facebook.katana.provider.AttributionIdProvider
06-18 16:06:51.676  1153  5484 I chatty  : uid=1000(system) Binder:1153_17 expire 12 lines
06-18 16:06:51.913  1153  5727 I chatty  : uid=1000(system) Binder:1153_18 expire 16 lines
06-18 16:06:57.830  1153  1799 I chatty  : uid=1000(system) Binder:1153_6 expire 7 lines
06-18 16:07:30.346  1153  1369 I chatty  : uid=1000(system) InputDispatcher expire 1 line
06-18 16:08:15.412  1153  1167 I chatty  : uid=1000(system) Binder:1153_2 expire 3 lines
06-18 16:08:20.619  1153  3877 I chatty  : uid=1000(system) Binder:1153_12 expire 1 line
06-18 16:08:23.556  1153  1527 I chatty  : uid=1000(system) Binder:1153_5 expire 11 lines
06-18 16:08:31.532  1153  7285 I chatty  : uid=1000(system) Binder:1153_1F expire 1 line
06-18 16:08:31.946  1153  1505 I chatty  : uid=1000(system) Binder:1153_4 expire 16 lines
06-18 16:08:40.632  1153  2674 I chatty  : uid=1000(system) Binder:1153_B expire 28 lines
06-18 16:09:14.889  1153  4936 I chatty  : uid=1000(system) Binder:1153_15 expire 19 lines
06-18 16:09:14.929  1153  1233 I chatty  : uid=1000(system) android.display expire 13 lines
06-18 16:09:15.021  1153  1885 I chatty  : uid=1000(system) Binder:1153_7 expire 9 lines
06-18 16:09:15.024  1153  4066 I chatty  : uid=1000(system) Binder:1153_14 expire 34 lines
06-18 16:09:15.174  1153  1225 I chatty  : uid=1000(system) ActivityManager expire 14 lines
06-18 16:09:15.418  1153  6096 I chatty  : uid=1000(system) Binder:1153_1A expire 4 lines
06-18 16:09:20.652  1153  1505 I chatty  : uid=1000(system) Binder:1153_4 expire 4 lines
06-18 16:09:33.290  1153  1166 I chatty  : uid=1000(system) Binder:1153_1 expire 6 lines
06-18 16:09:33.620  1153  7285 I chatty  : uid=1000(system) Binder:1153_1F expire 3 lines
06-18 16:09:41.222  1153  3877 I chatty  : uid=1000(system) Binder:1153_12 expire 1 line
06-18 16:09:41.246  1153  2680 I chatty  : uid=1000(system) Binder:1153_C expire 47 lines
06-18 16:09:41.622  1153  1167 I chatty  : uid=1000(system) Binder:1153_2 expire 3 lines
06-18 16:10:04.307  1153  6748 I chatty  : uid=1000(system) Binder:1153_1D expire 3 lines
06-18 16:10:08.280  1153  3915 I chatty  : uid=1000(system) Binder:1153_13 expire 1 line
06-18 16:10:15.601  1153  2271 I chatty  : uid=1000(system) Binder:1153_A expire 1 line
06-18 16:10:15.615  1153  2156 I chatty  : uid=1000(system) Binder:1153_8 expire 2 lines
06-18 16:10:21.617  1153  7853 I chatty  : uid=1000(system) Binder:1153_20 expire 4 lines
06-18 16:10:23.979  1153  3843 I chatty  : uid=1000(system) Binder:1153_11 expire 3 lines
06-18 16:10:42.122  1153  2681 I chatty  : uid=1000(system) Binder:1153_D expire 1 line
06-18 16:10:42.181  1153  5727 I chatty  : uid=1000(system) Binder:1153_18 expire 17 lines
06-18 16:10:48.137  1153  6305 I chatty  : uid=1000(system) Binder:1153_1B expire 2 lines
06-18 16:10:49.880  1153  3768 I chatty  : uid=1000(system) Binder:1153_F expire 4 lines
06-18 16:11:16.717  1153  5484 I chatty  : uid=1000(system) Binder:1153_17 expire 13 lines
06-18 16:11:24.987  1153  2837 I chatty  : uid=1000(system) Binder:1153_E expire 1 line
06-18 16:11:51.453  1153  1403 I chatty  : uid=1000(system) Binder:1153_3 expire 17 lines
06-18 16:11:51.509  1153  1233 I chatty  : uid=1000(system) android.display expire 14 lines
06-18 16:11:51.583  1153  3768 I chatty  : uid=1000(system) Binder:1153_F expire 1 line
06-18 16:11:51.650  1153  3877 I chatty  : uid=1000(system) Binder:1153_12 expire 3 lines
06-18 16:11:51.756  1153  1225 I chatty  : uid=1000(system) ActivityManager expire 13 lines
06-18 16:11:52.008  1153  2209 I chatty  : uid=1000(system) Binder:1153_9 expire 1 line
06-18 16:11:57.625  1153  2674 I chatty  : uid=1000(system) Binder:1153_B expire 17 lines
06-18 16:11:59.600  1153  1505 I chatty  : uid=1000(system) Binder:1153_4 expire 10 lines
06-18 16:11:59.613  1153  2837 I chatty  : uid=1000(system) Binder:1153_E expire 4 lines
06-18 16:12:08.275  1153  1527 I chatty  : uid=1000(system) Binder:1153_5 expire 11 lines
06-18 16:12:08.420  1153  2271 I chatty  : uid=1000(system) Binder:1153_A expire 4 lines
06-18 16:12:08.804  1153  2681 I chatty  : uid=1000(system) Binder:1153_D expire 1 line
06-18 16:12:26.331  1153  1885 I chatty  : uid=1000(system) Binder:1153_7 expire 25 lines
06-18 16:12:26.528  1153  4066 I chatty  : uid=1000(system) Binder:1153_14 expire 15 lines
06-18 16:12:43.534  1153  6416 I chatty  : uid=1000(system) Binder:1153_1C expire 32 lines
06-18 16:12:43.940  1153  5727 I chatty  : uid=1000(system) Binder:1153_18 expire 2 lines
06-18 16:13:10.156  1153  3785 I chatty  : uid=1000(system) Binder:1153_10 expire 13 lines
06-18 16:13:17.891  1153  5858 I chatty  : uid=1000(system) Binder:1153_19 expire 4 lines
06-18 16:13:18.288  1153  7853 I chatty  : uid=1000(system) Binder:1153_20 expire 23 lines
06-18 16:13:26.827  1153  3915 I chatty  : uid=1000(system) Binder:1153_13 expire 28 lines
06-18 16:13:52.670  1153  2156 I chatty  : uid=1000(system) Binder:1153_8 expire 13 lines
06-18 16:14:00.819  1153  6416 I chatty  : uid=1000(system) Binder:1153_1C expire 4 lines
06-18 16:14:00.961  1153  1225 I chatty  : uid=1000(system) ActivityManager expire 13 lines
06-18 16:14:01.211  1153  3785 I chatty  : uid=1000(system) Binder:1153_10 expire 4 lines
06-18 16:14:06.822  1153  3843 I chatty  : uid=1000(system) Binder:1153_11 expire 16 lines
06-18 16:14:08.686  1153  1527 I chatty  : uid=1000(system) Binder:1153_5 expire 15 lines
06-18 16:14:08.732  1153  1233 I chatty  : uid=1000(system) android.display expire 12 lines
06-18 16:14:08.823  1153  2681 I chatty  : uid=1000(system) Binder:1153_D expire 1 line
06-18 16:14:08.838  1153  1885 I chatty  : uid=1000(system) Binder:1153_7 expire 17 lines
06-18 16:14:09.229  1153  5367 I chatty  : uid=1000(system) Binder:1153_16 expire 3 lines
06-18 16:14:17.297  1153  3768 I chatty  : uid=1000(system) Binder:1153_F expire 14 lines
06-18 16:14:17.676  1153  6096 I chatty  : uid=1000(system) Binder:1153_1A expire 11 lines
06-18 16:14:25.454  1153  7144 I chatty  : uid=1000(system) Binder:1153_1E expire 4 lines
06-18 16:14:33.477  1153  1167 I chatty  : uid=1000(system) Binder:1153_2 expire 24 lines
06-18 16:14:33.624  1153  5727 I chatty  : uid=1000(system) Binder:1153_18 expire 12 lines
06-18 16:14:33.664  1153  1799 I chatty  : uid=1000(system) Binder:1153_6 expire 4 lines
06-18 16:14:34.038  1153  7853 I chatty  : uid=1000(system) Binder:1153_20 expire 1 line
06-18 16:14:38.918  1153  1505 I chatty  : uid=1000(system) Binder:1153_4 expire 2 lines
06-18 16:14:48.559  1153  2837 I chatty  : uid=1000(system) Binder:1153_E expire 12 lines
06-18 16:14:56.722  1153  1166 I chatty  : uid=1000(system) Binder:1153_1 expire 6 lines
06-18 16:14:56.740  1153  3877 I chatty  : uid=1000(system) Binder:1153_12 expire 3 lines
06-18 16:15:04.740  1153  4936 I chatty  : uid=1000(system) Binder:1153_15 expire 35 lines
06-18 16:15:20.972  1153  2680 I chatty  : uid=1000(system) Binder:1153_C expire 2 lines
06-18 16:15:37.188  1153  2271 I chatty  : uid=1000(system) Binder:1153_A expire 9 lines
06-18 16:15:37.559  1153  5484 I chatty  : uid=1000(system) Binder:1153_17 expire 1 line
06-18 16:15:43.152  1153  6305 I chatty  : uid=1000(system) Binder:1153_1B expire 2 lines
06-18 16:15:45.194  1153  2271 I ActivityManager:   Force stopping service ServiceRecord{953593e u0 com.mitel.teamwork/.service.CloudLinkWebSocketService}
06-18 16:15:45.194  1153  2271 I ActivityManager:   Force stopping service ServiceRecord{19e4abb u0 com.mitel.teamwork/.service.WebSocketService}
06-18 16:15:45.227  1153  1233 W ActivityManager: setHasOverlayUi called on unknown pid: 24655
06-18 16:15:45.320  1153  4936 I SoundTriggerHelper: startRecognition successful.
06-18 16:15:45.338  1153  2156 D BluetoothManagerService: Registered for death of com.google.android.gms
06-18 16:15:45.338  1153  2156 D BluetoothManagerService: 1 registered Ble Apps
06-18 16:15:45.445  1153  2271 I ActivityManager: START u0 {act=android.intent.action.MAIN cat=[android.intent.category.LAUNCHER] flg=0x10200000 cmp=com.mitel.teamwork/.ui.activity.LoginActivity} from uid 2000
06-18 16:15:45.467  1153  1225 I ActivityManager: Start proc 24764:com.mitel.teamwork/u0a167 for activity com.mitel.teamwork/.ui.activity.LoginActivity
06-18 16:15:45.717  1153  1799 I ActivityManager: START u0 {flg=0x4000000 cmp=com.mitel.teamwork/.ui.activity.WorkspaceActivity} from uid 10167
06-18 16:15:51.308  1153  2156 D BluetoothManagerService: Unregistered for death of com.google.android.gms
06-18 16:15:51.309  1153  2156 D BluetoothManagerService: 0 registered Ble Apps
06-18 16:15:53.318  1153  2271 I ActivityManager: Force stopping com.mitel.teamwork appid=10167 user=0: from pid 24871
06-18 16:15:53.319  1153  2271 I ActivityManager: Killing 24764:com.mitel.teamwork/u0a167 (adj 0): stop com.mitel.teamwork
06-18 16:15:53.320  1153  2271 W ActivityManager: Scheduling restart of crashed service com.mitel.teamwork/org.eclipse.paho.android.service.MqttService in 1000ms
06-18 16:15:53.320  1153  2271 W ActivityManager: Scheduling restart of crashed service com.mitel.teamwork/.service.WebSocketService in 14892ms
06-18 16:15:53.320  1153  2271 W ActivityManager: Scheduling restart of crashed service com.mitel.teamwork/.service.CloudLinkWebSocketService in 24892ms
06-18 16:15:53.321  1153  2271 W ActivityManager: Force removing ActivityRecord{409f7c5 u0 com.mitel.teamwork/.ui.activity.WorkspaceActivity t7657}: app died, no saved state
06-18 16:15:53.335  1153  2271 I ActivityManager:   Force stopping service ServiceRecord{8ddecd2 u0 com.mitel.teamwork/org.eclipse.paho.android.service.MqttService}
06-18 16:15:53.335  1153  2271 I ActivityManager:   Force stopping service ServiceRecord{14c5a7d u0 com.mitel.teamwork/.service.CloudLinkWebSocketService}
06-18 16:15:53.335  1153  2271 I ActivityManager:   Force stopping service ServiceRecord{49cca3b u0 com.mitel.teamwork/.service.WebSocketService}
06-18 16:15:53.362  1153  1233 W ActivityManager: setHasOverlayUi called on unknown pid: 24764
06-18 16:15:53.454  1153  1505 I SoundTriggerHelper: startRecognition successful.
06-18 16:15:53.486  1153  1505 D BluetoothManagerService: Registered for death of com.google.android.gms
06-18 16:15:53.486  1153  1505 D BluetoothManagerService: 1 registered Ble Apps
06-18 16:15:53.586  1153  2271 I ActivityManager: START u0 {act=android.intent.action.MAIN cat=[android.intent.category.LAUNCHER] flg=0x10200000 cmp=com.mitel.teamwork/.ui.activity.LoginActivity} from uid 2000
06-18 16:15:53.608  1153  1225 I ActivityManager: Start proc 24873:com.mitel.teamwork/u0a167 for activity com.mitel.teamwork/.ui.activity.LoginActivity
06-18 16:15:53.857  1153  1166 I ActivityManager: START u0 {flg=0x4000000 cmp=com.mitel.teamwork/.ui.activity.WorkspaceActivity} from uid 10167
06-18 16:15:59.444  1153  1403 D BluetoothManagerService: Unregistered for death of com.google.android.gms
06-18 16:15:59.444  1153  1403 D BluetoothManagerService: 0 registered Ble Apps
06-18 16:15:59.949  1153  1166 I ActivityManager: Force stopping com.mitel.teamwork appid=10167 user=0: from pid 24976
06-18 16:15:59.949  1153  1166 I ActivityManager: Killing 24873:com.mitel.teamwork/u0a167 (adj 0): stop com.mitel.teamwork
06-18 16:15:59.951  1153  1166 W ActivityManager: Scheduling restart of crashed service com.mitel.teamwork/org.eclipse.paho.android.service.MqttService in 1000ms
06-18 16:15:59.951  1153  1166 W ActivityManager: Scheduling restart of crashed service com.mitel.teamwork/.service.WebSocketService in 11880ms
06-18 16:15:59.951  1153  1166 W ActivityManager: Scheduling restart of crashed service com.mitel.teamwork/.service.CloudLinkWebSocketService in 21880ms
06-18 16:15:59.951  1153  1166 W ActivityManager: Force removing ActivityRecord{a91efaf u0 com.mitel.teamwork/.ui.activity.WorkspaceActivity t7658}: app died, no saved state
06-18 16:15:59.963  1153  1166 I ActivityManager:   Force stopping service ServiceRecord{c8517ab u0 com.mitel.teamwork/org.eclipse.paho.android.service.MqttService}
06-18 16:15:59.963  1153  1166 I ActivityManager:   Force stopping service ServiceRecord{4ca25a7 u0 com.mitel.teamwork/.service.CloudLinkWebSocketService}
06-18 16:15:59.963  1153  1166 I ActivityManager:   Force stopping service ServiceRecord{77387c0 u0 com.mitel.teamwork/.service.WebSocketService}
06-18 16:15:59.989  1153  1233 W ActivityManager: setHasOverlayUi called on unknown pid: 24873
06-18 16:16:00.084  1153  6096 I SoundTriggerHelper: startRecognition successful.
06-18 16:16:00.123  1153  1167 D BluetoothManagerService: Registered for death of com.google.android.gms
06-18 16:16:00.123  1153  1167 D BluetoothManagerService: 1 registered Ble Apps
06-18 16:16:00.214  1153  1166 I ActivityManager: START u0 {act=android.intent.action.MAIN cat=[android.intent.category.LAUNCHER] flg=0x10200000 cmp=com.mitel.teamwork/.ui.activity.LoginActivity} from uid 2000
06-18 16:16:00.233  1153  1225 I ActivityManager: Start proc 24981:com.mitel.teamwork/u0a167 for activity com.mitel.teamwork/.ui.activity.LoginActivity
06-18 16:16:00.485  1153  6416 I ActivityManager: START u0 {flg=0x4000000 cmp=com.mitel.teamwork/.ui.activity.WorkspaceActivity} from uid 10167
06-18 16:16:06.076  1153  6416 D BluetoothManagerService: Unregistered for death of com.google.android.gms
06-18 16:16:06.076  1153  6416 D BluetoothManagerService: 0 registered Ble Apps
06-18 16:16:08.007  1153  1166 I ActivityManager: Force stopping com.mitel.teamwork appid=10167 user=0: from pid 25089
06-18 16:16:08.007  1153  1166 I ActivityManager: Killing 24981:com.mitel.teamwork/u0a167 (adj 0): stop com.mitel.teamwork
06-18 16:16:08.009  1153  1166 W ActivityManager: Scheduling restart of crashed service com.mitel.teamwork/.service.CloudLinkWebSocketService in 14912ms
06-18 16:16:08.009  1153  1166 W ActivityManager: Scheduling restart of crashed service com.mitel.teamwork/org.eclipse.paho.android.service.MqttService in 1000ms
06-18 16:16:08.009  1153  1166 W ActivityManager: Scheduling restart of crashed service com.mitel.teamwork/.service.WebSocketService in 24912ms
06-18 16:16:08.010  1153  1166 W ActivityManager: Force removing ActivityRecord{cbce2d1 u0 com.mitel.teamwork/.ui.activity.WorkspaceActivity t7659}: app died, no saved state
06-18 16:16:08.034  1153  1166 I ActivityManager:   Force stopping service ServiceRecord{40f24b3 u0 com.mitel.teamwork/org.eclipse.paho.android.service.MqttService}
06-18 16:16:08.034  1153  1166 I ActivityManager:   Force stopping service ServiceRecord{8781b09 u0 com.mitel.teamwork/.service.CloudLinkWebSocketService}
06-18 16:16:08.034  1153  1166 I ActivityManager:   Force stopping service ServiceRecord{1eb2241 u0 com.mitel.teamwork/.service.WebSocketService}
06-18 16:16:08.075  1153  1233 W ActivityManager: setHasOverlayUi called on unknown pid: 24981
06-18 16:16:08.166  1153  1167 I SoundTriggerHelper: startRecognition successful.
06-18 16:16:08.187  1153  2271 D BluetoothManagerService: Registered for death of com.google.android.gms
06-18 16:16:08.187  1153  2271 D BluetoothManagerService: 1 registered Ble Apps
06-18 16:16:08.300  1153  1166 I ActivityManager: START u0 {act=android.intent.action.MAIN cat=[android.intent.category.LAUNCHER] flg=0x10200000 cmp=com.mitel.teamwork/.ui.activity.LoginActivity} from uid 2000
06-18 16:16:08.322  1153  1225 I ActivityManager: Start proc 25092:com.mitel.teamwork/u0a167 for activity com.mitel.teamwork/.ui.activity.LoginActivity
06-18 16:16:08.554  1153  2681 W ActivityManager: Unable to start service Intent { act=com.google.firebase.MESSAGING_EVENT pkg=com.google.android.googlequicksearchbox } U=0: not found
06-18 16:16:08.571  1153  2156 I ActivityManager: START u0 {flg=0x4000000 cmp=com.mitel.teamwork/.ui.activity.WorkspaceActivity} from uid 10167
06-18 16:16:08.583  1153  1225 I ActivityManager: Start proc 25127:com.google.android.gms.learning/u0a20 for service com.google.android.gms/.learning.training.background.TrainingGcmTaskService
06-18 16:16:08.596  1153  1225 I ActivityManager: Start proc 25141:com.google.android.apps.wellbeing/u0a13 for service com.google.android.apps.wellbeing/com.firebase.jobdispatcher.GooglePlayReceiver
06-18 16:16:09.243  1153  1167 I ActivityManager: Killing 18248:com.google.android.deskclock/u0a88 (adj 906): empty #17
06-18 16:16:09.947  1153  1167 W ActivityManager: Unable to start service Intent { act=com.google.firebase.MESSAGING_EVENT pkg=com.google.android.googlequicksearchbox } U=0: not found
06-18 16:16:14.206  1153  5858 D BluetoothManagerService: Unregistered for death of com.google.android.gms
06-18 16:16:14.206  1153  5858 D BluetoothManagerService: 0 registered Ble Apps
06-18 16:16:16.981  1153  5727 I ActivityManager: Force stopping com.mitel.teamwork appid=10167 user=0: from pid 25274
06-18 16:16:16.982  1153  5727 I ActivityManager: Killing 25092:com.mitel.teamwork/u0a167 (adj 0): stop com.mitel.teamwork
06-18 16:16:16.984  1153  5727 W ActivityManager: Scheduling restart of crashed service com.mitel.teamwork/org.eclipse.paho.android.service.MqttService in 1000ms
06-18 16:16:16.984  1153  5727 W ActivityManager: Scheduling restart of crashed service com.mitel.teamwork/.service.CloudLinkWebSocketService in 16656ms
06-18 16:16:16.984  1153  5727 W ActivityManager: Scheduling restart of crashed service com.mitel.teamwork/.service.WebSocketService in 26656ms
06-18 16:16:16.984  1153  5727 W ActivityManager: Force removing ActivityRecord{cb1a324 u0 com.mitel.teamwork/.ui.activity.WorkspaceActivity t7660}: app died, no saved state
06-18 16:16:17.012  1153  5727 I ActivityManager:   Force stopping service ServiceRecord{913b6bd u0 com.mitel.teamwork/org.eclipse.paho.android.service.MqttService}
06-18 16:16:17.012  1153  5727 I ActivityManager:   Force stopping service ServiceRecord{66fbea8 u0 com.mitel.teamwork/.service.CloudLinkWebSocketService}
06-18 16:16:17.012  1153  5727 I ActivityManager:   Force stopping service ServiceRecord{1e5014a u0 com.mitel.teamwork/.service.WebSocketService}
06-18 16:16:17.043  1153  1233 W ActivityManager: setHasOverlayUi called on unknown pid: 25092
06-18 16:16:17.122  1153  3768 I SoundTriggerHelper: startRecognition successful.
06-18 16:16:17.160  1153  3768 D BluetoothManagerService: Registered for death of com.google.android.gms
06-18 16:16:17.160  1153  3768 D BluetoothManagerService: 1 registered Ble Apps
06-18 16:16:17.267  1153  5727 I ActivityManager: START u0 {act=android.intent.action.MAIN cat=[android.intent.category.LAUNCHER] flg=0x10200000 cmp=com.mitel.teamwork/.ui.activity.LoginActivity} from uid 2000
06-18 16:16:17.295  1153  1225 I ActivityManager: Start proc 25277:com.mitel.teamwork/u0a167 for activity com.mitel.teamwork/.ui.activity.LoginActivity
06-18 16:16:17.556  1153  6305 I ActivityManager: START u0 {flg=0x4000000 cmp=com.mitel.teamwork/.ui.activity.WorkspaceActivity} from uid 10167
06-18 16:16:22.419  1153  6305 D BluetoothManagerService: Unregistered for death of com.google.android.gms
06-18 16:16:22.419  1153  6305 D BluetoothManagerService: 0 registered Ble Apps
06-18 16:16:24.999  1153  2681 I ActivityManager: Force stopping com.mitel.teamwork appid=10167 user=0: from pid 25389
06-18 16:16:24.999  1153  2681 I ActivityManager: Killing 25277:com.mitel.teamwork/u0a167 (adj 0): stop com.mitel.teamwork
06-18 16:16:25.000  1153  2681 W ActivityManager: Scheduling restart of crashed service com.mitel.teamwork/.service.WebSocketService in 14576ms
06-18 16:16:25.001  1153  2681 W ActivityManager: Scheduling restart of crashed service com.mitel.teamwork/.service.CloudLinkWebSocketService in 24576ms
06-18 16:16:25.001  1153  2681 W ActivityManager: Scheduling restart of crashed service com.mitel.teamwork/org.eclipse.paho.android.service.MqttService in 1000ms
06-18 16:16:25.001  1153  2681 W ActivityManager: Force removing ActivityRecord{72c362b u0 com.mitel.teamwork/.ui.activity.WorkspaceActivity t7661}: app died, no saved state
06-18 16:16:25.012  1153  2681 I ActivityManager:   Force stopping service ServiceRecord{52b232 u0 com.mitel.teamwork/org.eclipse.paho.android.service.MqttService}
06-18 16:16:25.012  1153  2681 I ActivityManager:   Force stopping service ServiceRecord{51f3fa3 u0 com.mitel.teamwork/.service.CloudLinkWebSocketService}
06-18 16:16:25.012  1153  2681 I ActivityManager:   Force stopping service ServiceRecord{b4b001b u0 com.mitel.teamwork/.service.WebSocketService}
06-18 16:16:25.048  1153  1233 W ActivityManager: setHasOverlayUi called on unknown pid: 25277
06-18 16:16:25.147  1153  2837 I SoundTriggerHelper: startRecognition successful.
06-18 16:16:25.147  1153  2837 D BluetoothManagerService: Registered for death of com.google.android.gms
06-18 16:16:25.148  1153  2837 D BluetoothManagerService: 1 registered Ble Apps
06-18 16:16:25.264  1153  2681 I ActivityManager: START u0 {act=android.intent.action.MAIN cat=[android.intent.category.LAUNCHER] flg=0x10200000 cmp=com.mitel.teamwork/.ui.activity.LoginActivity} from uid 2000
06-18 16:16:25.287  1153  1225 I ActivityManager: Start proc 25391:com.mitel.teamwork/u0a167 for activity com.mitel.teamwork/.ui.activity.LoginActivity
06-18 16:16:25.538  1153  5727 I ActivityManager: START u0 {flg=0x4000000 cmp=com.mitel.teamwork/.ui.activity.WorkspaceActivity} from uid 10167
06-18 16:16:30.159  1153  2681 I ActivityManager: Killing 18302:com.google.android.apps.wallpaper/u0a58 (adj 906): empty #17
06-18 16:16:31.111  1153  2681 D BluetoothManagerService: Unregistered for death of com.google.android.gms
06-18 16:16:31.111  1153  2681 D BluetoothManagerService: 0 registered Ble Apps
06-18 16:16:33.632  1153  1885 I ActivityManager: Force stopping com.mitel.teamwork appid=10167 user=0: from pid 25501
06-18 16:16:33.632  1153  1885 I ActivityManager: Killing 25391:com.mitel.teamwork/u0a167 (adj 0): stop com.mitel.teamwork
06-18 16:16:33.635  1153  1885 W ActivityManager: Scheduling restart of crashed service com.mitel.teamwork/.service.WebSocketService in 15892ms
06-18 16:16:33.635  1153  1885 W ActivityManager: Scheduling restart of crashed service com.mitel.teamwork/.service.CloudLinkWebSocketService in 25892ms
06-18 16:16:33.635  1153  1885 W ActivityManager: Scheduling restart of crashed service com.mitel.teamwork/org.eclipse.paho.android.service.MqttService in 1000ms
06-18 16:16:33.636  1153  1885 W ActivityManager: Force removing ActivityRecord{34646f0 u0 com.mitel.teamwork/.ui.activity.WorkspaceActivity t7662}: app died, no saved state
06-18 16:16:33.658  1153  1885 I ActivityManager:   Force stopping service ServiceRecord{559016f u0 com.mitel.teamwork/org.eclipse.paho.android.service.MqttService}
06-18 16:16:33.658  1153  1885 I ActivityManager:   Force stopping service ServiceRecord{e280408 u0 com.mitel.teamwork/.service.CloudLinkWebSocketService}
06-18 16:16:33.658  1153  1885 I ActivityManager:   Force stopping service ServiceRecord{f5dccdd u0 com.mitel.teamwork/.service.WebSocketService}
06-18 16:16:33.691  1153  1233 W ActivityManager: setHasOverlayUi called on unknown pid: 25391
06-18 16:16:33.771  1153  6096 I SoundTriggerHelper: startRecognition successful.
06-18 16:16:33.797  1153  4936 D BluetoothManagerService: Registered for death of com.google.android.gms
06-18 16:16:33.797  1153  4936 D BluetoothManagerService: 1 registered Ble Apps
06-18 16:16:33.910  1153  1885 I ActivityManager: START u0 {act=android.intent.action.MAIN cat=[android.intent.category.LAUNCHER] flg=0x10200000 cmp=com.mitel.teamwork/.ui.activity.LoginActivity} from uid 2000
06-18 16:16:33.932  1153  1225 I ActivityManager: Start proc 25503:com.mitel.teamwork/u0a167 for activity com.mitel.teamwork/.ui.activity.LoginActivity
06-18 16:16:34.175  1153  1505 I ActivityManager: START u0 {flg=0x4000000 cmp=com.mitel.teamwork/.ui.activity.WorkspaceActivity} from uid 10167
06-18 16:16:39.769  1153  6096 D BluetoothManagerService: Unregistered for death of com.google.android.gms
06-18 16:16:39.769  1153  6096 D BluetoothManagerService: 0 registered Ble Apps
06-18 16:16:41.659  1153  1885 I ActivityManager: Force stopping com.mitel.teamwork appid=10167 user=0: from pid 25611
06-18 16:16:41.659  1153  1885 I ActivityManager: Killing 25503:com.mitel.teamwork/u0a167 (adj 0): stop com.mitel.teamwork
06-18 16:16:41.661  1153  1885 W ActivityManager: Scheduling restart of crashed service com.mitel.teamwork/.service.CloudLinkWebSocketService in 14834ms
06-18 16:16:41.661  1153  1885 W ActivityManager: Scheduling restart of crashed service com.mitel.teamwork/org.eclipse.paho.android.service.MqttService in 1000ms
06-18 16:16:41.661  1153  1885 W ActivityManager: Scheduling restart of crashed service com.mitel.teamwork/.service.WebSocketService in 24834ms
06-18 16:16:41.661  1153  1885 W ActivityManager: Force removing ActivityRecord{e809c17 u0 com.mitel.teamwork/.ui.activity.WorkspaceActivity t7663}: app died, no saved state
06-18 16:16:41.674  1153  1885 I ActivityManager:   Force stopping service ServiceRecord{86e66c9 u0 com.mitel.teamwork/org.eclipse.paho.android.service.MqttService}
06-18 16:16:41.674  1153  1885 I ActivityManager:   Force stopping service ServiceRecord{c84f70f u0 com.mitel.teamwork/.service.CloudLinkWebSocketService}
06-18 16:16:41.674  1153  1885 I ActivityManager:   Force stopping service ServiceRecord{444ad88 u0 com.mitel.teamwork/.service.WebSocketService}
06-18 16:16:41.722  1153  1233 W ActivityManager: setHasOverlayUi called on unknown pid: 25503
06-18 16:16:41.808  1153  4936 I SoundTriggerHelper: startRecognition successful.
06-18 16:16:41.832  1153  2156 D BluetoothManagerService: Registered for death of com.google.android.gms
06-18 16:16:41.832  1153  2156 D BluetoothManagerService: 1 registered Ble Apps
06-18 16:16:41.926  1153  1885 I ActivityManager: START u0 {act=android.intent.action.MAIN cat=[android.intent.category.LAUNCHER] flg=0x10200000 cmp=com.mitel.teamwork/.ui.activity.LoginActivity} from uid 2000
06-18 16:16:41.948  1153  1225 I ActivityManager: Start proc 25613:com.mitel.teamwork/u0a167 for activity com.mitel.teamwork/.ui.activity.LoginActivity
06-18 16:16:42.198  1153  2156 I ActivityManager: START u0 {flg=0x4000000 cmp=com.mitel.teamwork/.ui.activity.WorkspaceActivity} from uid 10167
06-18 16:16:47.766  1153  2156 D BluetoothManagerService: Unregistered for death of com.google.android.gms
06-18 16:16:47.766  1153  2156 D BluetoothManagerService: 0 registered Ble Apps
06-18 16:16:48.439  1153  1885 I ActivityManager: Force stopping com.mitel.teamwork appid=10167 user=0: from pid 25715
06-18 16:16:48.439  1153  1885 I ActivityManager: Killing 25613:com.mitel.teamwork/u0a167 (adj 0): stop com.mitel.teamwork
06-18 16:16:48.441  1153  1885 W ActivityManager: Scheduling restart of crashed service com.mitel.teamwork/.service.CloudLinkWebSocketService in 12348ms
06-18 16:16:48.441  1153  1885 W ActivityManager: Scheduling restart of crashed service com.mitel.teamwork/.service.WebSocketService in 22348ms
06-18 16:16:48.441  1153  1885 W ActivityManager: Scheduling restart of crashed service com.mitel.teamwork/org.eclipse.paho.android.service.MqttService in 1000ms
06-18 16:16:48.441  1153  1885 W ActivityManager: Force removing ActivityRecord{c1646bb u0 com.mitel.teamwork/.ui.activity.WorkspaceActivity t7664}: app died, no saved state
06-18 16:16:48.451  1153  1885 I ActivityManager:   Force stopping service ServiceRecord{177a977 u0 com.mitel.teamwork/org.eclipse.paho.android.service.MqttService}
06-18 16:16:48.451  1153  1885 I ActivityManager:   Force stopping service ServiceRecord{808d233 u0 com.mitel.teamwork/.service.CloudLinkWebSocketService}
06-18 16:16:48.451  1153  1885 I ActivityManager:   Force stopping service ServiceRecord{5f6051c u0 com.mitel.teamwork/.service.WebSocketService}
06-18 16:16:48.486  1153  1233 W ActivityManager: setHasOverlayUi called on unknown pid: 25613
06-18 16:16:48.581  1153  1505 I SoundTriggerHelper: startRecognition successful.
06-18 16:16:48.587  1153  6416 D BluetoothManagerService: Registered for death of com.google.android.gms
06-18 16:16:48.587  1153  6416 D BluetoothManagerService: 1 registered Ble Apps
06-18 16:16:48.703  1153  1885 I ActivityManager: START u0 {act=android.intent.action.MAIN cat=[android.intent.category.LAUNCHER] flg=0x10200000 cmp=com.mitel.teamwork/.ui.activity.LoginActivity} from uid 2000
06-18 16:16:48.724  1153  1225 I ActivityManager: Start proc 25717:com.mitel.teamwork/u0a167 for activity com.mitel.teamwork/.ui.activity.LoginActivity
06-18 16:16:48.981  1153  1505 I ActivityManager: START u0 {flg=0x4000000 cmp=com.mitel.teamwork/.ui.activity.WorkspaceActivity} from uid 10167
06-18 16:16:54.588  1153  1885 D BluetoothManagerService: Unregistered for death of com.google.android.gms
06-18 16:16:54.588  1153  1885 D BluetoothManagerService: 0 registered Ble Apps
06-18 16:16:55.281  1153  1885 I ActivityManager: Force stopping com.mitel.teamwork appid=10167 user=0: from pid 25823
06-18 16:16:55.282  1153  1885 I ActivityManager: Killing 25717:com.mitel.teamwork/u0a167 (adj 0): stop com.mitel.teamwork
06-18 16:16:55.283  1153  1885 W ActivityManager: Scheduling restart of crashed service com.mitel.teamwork/org.eclipse.paho.android.service.MqttService in 1000ms
06-18 16:16:55.283  1153  1885 W ActivityManager: Scheduling restart of crashed service com.mitel.teamwork/.service.WebSocketService in 12296ms
06-18 16:16:55.283  1153  1885 W ActivityManager: Scheduling restart of crashed service com.mitel.teamwork/.service.CloudLinkWebSocketService in 22296ms
06-18 16:16:55.283  1153  1885 W ActivityManager: Force removing ActivityRecord{953b972 u0 com.mitel.teamwork/.ui.activity.WorkspaceActivity t7665}: app died, no saved state
06-18 16:16:55.300  1153  1885 I ActivityManager:   Force stopping service ServiceRecord{ecd5ecc u0 com.mitel.teamwork/org.eclipse.paho.android.service.MqttService}
06-18 16:16:55.300  1153  1885 I ActivityManager:   Force stopping service ServiceRecord{4dd04ca u0 com.mitel.teamwork/.service.CloudLinkWebSocketService}
06-18 16:16:55.300  1153  1885 I ActivityManager:   Force stopping service ServiceRecord{d296322 u0 com.mitel.teamwork/.service.WebSocketService}
06-18 16:16:55.342  1153  1233 W ActivityManager: setHasOverlayUi called on unknown pid: 25717
06-18 16:16:55.433  1153  5727 I SoundTriggerHelper: startRecognition successful.
06-18 16:16:55.466  1153  2674 D BluetoothManagerService: Registered for death of com.google.android.gms
06-18 16:16:55.466  1153  2674 D BluetoothManagerService: 1 registered Ble Apps
06-18 16:16:55.560  1153  1885 I ActivityManager: START u0 {act=android.intent.action.MAIN cat=[android.intent.category.LAUNCHER] flg=0x10200000 cmp=com.mitel.teamwork/.ui.activity.LoginActivity} from uid 2000
06-18 16:16:55.583  1153  1225 I ActivityManager: Start proc 25827:com.mitel.teamwork/u0a167 for activity com.mitel.teamwork/.ui.activity.LoginActivity
06-18 16:16:55.843  1153  2674 I ActivityManager: START u0 {flg=0x4000000 cmp=com.mitel.teamwork/.ui.activity.WorkspaceActivity} from uid 10167
06-18 16:17:00.710  1153  1885 D BluetoothManagerService: Unregistered for death of com.google.android.gms
06-18 16:17:00.710  1153  1885 D BluetoothManagerService: 0 registered Ble Apps
06-18 16:17:01.959  1153  3785 I ActivityManager: Force stopping com.mitel.teamwork appid=10167 user=0: from pid 25932
06-18 16:17:01.959  1153  3785 I ActivityManager: Killing 25827:com.mitel.teamwork/u0a167 (adj 0): stop com.mitel.teamwork
06-18 16:17:01.961  1153  3785 W ActivityManager: Scheduling restart of crashed service com.mitel.teamwork/.service.CloudLinkWebSocketService in 12098ms
06-18 16:17:01.961  1153  3785 W ActivityManager: Scheduling restart of crashed service com.mitel.teamwork/org.eclipse.paho.android.service.MqttService in 1000ms
06-18 16:17:01.961  1153  3785 W ActivityManager: Scheduling restart of crashed service com.mitel.teamwork/.service.WebSocketService in 22098ms
06-18 16:17:01.961  1153  3785 W ActivityManager: Force removing ActivityRecord{8d18e9a u0 com.mitel.teamwork/.ui.activity.WorkspaceActivity t7666}: app died, no saved state
06-18 16:17:01.973  1153  3785 I ActivityManager:   Force stopping service ServiceRecord{8f305a1 u0 com.mitel.teamwork/org.eclipse.paho.android.service.MqttService}
06-18 16:17:01.973  1153  3785 I ActivityManager:   Force stopping service ServiceRecord{c4b56f2 u0 com.mitel.teamwork/.service.CloudLinkWebSocketService}
06-18 16:17:01.973  1153  3785 I ActivityManager:   Force stopping service ServiceRecord{445e9f u0 com.mitel.teamwork/.service.WebSocketService}
06-18 16:17:02.004  1153  1233 W ActivityManager: setHasOverlayUi called on unknown pid: 25827
06-18 16:17:02.103  1153  3843 I SoundTriggerHelper: startRecognition successful.
06-18 16:17:02.120  1153  3843 D BluetoothManagerService: Registered for death of com.google.android.gms
06-18 16:17:02.120  1153  3843 D BluetoothManagerService: 1 registered Ble Apps
06-18 16:17:02.225  1153  3785 I ActivityManager: START u0 {act=android.intent.action.MAIN cat=[android.intent.category.LAUNCHER] flg=0x10200000 cmp=com.mitel.teamwork/.ui.activity.LoginActivity} from uid 2000
06-18 16:17:02.244  1153  1225 I ActivityManager: Start proc 25935:com.mitel.teamwork/u0a167 for activity com.mitel.teamwork/.ui.activity.LoginActivity
06-18 16:17:02.495  1153  1885 I ActivityManager: START u0 {flg=0x4000000 cmp=com.mitel.teamwork/.ui.activity.WorkspaceActivity} from uid 10167
06-18 16:17:08.080  1153  5727 D BluetoothManagerService: Unregistered for death of com.google.android.gms
06-18 16:17:08.081  1153  5727 D BluetoothManagerService: 0 registered Ble Apps
06-18 16:17:31.029  1153  3785 I ActivityManager: Killing 18352:com.google.android.gm/u0a112 (adj 906): empty #17
06-18 16:17:55.979  1153  2209 I ActivityManager: Force stopping com.mitel.teamwork appid=10167 user=0: from pid 26152
06-18 16:17:55.982  1153  2209 I ActivityManager: Killing 25935:com.mitel.teamwork/u0a167 (adj 0): stop com.mitel.teamwork
06-18 16:17:55.984  1153  2209 W ActivityManager: Scheduling restart of crashed service com.mitel.teamwork/.service.CloudLinkWebSocketService in 106836ms
06-18 16:17:55.985  1153  2209 W ActivityManager: Scheduling restart of crashed service com.mitel.teamwork/org.eclipse.paho.android.service.MqttService in 1000ms
06-18 16:17:55.985  1153  2209 W ActivityManager: Scheduling restart of crashed service com.mitel.teamwork/.service.WebSocketService in 116836ms
06-18 16:17:55.985  1153  2209 W ActivityManager: Force removing ActivityRecord{d5df70d u0 com.mitel.teamwork/.ui.activity.WorkspaceActivity t7667}: app died, no saved state
06-18 16:17:56.008  1153  2209 I ActivityManager:   Force stopping service ServiceRecord{8802034 u0 com.mitel.teamwork/org.eclipse.paho.android.service.MqttService}
06-18 16:17:56.008  1153  2209 I ActivityManager:   Force stopping service ServiceRecord{9a7fac5 u0 com.mitel.teamwork/.service.CloudLinkWebSocketService}
06-18 16:17:56.008  1153  2209 I ActivityManager:   Force stopping service ServiceRecord{647bd7d u0 com.mitel.teamwork/.service.WebSocketService}
06-18 16:17:56.037  1153  1233 W ActivityManager: setHasOverlayUi called on unknown pid: 25935
06-18 16:17:56.138  1153  4936 I SoundTriggerHelper: startRecognition successful.
06-18 16:17:56.188  1153  4066 D BluetoothManagerService: Registered for death of com.google.android.gms
06-18 16:17:56.188  1153  4066 D BluetoothManagerService: 1 registered Ble Apps
06-18 16:17:56.259  1153  2209 I ActivityManager: START u0 {act=android.intent.action.MAIN cat=[android.intent.category.LAUNCHER] flg=0x10200000 cmp=com.mitel.teamwork/.ui.activity.LoginActivity} from uid 2000
06-18 16:17:56.279  1153  1225 I ActivityManager: Start proc 26159:com.mitel.teamwork/u0a167 for activity com.mitel.teamwork/.ui.activity.LoginActivity
06-18 16:17:56.525  1153  3785 I ActivityManager: START u0 {flg=0x4000000 cmp=com.mitel.teamwork/.ui.activity.WorkspaceActivity} from uid 10167
06-18 16:18:02.117  1153  4936 D BluetoothManagerService: Unregistered for death of com.google.android.gms
06-18 16:18:02.117  1153  4936 D BluetoothManagerService: 0 registered Ble Apps
06-18 16:18:02.728  1153  3785 I ActivityManager: Force stopping com.mitel.teamwork appid=10167 user=0: from pid 26266
06-18 16:18:02.729  1153  3785 I ActivityManager: Killing 26159:com.mitel.teamwork/u0a167 (adj 0): stop com.mitel.teamwork
06-18 16:18:02.730  1153  3785 W ActivityManager: Scheduling restart of crashed service com.mitel.teamwork/org.eclipse.paho.android.service.MqttService in 1000ms
06-18 16:18:02.730  1153  3785 W ActivityManager: Scheduling restart of crashed service com.mitel.teamwork/.service.CloudLinkWebSocketService in 12274ms
06-18 16:18:02.730  1153  3785 W ActivityManager: Scheduling restart of crashed service com.mitel.teamwork/.service.WebSocketService in 22274ms
06-18 16:18:02.730  1153  3785 W ActivityManager: Force removing ActivityRecord{7f6f1c8 u0 com.mitel.teamwork/.ui.activity.WorkspaceActivity t7668}: app died, no saved state
06-18 16:18:02.746  1153  3785 I ActivityManager:   Force stopping service ServiceRecord{a491fc3 u0 com.mitel.teamwork/org.eclipse.paho.android.service.MqttService}
06-18 16:18:02.746  1153  3785 I ActivityManager:   Force stopping service ServiceRecord{23831e0 u0 com.mitel.teamwork/.service.CloudLinkWebSocketService}
06-18 16:18:02.746  1153  3785 I ActivityManager:   Force stopping service ServiceRecord{f57955 u0 com.mitel.teamwork/.service.WebSocketService}
06-18 16:18:02.788  1153  1233 W ActivityManager: setHasOverlayUi called on unknown pid: 26159
06-18 16:18:02.866  1153  4066 I SoundTriggerHelper: startRecognition successful.
06-18 16:18:02.895  1153  3915 D BluetoothManagerService: Registered for death of com.google.android.gms
06-18 16:18:02.895  1153  3915 D BluetoothManagerService: 1 registered Ble Apps
06-18 16:18:02.998  1153  3785 I ActivityManager: START u0 {act=android.intent.action.MAIN cat=[android.intent.category.LAUNCHER] flg=0x10200000 cmp=com.mitel.teamwork/.ui.activity.LoginActivity} from uid 2000
06-18 16:18:03.021  1153  1225 I ActivityManager: Start proc 26268:com.mitel.teamwork/u0a167 for activity com.mitel.teamwork/.ui.activity.LoginActivity
06-18 16:18:03.237  1153  1222 I UsageStatsService: User[0] Flushing usage stats to disk
06-18 16:18:03.267  1153  3915 I ActivityManager: START u0 {flg=0x4000000 cmp=com.mitel.teamwork/.ui.activity.WorkspaceActivity} from uid 10167
06-18 16:18:08.868  1153  4066 D BluetoothManagerService: Unregistered for death of com.google.android.gms
06-18 16:18:08.868  1153  4066 D BluetoothManagerService: 0 registered Ble Apps
06-18 16:18:09.581  1153  4066 I ActivityManager: Force stopping com.mitel.teamwork appid=10167 user=0: from pid 26370
06-18 16:18:09.581  1153  4066 I ActivityManager: Killing 26268:com.mitel.teamwork/u0a167 (adj 0): stop com.mitel.teamwork
06-18 16:18:09.582  1153  4066 W ActivityManager: Scheduling restart of crashed service com.mitel.teamwork/.service.CloudLinkWebSocketService in 12496ms
06-18 16:18:09.582  1153  4066 W ActivityManager: Scheduling restart of crashed service com.mitel.teamwork/org.eclipse.paho.android.service.MqttService in 1000ms
06-18 16:18:09.582  1153  4066 W ActivityManager: Scheduling restart of crashed service com.mitel.teamwork/.service.WebSocketService in 22496ms
06-18 16:18:09.583  1153  4066 W ActivityManager: Force removing ActivityRecord{a6a37cf u0 com.mitel.teamwork/.ui.activity.WorkspaceActivity t7669}: app died, no saved state
