06-18 16:21:47.101  1153  1166 W ActivityManager: Scheduling restart of crashed service com.mitel.teamwork/.service.WebSocketService in 46332ms
06-18 16:21:47.101  1153  1166 W ActivityManager: Scheduling restart of crashed service com.mitel.teamwork/.service.CloudLinkWebSocketService in 56332ms
06-18 16:21:47.102  1153  1166 W ActivityManager: Force removing ActivityRecord{1fd2df8 u0 com.mitel.teamwork/.ui.activity.WorkspaceActivity t7690}: app died, no saved state
06-18 16:21:47.113  1153  1166 I ActivityManager:   Force stopping service ServiceRecord{b1d14b3 u0 com.mitel.teamwork/org.eclipse.paho.android.service.MqttService}
06-18 16:21:47.113  1153  1166 I ActivityManager:   Force stopping service ServiceRecord{e3c410 u0 com.mitel.teamwork/.service.CloudLinkWebSocketService}
06-18 16:21:47.113  1153  1166 I ActivityManager:   Force stopping service ServiceRecord{4140528 u0 com.mitel.teamwork/.service.WebSocketService}
06-18 16:21:47.146  1153  1233 W ActivityManager: setHasOverlayUi called on unknown pid: 28716
06-18 16:21:47.225  1153  6305 I SoundTriggerHelper: startRecognition successful.
06-18 16:21:47.273  1153  3785 D BluetoothManagerService: Registered for death of com.google.android.gms
06-18 16:21:47.273  1153  3785 D BluetoothManagerService: 1 registered Ble Apps
06-18 16:21:47.366  1153  1166 I ActivityManager: START u0 {act=android.intent.action.MAIN cat=[android.intent.category.LAUNCHER] flg=0x10200000 cmp=com.mitel.teamwork/.ui.activity.LoginActivity} from uid 2000
06-18 16:21:47.386  1153  1225 I ActivityManager: Start proc 28863:com.mitel.teamwork/u0a167 for activity com.mitel.teamwork/.ui.activity.LoginActivity
06-18 16:21:47.633  1153  3785 I ActivityManager: START u0 {flg=0x4000000 cmp=com.mitel.teamwork/.ui.activity.WorkspaceActivity} from uid 10167
06-18 16:21:53.244  1153  5727 D BluetoothManagerService: Unregistered for death of com.google.android.gms
06-18 16:21:53.244  1153  5727 D BluetoothManagerService: 0 registered Ble Apps
06-18 16:21:55.358  1153  3785 I ActivityManager: Force stopping com.mitel.teamwork appid=10167 user=0: from pid 28971
06-18 16:21:55.358  1153  3785 I ActivityManager: Killing 28863:com.mitel.teamwork/u0a167 (adj 0): stop com.mitel.teamwork
06-18 16:21:55.361  1153  3785 W ActivityManager: Scheduling restart of crashed service com.mitel.teamwork/.service.CloudLinkWebSocketService in 15316ms
06-18 16:21:55.361  1153  3785 W ActivityManager: Scheduling restart of crashed service com.mitel.teamwork/org.eclipse.paho.android.service.MqttService in 1000ms
06-18 16:21:55.361  1153  3785 W ActivityManager: Scheduling restart of crashed service com.mitel.teamwork/.service.WebSocketService in 25316ms
06-18 16:21:55.361  1153  3785 W ActivityManager: Force removing ActivityRecord{c8992d9 u0 com.mitel.teamwork/.ui.activity.WorkspaceActivity t7691}: app died, no saved state
06-18 16:21:55.380  1153  3785 I ActivityManager:   Force stopping service ServiceRecord{7a49698 u0 com.mitel.teamwork/org.eclipse.paho.android.service.MqttService}
06-18 16:21:55.380  1153  3785 I ActivityManager:   Force stopping service ServiceRecord{e19c411 u0 com.mitel.teamwork/.service.CloudLinkWebSocketService}
06-18 16:21:55.380  1153  3785 I ActivityManager:   Force stopping service ServiceRecord{1e7e449 u0 com.mitel.teamwork/.service.WebSocketService}
06-18 16:21:55.421  1153  1233 W ActivityManager: setHasOverlayUi called on unknown pid: 28863
06-18 16:21:55.507  1153  2837 I SoundTriggerHelper: startRecognition successful.
06-18 16:21:55.523  1153  3843 D BluetoothManagerService: Registered for death of com.google.android.gms
06-18 16:21:55.523  1153  3843 D BluetoothManagerService: 1 registered Ble Apps
06-18 16:21:55.631  1153  3785 I ActivityManager: START u0 {act=android.intent.action.MAIN cat=[android.intent.category.LAUNCHER] flg=0x10200000 cmp=com.mitel.teamwork/.ui.activity.LoginActivity} from uid 2000
06-18 16:21:55.658  1153  1225 I ActivityManager: Start proc 28973:com.mitel.teamwork/u0a167 for activity com.mitel.teamwork/.ui.activity.LoginActivity
06-18 16:21:55.910  1153  2837 I ActivityManager: START u0 {flg=0x4000000 cmp=com.mitel.teamwork/.ui.activity.WorkspaceActivity} from uid 10167
06-18 16:22:01.517  1153  1799 D BluetoothManagerService: Unregistered for death of com.google.android.gms
06-18 16:22:01.517  1153  1799 D BluetoothManagerService: 0 registered Ble Apps
06-18 16:22:18.340  1153  1799 I ActivityManager: Force stopping com.mitel.teamwork appid=10167 user=0: from pid 29119
06-18 16:22:18.340  1153  1799 I ActivityManager: Killing 28973:com.mitel.teamwork/u0a167 (adj 0): stop com.mitel.teamwork
06-18 16:22:18.341  1153  1799 W ActivityManager: Scheduling restart of crashed service com.mitel.teamwork/.service.WebSocketService in 44560ms
06-18 16:22:18.341  1153  1799 W ActivityManager: Scheduling restart of crashed service com.mitel.teamwork/.service.CloudLinkWebSocketService in 54560ms
06-18 16:22:18.342  1153  1799 W ActivityManager: Scheduling restart of crashed service com.mitel.teamwork/org.eclipse.paho.android.service.MqttService in 1000ms
06-18 16:22:18.342  1153  1799 W ActivityManager: Force removing ActivityRecord{1492fa3 u0 com.mitel.teamwork/.ui.activity.WorkspaceActivity t7692}: app died, no saved state
06-18 16:22:18.360  1153  1799 I ActivityManager:   Force stopping service ServiceRecord{22f6a71 u0 com.mitel.teamwork/org.eclipse.paho.android.service.MqttService}
06-18 16:22:18.360  1153  1799 I ActivityManager:   Force stopping service ServiceRecord{4c2f01b u0 com.mitel.teamwork/.service.CloudLinkWebSocketService}
06-18 16:22:18.360  1153  1799 I ActivityManager:   Force stopping service ServiceRecord{da06564 u0 com.mitel.teamwork/.service.WebSocketService}
06-18 16:22:18.396  1153  1233 W ActivityManager: setHasOverlayUi called on unknown pid: 28973
06-18 16:22:18.491  1153  3877 I SoundTriggerHelper: startRecognition successful.
06-18 16:22:18.551  1153  5727 D BluetoothManagerService: Registered for death of com.google.android.gms
06-18 16:22:18.551  1153  5727 D BluetoothManagerService: 1 registered Ble Apps
06-18 16:22:18.612  1153  1799 I ActivityManager: START u0 {act=android.intent.action.MAIN cat=[android.intent.category.LAUNCHER] flg=0x10200000 cmp=com.mitel.teamwork/.ui.activity.LoginActivity} from uid 2000
06-18 16:22:18.631  1153  1225 I ActivityManager: Start proc 29123:com.mitel.teamwork/u0a167 for activity com.mitel.teamwork/.ui.activity.LoginActivity
06-18 16:22:18.881  1153  5727 I ActivityManager: START u0 {flg=0x4000000 cmp=com.mitel.teamwork/.ui.activity.WorkspaceActivity} from uid 10167
06-18 16:22:24.487  1153  1799 D BluetoothManagerService: Unregistered for death of com.google.android.gms
06-18 16:22:24.487  1153  1799 D BluetoothManagerService: 0 registered Ble Apps
06-18 16:22:26.538  1153  2837 I ActivityManager: Force stopping com.mitel.teamwork appid=10167 user=0: from pid 29234
06-18 16:22:26.539  1153  2837 I ActivityManager: Killing 29123:com.mitel.teamwork/u0a167 (adj 0): stop com.mitel.teamwork
06-18 16:22:26.540  1153  2837 W ActivityManager: Scheduling restart of crashed service com.mitel.teamwork/org.eclipse.paho.android.service.MqttService in 1000ms
06-18 16:22:26.541  1153  2837 W ActivityManager: Scheduling restart of crashed service com.mitel.teamwork/.service.WebSocketService in 15016ms
06-18 16:22:26.541  1153  2837 W ActivityManager: Scheduling restart of crashed service com.mitel.teamwork/.service.CloudLinkWebSocketService in 25016ms
06-18 16:22:26.541  1153  2837 W ActivityManager: Force removing ActivityRecord{a7393b0 u0 com.mitel.teamwork/.ui.activity.WorkspaceActivity t7693}: app died, no saved state
06-18 16:22:26.552  1153  2837 I ActivityManager:   Force stopping service ServiceRecord{f51f61a u0 com.mitel.teamwork/org.eclipse.paho.android.service.MqttService}
06-18 16:22:26.552  1153  2837 I ActivityManager:   Force stopping service ServiceRecord{29a28c8 u0 com.mitel.teamwork/.service.CloudLinkWebSocketService}
06-18 16:22:26.552  1153  2837 I ActivityManager:   Force stopping service ServiceRecord{92b48e0 u0 com.mitel.teamwork/.service.WebSocketService}
06-18 16:22:26.583  1153  1233 W ActivityManager: setHasOverlayUi called on unknown pid: 29123
06-18 16:22:26.676  1153  5484 I SoundTriggerHelper: startRecognition successful.
06-18 16:22:26.689  1153  1505 D BluetoothManagerService: Registered for death of com.google.android.gms
06-18 16:22:26.689  1153  1505 D BluetoothManagerService: 1 registered Ble Apps
06-18 16:22:26.805  1153  2837 I ActivityManager: START u0 {act=android.intent.action.MAIN cat=[android.intent.category.LAUNCHER] flg=0x10200000 cmp=com.mitel.teamwork/.ui.activity.LoginActivity} from uid 2000
06-18 16:22:26.829  1153  1225 I ActivityManager: Start proc 29236:com.mitel.teamwork/u0a167 for activity com.mitel.teamwork/.ui.activity.LoginActivity
06-18 16:22:27.078  1153  5484 I ActivityManager: START u0 {flg=0x4000000 cmp=com.mitel.teamwork/.ui.activity.WorkspaceActivity} from uid 10167
06-18 16:22:32.664  1153  5484 D BluetoothManagerService: Unregistered for death of com.google.android.gms
06-18 16:22:32.664  1153  5484 D BluetoothManagerService: 0 registered Ble Apps
06-18 16:22:34.679  1153  2837 I ActivityManager: Force stopping com.mitel.teamwork appid=10167 user=0: from pid 29344
06-18 16:22:34.679  1153  2837 I ActivityManager: Killing 29236:com.mitel.teamwork/u0a167 (adj 0): stop com.mitel.teamwork
06-18 16:22:34.681  1153  2837 W ActivityManager: Scheduling restart of crashed service com.mitel.teamwork/.service.WebSocketService in 14904ms
06-18 16:22:34.681  1153  2837 W ActivityManager: Scheduling restart of crashed service com.mitel.teamwork/.service.CloudLinkWebSocketService in 24904ms
06-18 16:22:34.681  1153  2837 W ActivityManager: Scheduling restart of crashed service com.mitel.teamwork/org.eclipse.paho.android.service.MqttService in 1000ms
06-18 16:22:34.681  1153  2837 W ActivityManager: Force removing ActivityRecord{c39b6e2 u0 com.mitel.teamwork/.ui.activity.WorkspaceActivity t7694}: app died, no saved state
06-18 16:22:34.696  1153  2837 I ActivityManager:   Force stopping service ServiceRecord{3cbf489 u0 com.mitel.teamwork/org.eclipse.paho.android.service.MqttService}
06-18 16:22:34.696  1153  2837 I ActivityManager:   Force stopping service ServiceRecord{5f7403a u0 com.mitel.teamwork/.service.CloudLinkWebSocketService}
06-18 16:22:34.696  1153  2837 I ActivityManager:   Force stopping service ServiceRecord{61f34c7 u0 com.mitel.teamwork/.service.WebSocketService}
06-18 16:22:34.723  1153  1233 W ActivityManager: setHasOverlayUi called on unknown pid: 29236
06-18 16:22:34.811  1153  3785 I SoundTriggerHelper: startRecognition successful.
06-18 16:22:34.834  1153  3785 D BluetoothManagerService: Registered for death of com.google.android.gms
06-18 16:22:34.834  1153  3785 D BluetoothManagerService: 1 registered Ble Apps
06-18 16:22:34.947  1153  2837 I ActivityManager: START u0 {act=android.intent.action.MAIN cat=[android.intent.category.LAUNCHER] flg=0x10200000 cmp=com.mitel.teamwork/.ui.activity.LoginActivity} from uid 2000
06-18 16:22:34.970  1153  1225 I ActivityManager: Start proc 29347:com.mitel.teamwork/u0a167 for activity com.mitel.teamwork/.ui.activity.LoginActivity
06-18 16:22:35.222  1153  3785 I ActivityManager: START u0 {flg=0x4000000 cmp=com.mitel.teamwork/.ui.activity.WorkspaceActivity} from uid 10167
06-18 16:22:40.823  1153  3843 D BluetoothManagerService: Unregistered for death of com.google.android.gms
06-18 16:22:40.823  1153  3843 D BluetoothManagerService: 0 registered Ble Apps
06-18 16:22:42.796  1153  3877 I ActivityManager: Force stopping com.mitel.teamwork appid=10167 user=0: from pid 29460
06-18 16:22:42.797  1153  3877 I ActivityManager: Killing 29347:com.mitel.teamwork/u0a167 (adj 0): stop com.mitel.teamwork
06-18 16:22:42.798  1153  3877 W ActivityManager: Scheduling restart of crashed service com.mitel.teamwork/.service.WebSocketService in 14842ms
06-18 16:22:42.798  1153  3877 W ActivityManager: Scheduling restart of crashed service com.mitel.teamwork/.service.CloudLinkWebSocketService in 24842ms
06-18 16:22:42.798  1153  3877 W ActivityManager: Scheduling restart of crashed service com.mitel.teamwork/org.eclipse.paho.android.service.MqttService in 1000ms
06-18 16:22:42.798  1153  3877 W ActivityManager: Force removing ActivityRecord{6b7472d u0 com.mitel.teamwork/.ui.activity.WorkspaceActivity t7695}: app died, no saved state
06-18 16:22:42.817  1153  3877 I ActivityManager:   Force stopping service ServiceRecord{11c742f u0 com.mitel.teamwork/org.eclipse.paho.android.service.MqttService}
06-18 16:22:42.817  1153  3877 I ActivityManager:   Force stopping service ServiceRecord{6972ee5 u0 com.mitel.teamwork/.service.CloudLinkWebSocketService}
06-18 16:22:42.817  1153  3877 I ActivityManager:   Force stopping service ServiceRecord{f25559d u0 com.mitel.teamwork/.service.WebSocketService}
06-18 16:22:42.854  1153  1233 W ActivityManager: setHasOverlayUi called on unknown pid: 29347
06-18 16:22:42.936  1153  6305 I SoundTriggerHelper: startRecognition successful.
06-18 16:22:42.958  1153  1527 D BluetoothManagerService: Registered for death of com.google.android.gms
06-18 16:22:42.958  1153  1527 D BluetoothManagerService: 1 registered Ble Apps
06-18 16:22:43.068  1153  3877 I ActivityManager: START u0 {act=android.intent.action.MAIN cat=[android.intent.category.LAUNCHER] flg=0x10200000 cmp=com.mitel.teamwork/.ui.activity.LoginActivity} from uid 2000
06-18 16:22:43.093  1153  1225 I ActivityManager: Start proc 29462:com.mitel.teamwork/u0a167 for activity com.mitel.teamwork/.ui.activity.LoginActivity
06-18 16:22:43.337  1153  6305 I ActivityManager: START u0 {flg=0x4000000 cmp=com.mitel.teamwork/.ui.activity.WorkspaceActivity} from uid 10167
06-18 16:22:48.928  1153  3877 D BluetoothManagerService: Unregistered for death of com.google.android.gms
06-18 16:22:48.928  1153  3877 D BluetoothManagerService: 0 registered Ble Apps
06-18 16:22:50.936  1153  1527 I ActivityManager: Force stopping com.mitel.teamwork appid=10167 user=0: from pid 29572
06-18 16:22:50.937  1153  1527 I ActivityManager: Killing 29462:com.mitel.teamwork/u0a167 (adj 0): stop com.mitel.teamwork
06-18 16:22:50.939  1153  1527 W ActivityManager: Scheduling restart of crashed service com.mitel.teamwork/.service.WebSocketService in 14896ms
06-18 16:22:50.939  1153  1527 W ActivityManager: Scheduling restart of crashed service com.mitel.teamwork/org.eclipse.paho.android.service.MqttService in 1000ms
06-18 16:22:50.939  1153  1527 W ActivityManager: Scheduling restart of crashed service com.mitel.teamwork/.service.CloudLinkWebSocketService in 24896ms
06-18 16:22:50.940  1153  1527 W ActivityManager: Force removing ActivityRecord{d289871 u0 com.mitel.teamwork/.ui.activity.WorkspaceActivity t7696}: app died, no saved state
06-18 16:22:50.950  1153  1527 I ActivityManager:   Force stopping service ServiceRecord{b9c9c24 u0 com.mitel.teamwork/org.eclipse.paho.android.service.MqttService}
06-18 16:22:50.950  1153  1527 I ActivityManager:   Force stopping service ServiceRecord{4b0e4a9 u0 com.mitel.teamwork/.service.CloudLinkWebSocketService}
06-18 16:22:50.950  1153  1527 I ActivityManager:   Force stopping service ServiceRecord{d699b3a u0 com.mitel.teamwork/.service.WebSocketService}
06-18 16:22:50.987  1153  1233 W ActivityManager: setHasOverlayUi called on unknown pid: 29462
06-18 16:22:51.079  1153  6416 I SoundTriggerHelper: startRecognition successful.
06-18 16:22:51.108  1153  6416 D BluetoothManagerService: Registered for death of com.google.android.gms
06-18 16:22:51.108  1153  6416 D BluetoothManagerService: 1 registered Ble Apps
06-18 16:22:51.201  1153  1527 I ActivityManager: START u0 {act=android.intent.action.MAIN cat=[android.intent.category.LAUNCHER] flg=0x10200000 cmp=com.mitel.teamwork/.ui.activity.LoginActivity} from uid 2000
06-18 16:22:51.220  1153  1225 I ActivityManager: Start proc 29574:com.mitel.teamwork/u0a167 for activity com.mitel.teamwork/.ui.activity.LoginActivity
06-18 16:22:51.472  1153  6416 I ActivityManager: START u0 {flg=0x4000000 cmp=com.mitel.teamwork/.ui.activity.WorkspaceActivity} from uid 10167
06-18 16:22:57.077  1153  6416 D BluetoothManagerService: Unregistered for death of com.google.android.gms
06-18 16:22:57.077  1153  6416 D BluetoothManagerService: 0 registered Ble Apps
06-18 16:22:59.408  1153  1527 I ActivityManager: Force stopping com.mitel.teamwork appid=10167 user=0: from pid 29682
06-18 16:22:59.408  1153  1527 I ActivityManager: Killing 29574:com.mitel.teamwork/u0a167 (adj 0): stop com.mitel.teamwork
06-18 16:22:59.409  1153  1527 W ActivityManager: Scheduling restart of crashed service com.mitel.teamwork/.service.WebSocketService in 15568ms
06-18 16:22:59.409  1153  1527 W ActivityManager: Scheduling restart of crashed service com.mitel.teamwork/.service.CloudLinkWebSocketService in 25568ms
06-18 16:22:59.409  1153  1527 W ActivityManager: Scheduling restart of crashed service com.mitel.teamwork/org.eclipse.paho.android.service.MqttService in 1000ms
06-18 16:22:59.410  1153  1527 W ActivityManager: Force removing ActivityRecord{a0a890a u0 com.mitel.teamwork/.ui.activity.WorkspaceActivity t7697}: app died, no saved state
06-18 16:22:59.423  1153  1527 I ActivityManager:   Force stopping service ServiceRecord{45c3da4 u0 com.mitel.teamwork/org.eclipse.paho.android.service.MqttService}
06-18 16:22:59.423  1153  1527 I ActivityManager:   Force stopping service ServiceRecord{97b2f62 u0 com.mitel.teamwork/.service.CloudLinkWebSocketService}
06-18 16:22:59.423  1153  1527 I ActivityManager:   Force stopping service ServiceRecord{9df48ba u0 com.mitel.teamwork/.service.WebSocketService}
06-18 16:22:59.459  1153  1233 W ActivityManager: setHasOverlayUi called on unknown pid: 29574
06-18 16:22:59.556  1153  3785 I SoundTriggerHelper: startRecognition successful.
06-18 16:22:59.558  1153  6305 D BluetoothManagerService: Registered for death of com.google.android.gms
06-18 16:22:59.558  1153  6305 D BluetoothManagerService: 1 registered Ble Apps
06-18 16:22:59.677  1153  1527 I ActivityManager: START u0 {act=android.intent.action.MAIN cat=[android.intent.category.LAUNCHER] flg=0x10200000 cmp=com.mitel.teamwork/.ui.activity.LoginActivity} from uid 2000
06-18 16:22:59.696  1153  1225 I ActivityManager: Start proc 29684:com.mitel.teamwork/u0a167 for activity com.mitel.teamwork/.ui.activity.LoginActivity
06-18 16:22:59.945  1153  6305 I ActivityManager: START u0 {flg=0x4000000 cmp=com.mitel.teamwork/.ui.activity.WorkspaceActivity} from uid 10167
06-18 16:23:05.568  1153  3785 D BluetoothManagerService: Unregistered for death of com.google.android.gms
06-18 16:23:05.568  1153  3785 D BluetoothManagerService: 0 registered Ble Apps
06-18 16:23:07.679  1153  2156 I ActivityManager: Force stopping com.mitel.teamwork appid=10167 user=0: from pid 29792
06-18 16:23:07.679  1153  2156 I ActivityManager: Killing 29684:com.mitel.teamwork/u0a167 (adj 0): stop com.mitel.teamwork
06-18 16:23:07.681  1153  2156 W ActivityManager: Scheduling restart of crashed service com.mitel.teamwork/.service.WebSocketService in 15166ms
06-18 16:23:07.681  1153  2156 W ActivityManager: Scheduling restart of crashed service com.mitel.teamwork/.service.CloudLinkWebSocketService in 25166ms
06-18 16:23:07.681  1153  2156 W ActivityManager: Scheduling restart of crashed service com.mitel.teamwork/org.eclipse.paho.android.service.MqttService in 1000ms
06-18 16:23:07.681  1153  2156 W ActivityManager: Force removing ActivityRecord{13f2f71 u0 com.mitel.teamwork/.ui.activity.WorkspaceActivity t7698}: app died, no saved state
06-18 16:23:07.694  1153  2156 I ActivityManager:   Force stopping service ServiceRecord{922a8d u0 com.mitel.teamwork/org.eclipse.paho.android.service.MqttService}
06-18 16:23:07.694  1153  2156 I ActivityManager:   Force stopping service ServiceRecord{6b1b52e u0 com.mitel.teamwork/.service.CloudLinkWebSocketService}
06-18 16:23:07.694  1153  2156 I ActivityManager:   Force stopping service ServiceRecord{ce5b2eb u0 com.mitel.teamwork/.service.WebSocketService}
06-18 16:23:07.726  1153  1233 W ActivityManager: setHasOverlayUi called on unknown pid: 29684
06-18 16:23:07.803  1153  1167 I SoundTriggerHelper: startRecognition successful.
06-18 16:23:07.828  1153  2837 D BluetoothManagerService: Registered for death of com.google.android.gms
06-18 16:23:07.828  1153  2837 D BluetoothManagerService: 1 registered Ble Apps
06-18 16:23:07.945  1153  2156 I ActivityManager: START u0 {act=android.intent.action.MAIN cat=[android.intent.category.LAUNCHER] flg=0x10200000 cmp=com.mitel.teamwork/.ui.activity.LoginActivity} from uid 2000
06-18 16:23:07.967  1153  1225 I ActivityManager: Start proc 29794:com.mitel.teamwork/u0a167 for activity com.mitel.teamwork/.ui.activity.LoginActivity
06-18 16:23:08.225  1153  5367 I ActivityManager: START u0 {flg=0x4000000 cmp=com.mitel.teamwork/.ui.activity.WorkspaceActivity} from uid 10167
06-18 16:23:13.824  1153  2156 D BluetoothManagerService: Unregistered for death of com.google.android.gms
06-18 16:23:13.824  1153  2156 D BluetoothManagerService: 0 registered Ble Apps
06-18 16:23:30.574  1153  2156 I ActivityManager: Force stopping com.mitel.teamwork appid=10167 user=0: from pid 29937
06-18 16:23:30.574  1153  2156 I ActivityManager: Killing 29794:com.mitel.teamwork/u0a167 (adj 0): stop com.mitel.teamwork
06-18 16:23:30.576  1153  2156 W ActivityManager: Scheduling restart of crashed service com.mitel.teamwork/.service.WebSocketService in 44396ms
06-18 16:23:30.576  1153  2156 W ActivityManager: Scheduling restart of crashed service com.mitel.teamwork/.service.CloudLinkWebSocketService in 54396ms
06-18 16:23:30.576  1153  2156 W ActivityManager: Scheduling restart of crashed service com.mitel.teamwork/org.eclipse.paho.android.service.MqttService in 1000ms
06-18 16:23:30.576  1153  2156 W ActivityManager: Force removing ActivityRecord{530947b u0 com.mitel.teamwork/.ui.activity.WorkspaceActivity t7699}: app died, no saved state
06-18 16:23:30.603  1153  2156 I ActivityManager:   Force stopping service ServiceRecord{3e781c2 u0 com.mitel.teamwork/org.eclipse.paho.android.service.MqttService}
06-18 16:23:30.603  1153  2156 I ActivityManager:   Force stopping service ServiceRecord{ce717f3 u0 com.mitel.teamwork/.service.CloudLinkWebSocketService}
06-18 16:23:30.603  1153  2156 I ActivityManager:   Force stopping service ServiceRecord{e8b926b u0 com.mitel.teamwork/.service.WebSocketService}
06-18 16:23:30.638  1153  1233 W ActivityManager: setHasOverlayUi called on unknown pid: 29794
06-18 16:23:30.721  1153  1167 I SoundTriggerHelper: startRecognition successful.
06-18 16:23:30.766  1153  1799 D BluetoothManagerService: Registered for death of com.google.android.gms
06-18 16:23:30.766  1153  1799 D BluetoothManagerService: 1 registered Ble Apps
06-18 16:23:30.855  1153  2156 I ActivityManager: START u0 {act=android.intent.action.MAIN cat=[android.intent.category.LAUNCHER] flg=0x10200000 cmp=com.mitel.teamwork/.ui.activity.LoginActivity} from uid 2000
06-18 16:23:30.873  1153  1225 I ActivityManager: Start proc 29948:com.mitel.teamwork/u0a167 for activity com.mitel.teamwork/.ui.activity.LoginActivity
06-18 16:23:31.121  1153  1799 I ActivityManager: START u0 {flg=0x4000000 cmp=com.mitel.teamwork/.ui.activity.WorkspaceActivity} from uid 10167
06-18 16:23:36.721  1153  2680 D BluetoothManagerService: Unregistered for death of com.google.android.gms
06-18 16:23:36.721  1153  2680 D BluetoothManagerService: 0 registered Ble Apps
06-18 16:23:53.296  1153  1527 I ActivityManager: Force stopping com.mitel.teamwork appid=10167 user=0: from pid 30088
06-18 16:23:53.297  1153  1527 I ActivityManager: Killing 29948:com.mitel.teamwork/u0a167 (adj 0): stop com.mitel.teamwork
06-18 16:23:53.297  1153  1527 W ActivityManager: Scheduling restart of crashed service com.mitel.teamwork/.service.CloudLinkWebSocketService in 44222ms
06-18 16:23:53.297  1153  1527 W ActivityManager: Scheduling restart of crashed service com.mitel.teamwork/org.eclipse.paho.android.service.MqttService in 1000ms
06-18 16:23:53.297  1153  1527 W ActivityManager: Scheduling restart of crashed service com.mitel.teamwork/.service.WebSocketService in 54222ms
06-18 16:23:53.297  1153  1527 W ActivityManager: Force removing ActivityRecord{a268008 u0 com.mitel.teamwork/.ui.activity.WorkspaceActivity t7700}: app died, no saved state
06-18 16:23:53.312  1153  1527 I ActivityManager:   Force stopping service ServiceRecord{19104b9 u0 com.mitel.teamwork/org.eclipse.paho.android.service.MqttService}
06-18 16:23:53.312  1153  1527 I ActivityManager:   Force stopping service ServiceRecord{4834820 u0 com.mitel.teamwork/.service.CloudLinkWebSocketService}
06-18 16:23:53.312  1153  1527 I ActivityManager:   Force stopping service ServiceRecord{17dfb38 u0 com.mitel.teamwork/.service.WebSocketService}
06-18 16:23:53.336  1153  1799 W InputMethodManagerService: Got RemoteException sending setActive(false) notification to pid 29948 uid 10167
06-18 16:23:53.343  1153  1233 W ActivityManager: setHasOverlayUi called on unknown pid: 29948
06-18 16:23:53.431  1153  2680 I SoundTriggerHelper: startRecognition successful.
06-18 16:23:53.496  1153  3877 D BluetoothManagerService: Registered for death of com.google.android.gms
06-18 16:23:53.496  1153  3877 D BluetoothManagerService: 1 registered Ble Apps
06-18 16:23:53.566  1153  1527 I ActivityManager: START u0 {act=android.intent.action.MAIN cat=[android.intent.category.LAUNCHER] flg=0x10200000 cmp=com.mitel.teamwork/.ui.activity.LoginActivity} from uid 2000
06-18 16:23:53.584  1153  1225 I ActivityManager: Start proc 30092:com.mitel.teamwork/u0a167 for activity com.mitel.teamwork/.ui.activity.LoginActivity
06-18 16:23:53.830  1153  3877 I ActivityManager: START u0 {flg=0x4000000 cmp=com.mitel.teamwork/.ui.activity.WorkspaceActivity} from uid 10167
06-18 16:23:56.157  1153  1527 I ActivityManager: Force stopping com.mitel.teamwork appid=10167 user=0: from pid 30184
06-18 16:23:56.158  1153  1527 I ActivityManager: Killing 30092:com.mitel.teamwork/u0a167 (adj 0): stop com.mitel.teamwork
06-18 16:23:56.159  1153  1527 W ActivityManager: Scheduling restart of crashed service com.mitel.teamwork/org.eclipse.paho.android.service.MqttService in 1000ms
06-18 16:23:56.159  1153  1527 W ActivityManager: Scheduling restart of crashed service com.mitel.teamwork/.service.CloudLinkWebSocketService in 10999ms
06-18 16:23:56.159  1153  1527 W ActivityManager: Scheduling restart of crashed service com.mitel.teamwork/.service.WebSocketService in 20999ms
06-18 16:23:56.159  1153  1527 W ActivityManager: Force removing ActivityRecord{1455206 u0 com.mitel.teamwork/.ui.activity.WorkspaceActivity t7701}: app died, no saved state
06-18 16:23:56.170  1153  1527 I ActivityManager:   Force stopping service ServiceRecord{e037b9f u0 com.mitel.teamwork/org.eclipse.paho.android.service.MqttService}
06-18 16:23:56.170  1153  1527 I ActivityManager:   Force stopping service ServiceRecord{2ae9bde u0 com.mitel.teamwork/.service.CloudLinkWebSocketService}
06-18 16:23:56.170  1153  1527 I ActivityManager:   Force stopping service ServiceRecord{c48b6 u0 com.mitel.teamwork/.service.WebSocketService}
06-18 16:23:56.199  1153  1233 W ActivityManager: setHasOverlayUi called on unknown pid: 30092
06-18 16:23:56.296  1153  3877 I SoundTriggerHelper: startRecognition successful.
06-18 16:23:56.421  1153  1527 I ActivityManager: START u0 {act=android.intent.action.MAIN cat=[android.intent.category.LAUNCHER] flg=0x10200000 cmp=com.mitel.teamwork/.ui.activity.LoginActivity} from uid 2000
06-18 16:23:56.444  1153  1225 I ActivityManager: Start proc 30187:com.mitel.teamwork/u0a167 for activity com.mitel.teamwork/.ui.activity.LoginActivity
06-18 16:23:56.685  1153  3877 I ActivityManager: START u0 {flg=0x4000000 cmp=com.mitel.teamwork/.ui.activity.WorkspaceActivity} from uid 10167
06-18 16:24:00.479  1153  1225 I ActivityManager: Start proc 30288:com.google.android.apps.maps/u0a73 for service com.google.android.apps.maps/com.google.android.apps.gmm.offline.update.OfflineAutoUpdateJobService
06-18 16:24:01.845  1153  3915 D ConnectivityService: requestNetwork for uid/pid:10073/30288 NetworkRequest [ TRACK_DEFAULT id=90, [ Capabilities: INTERNET&NOT_RESTRICTED&TRUSTED Unwanted:  Uid: 10073] ]
06-18 16:24:02.292  1153  3877 D BluetoothManagerService: Unregistered for death of com.google.android.gms
06-18 16:24:02.292  1153  3877 D BluetoothManagerService: 0 registered Ble Apps
06-18 16:24:12.671  1153  6305 I ActivityManager: START u0 {cmp=com.mitel.teamwork/.ui.activity.MessageActivity (has extras)} from uid 10167
06-18 16:24:28.334  1153  1223 W BroadcastQueue: Background execution not allowed: receiving Intent { act=android.intent.action.DROPBOX_ENTRY_ADDED flg=0x10 (has extras) } to com.google.android.gms/.stats.service.DropBoxEntryAddedReceiver
06-18 16:24:28.334  1153  1223 W BroadcastQueue: Background execution not allowed: receiving Intent { act=android.intent.action.DROPBOX_ENTRY_ADDED flg=0x10 (has extras) } to com.google.android.gms/.chimera.GmsIntentOperationService$PersistentTrustedReceiver
06-18 16:24:28.342  1153  1223 W BroadcastQueue: Background execution not allowed: receiving Intent { act=android.intent.action.DROPBOX_ENTRY_ADDED flg=0x10 (has extras) } to com.google.android.gms/.stats.service.DropBoxEntryAddedReceiver
06-18 16:24:28.342  1153  1223 W BroadcastQueue: Background execution not allowed: receiving Intent { act=android.intent.action.DROPBOX_ENTRY_ADDED flg=0x10 (has extras) } to com.google.android.gms/.chimera.GmsIntentOperationService$PersistentTrustedReceiver
06-18 16:24:28.356  1153  1223 W BroadcastQueue: Background execution not allowed: receiving Intent { act=android.intent.action.DROPBOX_ENTRY_ADDED flg=0x10 (has extras) } to com.google.android.gms/.stats.service.DropBoxEntryAddedReceiver
06-18 16:24:28.357  1153  1223 W BroadcastQueue: Background execution not allowed: receiving Intent { act=android.intent.action.DROPBOX_ENTRY_ADDED flg=0x10 (has extras) } to com.google.android.gms/.chimera.GmsIntentOperationService$PersistentTrustedReceiver
06-18 16:24:52.519  1153  3915 I ActivityManager: Force stopping com.mitel.teamwork appid=10167 user=0: from pid 30483
06-18 16:24:52.520  1153  3915 I ActivityManager: Killing 30187:com.mitel.teamwork/u0a167 (adj 0): stop com.mitel.teamwork
06-18 16:24:52.521  1153  3915 W ActivityManager: Scheduling restart of crashed service com.mitel.teamwork/org.eclipse.paho.android.service.MqttService in 1000ms
06-18 16:24:52.521  1153  3915 W ActivityManager: Scheduling restart of crashed service com.mitel.teamwork/.service.CloudLinkWebSocketService in 111534ms
06-18 16:24:52.521  1153  3915 W ActivityManager: Scheduling restart of crashed service com.mitel.teamwork/.service.WebSocketService in 121534ms
06-18 16:24:52.522  1153  3915 W ActivityManager: Force removing ActivityRecord{713dd81 u0 com.mitel.teamwork/.ui.activity.WorkspaceActivity t7702}: app died, no saved state
06-18 16:24:52.536  1153  3915 I ActivityManager:   Force stopping service ServiceRecord{fef8a99 u0 com.mitel.teamwork/org.eclipse.paho.android.service.MqttService}
06-18 16:24:52.536  1153  3915 I ActivityManager:   Force stopping service ServiceRecord{bfdbbb9 u0 com.mitel.teamwork/.service.CloudLinkWebSocketService}
06-18 16:24:52.536  1153  3915 I ActivityManager:   Force stopping service ServiceRecord{8455a0a u0 com.mitel.teamwork/.service.WebSocketService}
06-18 16:24:52.567  1153  6305 W InputMethodManagerService: Got RemoteException sending setActive(false) notification to pid 30187 uid 10167
06-18 16:24:52.571  1153  1233 W ActivityManager: setHasOverlayUi called on unknown pid: 30187
06-18 16:24:52.661  1153  1799 I SoundTriggerHelper: startRecognition successful.
06-18 16:24:52.723  1153  1167 D BluetoothManagerService: Registered for death of com.google.android.gms
06-18 16:24:52.723  1153  1167 D BluetoothManagerService: 1 registered Ble Apps
06-18 16:24:52.788  1153  3915 I ActivityManager: START u0 {act=android.intent.action.MAIN cat=[android.intent.category.LAUNCHER] flg=0x10200000 cmp=com.mitel.teamwork/.ui.activity.LoginActivity} from uid 2000
06-18 16:24:52.808  1153  1225 I ActivityManager: Start proc 30488:com.mitel.teamwork/u0a167 for activity com.mitel.teamwork/.ui.activity.LoginActivity
06-18 16:24:53.065  1153  1799 I ActivityManager: START u0 {flg=0x4000000 cmp=com.mitel.teamwork/.ui.activity.WorkspaceActivity} from uid 10167
06-18 16:24:58.661  1153  3915 D BluetoothManagerService: Unregistered for death of com.google.android.gms
06-18 16:24:58.661  1153  3915 D BluetoothManagerService: 0 registered Ble Apps
06-18 16:25:10.076  1153  2674 I ActivityManager: START u0 {cmp=com.mitel.teamwork/.ui.activity.MessageActivity (has extras)} from uid 10167
06-18 16:25:37.006  1153  3768 I ActivityManager: Killing 18280:com.google.android.apps.photos/u0a78 (adj 906): empty #17
06-18 16:25:50.916  1153  5858 I ActivityManager: Force stopping com.mitel.teamwork appid=10167 user=0: from pid 30712
06-18 16:25:50.917  1153  5858 I ActivityManager: Killing 30488:com.mitel.teamwork/u0a167 (adj 0): stop com.mitel.teamwork
06-18 16:25:50.919  1153  5858 W ActivityManager: Scheduling restart of crashed service com.mitel.teamwork/.service.WebSocketService in 115394ms
06-18 16:25:50.919  1153  5858 W ActivityManager: Scheduling restart of crashed service com.mitel.teamwork/.service.CloudLinkWebSocketService in 125394ms
06-18 16:25:50.919  1153  5858 W ActivityManager: Scheduling restart of crashed service com.mitel.teamwork/org.eclipse.paho.android.service.MqttService in 1000ms
06-18 16:25:50.919  1153  5858 W ActivityManager: Force removing ActivityRecord{198aeeb u0 com.mitel.teamwork/.ui.activity.WorkspaceActivity t7703}: app died, no saved state
06-18 16:25:50.942  1153  5858 I ActivityManager:   Force stopping service ServiceRecord{18682c0 u0 com.mitel.teamwork/org.eclipse.paho.android.service.MqttService}
06-18 16:25:50.942  1153  5858 I ActivityManager:   Force stopping service ServiceRecord{80a1063 u0 com.mitel.teamwork/.service.CloudLinkWebSocketService}
06-18 16:25:50.942  1153  5858 I ActivityManager:   Force stopping service ServiceRecord{bef568c u0 com.mitel.teamwork/.service.WebSocketService}
06-18 16:25:50.977  1153  1233 W ActivityManager: setHasOverlayUi called on unknown pid: 30488
06-18 16:25:51.063  1153  3785 I SoundTriggerHelper: startRecognition successful.
06-18 16:25:51.121  1153  1885 D BluetoothManagerService: Registered for death of com.google.android.gms
06-18 16:25:51.121  1153  1885 D BluetoothManagerService: 1 registered Ble Apps
06-18 16:25:51.195  1153  5858 I ActivityManager: START u0 {act=android.intent.action.MAIN cat=[android.intent.category.LAUNCHER] flg=0x10200000 cmp=com.mitel.teamwork/.ui.activity.LoginActivity} from uid 2000
06-18 16:25:51.214  1153  1225 I ActivityManager: Start proc 30716:com.mitel.teamwork/u0a167 for activity com.mitel.teamwork/.ui.activity.LoginActivity
06-18 16:25:51.467  1153  1885 I ActivityManager: START u0 {flg=0x4000000 cmp=com.mitel.teamwork/.ui.activity.WorkspaceActivity} from uid 10167
06-18 16:25:57.046  1153  3785 D BluetoothManagerService: Unregistered for death of com.google.android.gms
06-18 16:25:57.046  1153  3785 D BluetoothManagerService: 0 registered Ble Apps
06-18 16:26:08.254  1153  5858 I ActivityManager: START u0 {cmp=com.mitel.teamwork/.ui.activity.MessageActivity (has extras)} from uid 10167
06-18 16:26:18.814  1153  1227 E BatteryExternalStatsWorker: no controller energy info supplied for bluetooth
06-18 16:26:46.719  1153  2681 I ActivityManager: Force stopping com.mitel.teamwork appid=10167 user=0: from pid 30929
06-18 16:26:46.719  1153  2681 I ActivityManager: Killing 30716:com.mitel.teamwork/u0a167 (adj 0): stop com.mitel.teamwork
06-18 16:26:46.721  1153  2681 W ActivityManager: Scheduling restart of crashed service com.mitel.teamwork/.service.CloudLinkWebSocketService in 110372ms
06-18 16:26:46.721  1153  2681 W ActivityManager: Scheduling restart of crashed service com.mitel.teamwork/org.eclipse.paho.android.service.MqttService in 1000ms
06-18 16:26:46.721  1153  2681 W ActivityManager: Scheduling restart of crashed service com.mitel.teamwork/.service.WebSocketService in 120371ms
06-18 16:26:46.721  1153  2681 W ActivityManager: Force removing ActivityRecord{cc9a0b4 u0 com.mitel.teamwork/.ui.activity.WorkspaceActivity t7704}: app died, no saved state
06-18 16:26:46.742  1153  2681 I ActivityManager:   Force stopping service ServiceRecord{8a0cf75 u0 com.mitel.teamwork/org.eclipse.paho.android.service.MqttService}
06-18 16:26:46.742  1153  2681 I ActivityManager:   Force stopping service ServiceRecord{d7c524c u0 com.mitel.teamwork/.service.CloudLinkWebSocketService}
06-18 16:26:46.742  1153  2681 I ActivityManager:   Force stopping service ServiceRecord{5709ee4 u0 com.mitel.teamwork/.service.WebSocketService}
06-18 16:26:46.777  1153  3785 W InputMethodManagerService: Got RemoteException sending setActive(false) notification to pid 30716 uid 10167
06-18 16:26:46.783  1153  1233 W ActivityManager: setHasOverlayUi called on unknown pid: 30716
06-18 16:26:46.872  1153  1527 I SoundTriggerHelper: startRecognition successful.
06-18 16:26:46.932  1153  3785 D BluetoothManagerService: Registered for death of com.google.android.gms
06-18 16:26:46.932  1153  3785 D BluetoothManagerService: 1 registered Ble Apps
06-18 16:26:46.993  1153  2681 I ActivityManager: START u0 {act=android.intent.action.MAIN cat=[android.intent.category.LAUNCHER] flg=0x10200000 cmp=com.mitel.teamwork/.ui.activity.LoginActivity} from uid 2000
06-18 16:26:47.014  1153  1225 I ActivityManager: Start proc 30937:com.mitel.teamwork/u0a167 for activity com.mitel.teamwork/.ui.activity.LoginActivity
06-18 16:26:47.268  1153  1885 I ActivityManager: START u0 {flg=0x4000000 cmp=com.mitel.teamwork/.ui.activity.WorkspaceActivity} from uid 10167
06-18 16:26:52.850  1153  1799 D BluetoothManagerService: Unregistered for death of com.google.android.gms
06-18 16:26:52.850  1153  1799 D BluetoothManagerService: 0 registered Ble Apps
06-18 16:27:04.254  1153  1885 I ActivityManager: START u0 {cmp=com.mitel.teamwork/.ui.activity.MessageActivity (has extras)} from uid 10167
06-18 16:27:23.947  1153  1527 I ActivityManager: Force stopping com.mitel.teamwork appid=10167 user=0: from pid 31116
06-18 16:27:23.947  1153  1527 I ActivityManager: Killing 30937:com.mitel.teamwork/u0a167 (adj 0): stop com.mitel.teamwork
06-18 16:27:23.950  1153  1527 W ActivityManager: Scheduling restart of crashed service com.mitel.teamwork/.service.WebSocketService in 73058ms
06-18 16:27:23.950  1153  1527 W ActivityManager: Scheduling restart of crashed service com.mitel.teamwork/.service.CloudLinkWebSocketService in 83058ms
06-18 16:27:23.950  1153  1527 W ActivityManager: Scheduling restart of crashed service com.mitel.teamwork/org.eclipse.paho.android.service.MqttService in 1000ms
06-18 16:27:23.951  1153  1527 W ActivityManager: Force removing ActivityRecord{7d40c6b u0 com.mitel.teamwork/.ui.activity.WorkspaceActivity t7705}: app died, no saved state
06-18 16:27:23.962  1153  1527 I ActivityManager:   Force stopping service ServiceRecord{1bdc9c3 u0 com.mitel.teamwork/org.eclipse.paho.android.service.MqttService}
06-18 16:27:23.962  1153  1527 I ActivityManager:   Force stopping service ServiceRecord{3a39de3 u0 com.mitel.teamwork/.service.CloudLinkWebSocketService}
06-18 16:27:23.962  1153  1527 I ActivityManager:   Force stopping service ServiceRecord{cd20e0c u0 com.mitel.teamwork/.service.WebSocketService}
06-18 16:27:23.972  1153  1233 W ActivityManager: setHasOverlayUi called on unknown pid: 30937
06-18 16:27:24.082  1153  6096 I SoundTriggerHelper: startRecognition successful.
06-18 16:27:24.125  1153  1885 D BluetoothManagerService: Registered for death of com.google.android.gms
06-18 16:27:24.125  1153  1885 D BluetoothManagerService: 1 registered Ble Apps
06-18 16:27:24.213  1153  1527 I ActivityManager: START u0 {act=android.intent.action.MAIN cat=[android.intent.category.LAUNCHER] flg=0x10200000 cmp=com.mitel.teamwork/.ui.activity.LoginActivity} from uid 2000
06-18 16:27:24.234  1153  1225 I ActivityManager: Start proc 31122:com.mitel.teamwork/u0a167 for activity com.mitel.teamwork/.ui.activity.LoginActivity
06-18 16:27:24.487  1153  1799 I ActivityManager: START u0 {flg=0x4000000 cmp=com.mitel.teamwork/.ui.activity.WorkspaceActivity} from uid 10167
06-18 16:27:30.102  1153  6096 D BluetoothManagerService: Unregistered for death of com.google.android.gms
06-18 16:27:30.102  1153  6096 D BluetoothManagerService: 0 registered Ble Apps
06-18 16:27:41.538  1153  6748 I ActivityManager: START u0 {cmp=com.mitel.teamwork/.ui.activity.MessageActivity (has extras)} from uid 10167
06-18 16:28:15.968  1153  1799 I ActivityManager: Force stopping com.mitel.teamwork appid=10167 user=0: from pid 31332
06-18 16:28:15.968  1153  1799 I ActivityManager: Killing 31122:com.mitel.teamwork/u0a167 (adj 0): stop com.mitel.teamwork
06-18 16:28:15.969  1153  1799 W ActivityManager: Scheduling restart of crashed service com.mitel.teamwork/.service.WebSocketService in 102662ms
06-18 16:28:15.969  1153  1799 W ActivityManager: Scheduling restart of crashed service com.mitel.teamwork/org.eclipse.paho.android.service.MqttService in 1000ms
06-18 16:28:15.969  1153  1799 W ActivityManager: Scheduling restart of crashed service com.mitel.teamwork/.service.CloudLinkWebSocketService in 112662ms
06-18 16:28:15.969  1153  1799 W ActivityManager: Force removing ActivityRecord{22a9f0d u0 com.mitel.teamwork/.ui.activity.WorkspaceActivity t7706}: app died, no saved state
06-18 16:28:15.981  1153  1799 I ActivityManager:   Force stopping service ServiceRecord{aa7fd0f u0 com.mitel.teamwork/org.eclipse.paho.android.service.MqttService}
06-18 16:28:15.982  1153  1799 I ActivityManager:   Force stopping service ServiceRecord{661a2c5 u0 com.mitel.teamwork/.service.CloudLinkWebSocketService}
06-18 16:28:15.982  1153  1799 I ActivityManager:   Force stopping service ServiceRecord{d9ac7e6 u0 com.mitel.teamwork/.service.WebSocketService}
06-18 16:28:16.011  1153  4936 W InputMethodManagerService: Got RemoteException sending setActive(false) notification to pid 31122 uid 10167
06-18 16:28:16.023  1153  1233 W ActivityManager: setHasOverlayUi called on unknown pid: 31122
06-18 16:28:16.096  1153  3877 I SoundTriggerHelper: startRecognition successful.
06-18 16:28:16.158  1153  2837 D BluetoothManagerService: Registered for death of com.google.android.gms
06-18 16:28:16.158  1153  2837 D BluetoothManagerService: 1 registered Ble Apps
06-18 16:28:16.233  1153  1799 I ActivityManager: START u0 {act=android.intent.action.MAIN cat=[android.intent.category.LAUNCHER] flg=0x10200000 cmp=com.mitel.teamwork/.ui.activity.LoginActivity} from uid 2000
06-18 16:28:16.260  1153  1225 I ActivityManager: Start proc 31336:com.mitel.teamwork/u0a167 for activity com.mitel.teamwork/.ui.activity.LoginActivity
06-18 16:28:16.511  1153  7853 I ActivityManager: START u0 {flg=0x4000000 cmp=com.mitel.teamwork/.ui.activity.WorkspaceActivity} from uid 10167
06-18 16:28:22.098  1153  1799 D BluetoothManagerService: Unregistered for death of com.google.android.gms
06-18 16:28:22.098  1153  1799 D BluetoothManagerService: 0 registered Ble Apps
06-18 16:28:31.020  1153  7853 I ActivityManager: START u0 {cmp=com.mitel.teamwork/.ui.activity.MessageActivity (has extras)} from uid 10167
06-18 16:28:38.041  1153  7853 I ActivityManager: Force stopping com.mitel.teamwork appid=10167 user=0: from pid 31472
06-18 16:28:38.041  1153  7853 I ActivityManager: Killing 31336:com.mitel.teamwork/u0a167 (adj 0): stop com.mitel.teamwork
06-18 16:28:38.048  1153  7853 W ActivityManager: Scheduling restart of crashed service com.mitel.teamwork/.service.CloudLinkWebSocketService in 42936ms
06-18 16:28:38.048  1153  7853 W ActivityManager: Scheduling restart of crashed service com.mitel.teamwork/.service.WebSocketService in 52936ms
06-18 16:28:38.048  1153  7853 W ActivityManager: Scheduling restart of crashed service com.mitel.teamwork/org.eclipse.paho.android.service.MqttService in 1000ms
06-18 16:28:38.048  1153  7853 W ActivityManager: Force removing ActivityRecord{ebfb021 u0 com.mitel.teamwork/.ui.activity.WorkspaceActivity t7707}: app died, no saved state
06-18 16:28:38.060  1153  7853 I ActivityManager:   Force stopping service ServiceRecord{28c412c u0 com.mitel.teamwork/org.eclipse.paho.android.service.MqttService}
06-18 16:28:38.060  1153  7853 I ActivityManager:   Force stopping service ServiceRecord{9bd4259 u0 com.mitel.teamwork/.service.CloudLinkWebSocketService}
06-18 16:28:38.060  1153  7853 I ActivityManager:   Force stopping service ServiceRecord{31227cd u0 com.mitel.teamwork/.service.WebSocketService}
06-18 16:28:38.071  1153  1233 W ActivityManager: setHasOverlayUi called on unknown pid: 31336
06-18 16:28:38.180  1153  3877 I SoundTriggerHelper: startRecognition successful.
06-18 16:28:38.239  1153  7285 D BluetoothManagerService: Registered for death of com.google.android.gms
06-18 16:28:38.239  1153  7285 D BluetoothManagerService: 1 registered Ble Apps
06-18 16:28:38.314  1153  7853 I ActivityManager: START u0 {act=android.intent.action.MAIN cat=[android.intent.category.LAUNCHER] flg=0x10200000 cmp=com.mitel.teamwork/.ui.activity.LoginActivity} from uid 2000
06-18 16:28:38.334  1153  1225 I ActivityManager: Start proc 31476:com.mitel.teamwork/u0a167 for activity com.mitel.teamwork/.ui.activity.LoginActivity
06-18 16:28:38.581  1153  1885 I ActivityManager: START u0 {flg=0x4000000 cmp=com.mitel.teamwork/.ui.activity.WorkspaceActivity} from uid 10167
06-18 16:28:44.198  1153  7285 D BluetoothManagerService: Unregistered for death of com.google.android.gms
06-18 16:28:44.198  1153  7285 D BluetoothManagerService: 0 registered Ble Apps
06-18 16:28:55.721  1153  7285 I ActivityManager: START u0 {cmp=com.mitel.teamwork/.ui.activity.MessageActivity (has extras)} from uid 10167
06-18 16:29:16.482  1153  1799 I ActivityManager: Force stopping com.mitel.teamwork appid=10167 user=0: from pid 31661
06-18 16:29:16.487  1153  1799 I ActivityManager: Killing 31476:com.mitel.teamwork/u0a167 (adj 0): stop com.mitel.teamwork
06-18 16:29:16.493  1153  1799 W ActivityManager: Scheduling restart of crashed service com.mitel.teamwork/.service.WebSocketService in 75514ms
06-18 16:29:16.493  1153  1799 W ActivityManager: Scheduling restart of crashed service com.mitel.teamwork/org.eclipse.paho.android.service.MqttService in 1000ms
06-18 16:29:16.493  1153  1799 W ActivityManager: Scheduling restart of crashed service com.mitel.teamwork/.service.CloudLinkWebSocketService in 85513ms
06-18 16:29:16.494  1153  1799 W ActivityManager: Force removing ActivityRecord{8fdd92f u0 com.mitel.teamwork/.ui.activity.WorkspaceActivity t7708}: app died, no saved state
06-18 16:29:16.505  1153  1799 I ActivityManager:   Force stopping service ServiceRecord{5d30721 u0 com.mitel.teamwork/org.eclipse.paho.android.service.MqttService}
06-18 16:29:16.505  1153  1799 I ActivityManager:   Force stopping service ServiceRecord{499bf27 u0 com.mitel.teamwork/.service.CloudLinkWebSocketService}
06-18 16:29:16.505  1153  1799 I ActivityManager:   Force stopping service ServiceRecord{ebac3be u0 com.mitel.teamwork/.service.WebSocketService}
06-18 16:29:16.510  1153  1233 W ActivityManager: setHasOverlayUi called on unknown pid: 31476
06-18 16:29:16.634  1153  5367 I SoundTriggerHelper: startRecognition successful.
06-18 16:29:16.675  1153  2680 D BluetoothManagerService: Registered for death of com.google.android.gms
06-18 16:29:16.675  1153  2680 D BluetoothManagerService: 1 registered Ble Apps
06-18 16:29:16.756  1153  1799 I ActivityManager: START u0 {act=android.intent.action.MAIN cat=[android.intent.category.LAUNCHER] flg=0x10200000 cmp=com.mitel.teamwork/.ui.activity.LoginActivity} from uid 2000
06-18 16:29:16.778  1153  1225 I ActivityManager: Start proc 31667:com.mitel.teamwork/u0a167 for activity com.mitel.teamwork/.ui.activity.LoginActivity
06-18 16:29:17.024  1153  2680 I ActivityManager: START u0 {flg=0x4000000 cmp=com.mitel.teamwork/.ui.activity.WorkspaceActivity} from uid 10167
06-18 16:29:17.841  1153  1799 I ActivityManager: Force stopping com.mitel.teamwork appid=10167 user=0: from pid 31737
06-18 16:29:17.842  1153  1799 I ActivityManager: Killing 31667:com.mitel.teamwork/u0a167 (adj 0): stop com.mitel.teamwork
06-18 16:29:17.843  1153  1799 W ActivityManager: Scheduling restart of crashed service com.mitel.teamwork/.service.WebSocketService in 1338ms
06-18 16:29:17.843  1153  1799 W ActivityManager: Scheduling restart of crashed service com.mitel.teamwork/.service.CloudLinkWebSocketService in 11338ms
06-18 16:29:17.844  1153  1799 W ActivityManager: Force removing ActivityRecord{45b66b1 u0 com.mitel.teamwork/.ui.activity.WorkspaceActivity t7709}: app died, no saved state
06-18 16:29:17.856  1153  1799 I ActivityManager:   Force stopping service ServiceRecord{1273ae9 u0 com.mitel.teamwork/.service.CloudLinkWebSocketService}
06-18 16:29:17.856  1153  1799 I ActivityManager:   Force stopping service ServiceRecord{c1e287a u0 com.mitel.teamwork/.service.WebSocketService}
06-18 16:29:17.863  1153  1233 W ActivityManager: setHasOverlayUi called on unknown pid: 31667
06-18 16:29:17.982  1153  1166 I SoundTriggerHelper: startRecognition successful.
06-18 16:29:18.108  1153  1799 I ActivityManager: START u0 {act=android.intent.action.MAIN cat=[android.intent.category.LAUNCHER] flg=0x10200000 cmp=com.mitel.teamwork/.ui.activity.LoginActivity} from uid 2000
06-18 16:29:18.132  1153  1225 I ActivityManager: Start proc 31739:com.mitel.teamwork/u0a167 for activity com.mitel.teamwork/.ui.activity.LoginActivity
06-18 16:29:18.368  1153  2680 I ActivityManager: START u0 {flg=0x4000000 cmp=com.mitel.teamwork/.ui.activity.WorkspaceActivity} from uid 10167
