06-18 16:18:09.598  1153  4066 I ActivityManager:   Force stopping service ServiceRecord{7c951cb u0 com.mitel.teamwork/org.eclipse.paho.android.service.MqttService}
06-18 16:18:09.598  1153  4066 I ActivityManager:   Force stopping service ServiceRecord{a1f51c7 u0 com.mitel.teamwork/.service.CloudLinkWebSocketService}
06-18 16:18:09.598  1153  4066 I ActivityManager:   Force stopping service ServiceRecord{1480b60 u0 com.mitel.teamwork/.service.WebSocketService}
06-18 16:18:09.643  1153  1233 W ActivityManager: setHasOverlayUi called on unknown pid: 26268
06-18 16:18:09.720  1153  1799 I SoundTriggerHelper: startRecognition successful.
06-18 16:18:09.759  1153  5727 D BluetoothManagerService: Registered for death of com.google.android.gms
06-18 16:18:09.759  1153  5727 D BluetoothManagerService: 1 registered Ble Apps
06-18 16:18:09.849  1153  4066 I ActivityManager: START u0 {act=android.intent.action.MAIN cat=[android.intent.category.LAUNCHER] flg=0x10200000 cmp=com.mitel.teamwork/.ui.activity.LoginActivity} from uid 2000
06-18 16:18:09.868  1153  1225 I ActivityManager: Start proc 26374:com.mitel.teamwork/u0a167 for activity com.mitel.teamwork/.ui.activity.LoginActivity
06-18 16:18:10.114  1153  5727 I ActivityManager: START u0 {flg=0x4000000 cmp=com.mitel.teamwork/.ui.activity.WorkspaceActivity} from uid 10167
06-18 16:18:15.681  1153  4066 D BluetoothManagerService: Unregistered for death of com.google.android.gms
06-18 16:18:15.681  1153  4066 D BluetoothManagerService: 0 registered Ble Apps
06-18 16:18:16.373  1153  1505 I ActivityManager: Force stopping com.mitel.teamwork appid=10167 user=0: from pid 26477
06-18 16:18:16.374  1153  1505 I ActivityManager: Killing 26374:com.mitel.teamwork/u0a167 (adj 0): stop com.mitel.teamwork
06-18 16:18:16.376  1153  1505 W ActivityManager: Scheduling restart of crashed service com.mitel.teamwork/org.eclipse.paho.android.service.MqttService in 1000ms
06-18 16:18:16.376  1153  1505 W ActivityManager: Scheduling restart of crashed service com.mitel.teamwork/.service.CloudLinkWebSocketService in 12384ms
06-18 16:18:16.376  1153  1505 W ActivityManager: Scheduling restart of crashed service com.mitel.teamwork/.service.WebSocketService in 22384ms
06-18 16:18:16.377  1153  1505 W ActivityManager: Force removing ActivityRecord{6e4598 u0 com.mitel.teamwork/.ui.activity.WorkspaceActivity t7670}: app died, no saved state
06-18 16:18:16.399  1153  1505 I ActivityManager:   Force stopping service ServiceRecord{8554cc2 u0 com.mitel.teamwork/org.eclipse.paho.android.service.MqttService}
06-18 16:18:16.399  1153  1505 I ActivityManager:   Force stopping service ServiceRecord{62c2fb0 u0 com.mitel.teamwork/.service.CloudLinkWebSocketService}
06-18 16:18:16.399  1153  1505 I ActivityManager:   Force stopping service ServiceRecord{14a44c8 u0 com.mitel.teamwork/.service.WebSocketService}
06-18 16:18:16.441  1153  1233 W ActivityManager: setHasOverlayUi called on unknown pid: 26374
06-18 16:18:16.531  1153  5727 I SoundTriggerHelper: startRecognition successful.
06-18 16:18:16.556  1153  5727 D BluetoothManagerService: Registered for death of com.google.android.gms
06-18 16:18:16.557  1153  5727 D BluetoothManagerService: 1 registered Ble Apps
06-18 16:18:16.650  1153  1505 I ActivityManager: START u0 {act=android.intent.action.MAIN cat=[android.intent.category.LAUNCHER] flg=0x10200000 cmp=com.mitel.teamwork/.ui.activity.LoginActivity} from uid 2000
06-18 16:18:16.671  1153  1225 I ActivityManager: Start proc 26480:com.mitel.teamwork/u0a167 for activity com.mitel.teamwork/.ui.activity.LoginActivity
06-18 16:18:16.921  1153  1799 I ActivityManager: START u0 {flg=0x4000000 cmp=com.mitel.teamwork/.ui.activity.WorkspaceActivity} from uid 10167
06-18 16:18:22.526  1153  1505 D BluetoothManagerService: Unregistered for death of com.google.android.gms
06-18 16:18:22.526  1153  1505 D BluetoothManagerService: 0 registered Ble Apps
06-18 16:18:23.187  1153  1167 I ActivityManager: Force stopping com.mitel.teamwork appid=10167 user=0: from pid 26581
06-18 16:18:23.188  1153  1167 I ActivityManager: Killing 26480:com.mitel.teamwork/u0a167 (adj 0): stop com.mitel.teamwork
06-18 16:18:23.189  1153  1167 W ActivityManager: Scheduling restart of crashed service com.mitel.teamwork/org.eclipse.paho.android.service.MqttService in 1000ms
06-18 16:18:23.189  1153  1167 W ActivityManager: Scheduling restart of crashed service com.mitel.teamwork/.service.CloudLinkWebSocketService in 12398ms
06-18 16:18:23.189  1153  1167 W ActivityManager: Scheduling restart of crashed service com.mitel.teamwork/.service.WebSocketService in 22398ms
06-18 16:18:23.189  1153  1167 W ActivityManager: Force removing ActivityRecord{99b567e u0 com.mitel.teamwork/.ui.activity.WorkspaceActivity t7671}: app died, no saved state
06-18 16:18:23.207  1153  1167 I ActivityManager:   Force stopping service ServiceRecord{ff2e7ea u0 com.mitel.teamwork/org.eclipse.paho.android.service.MqttService}
06-18 16:18:23.207  1153  1167 I ActivityManager:   Force stopping service ServiceRecord{741b756 u0 com.mitel.teamwork/.service.CloudLinkWebSocketService}
06-18 16:18:23.207  1153  1167 I ActivityManager:   Force stopping service ServiceRecord{2f97673 u0 com.mitel.teamwork/.service.WebSocketService}
06-18 16:18:23.233  1153  1233 W ActivityManager: setHasOverlayUi called on unknown pid: 26480
06-18 16:18:23.324  1153  5367 I SoundTriggerHelper: startRecognition successful.
06-18 16:18:23.352  1153  3843 D BluetoothManagerService: Registered for death of com.google.android.gms
06-18 16:18:23.352  1153  3843 D BluetoothManagerService: 1 registered Ble Apps
06-18 16:18:23.460  1153  1167 I ActivityManager: START u0 {act=android.intent.action.MAIN cat=[android.intent.category.LAUNCHER] flg=0x10200000 cmp=com.mitel.teamwork/.ui.activity.LoginActivity} from uid 2000
06-18 16:18:23.488  1153  1225 I ActivityManager: Start proc 26583:com.mitel.teamwork/u0a167 for activity com.mitel.teamwork/.ui.activity.LoginActivity
06-18 16:18:23.740  1153  1505 I ActivityManager: START u0 {flg=0x4000000 cmp=com.mitel.teamwork/.ui.activity.WorkspaceActivity} from uid 10167
06-18 16:18:28.606  1153  1167 D BluetoothManagerService: Unregistered for death of com.google.android.gms
06-18 16:18:28.606  1153  1167 D BluetoothManagerService: 0 registered Ble Apps
06-18 16:18:29.988  1153  1167 I ActivityManager: Force stopping com.mitel.teamwork appid=10167 user=0: from pid 26685
06-18 16:18:29.988  1153  1167 I ActivityManager: Killing 26583:com.mitel.teamwork/u0a167 (adj 0): stop com.mitel.teamwork
06-18 16:18:29.989  1153  1167 W ActivityManager: Scheduling restart of crashed service com.mitel.teamwork/.service.CloudLinkWebSocketService in 12358ms
06-18 16:18:29.989  1153  1167 W ActivityManager: Scheduling restart of crashed service com.mitel.teamwork/org.eclipse.paho.android.service.MqttService in 1000ms
06-18 16:18:29.989  1153  1167 W ActivityManager: Scheduling restart of crashed service com.mitel.teamwork/.service.WebSocketService in 22358ms
06-18 16:18:29.990  1153  1167 W ActivityManager: Force removing ActivityRecord{36c808b u0 com.mitel.teamwork/.ui.activity.WorkspaceActivity t7672}: app died, no saved state
06-18 16:18:30.000  1153  1167 I ActivityManager:   Force stopping service ServiceRecord{d2c019d u0 com.mitel.teamwork/org.eclipse.paho.android.service.MqttService}
06-18 16:18:30.000  1153  1167 I ActivityManager:   Force stopping service ServiceRecord{f127603 u0 com.mitel.teamwork/.service.CloudLinkWebSocketService}
06-18 16:18:30.000  1153  1167 I ActivityManager:   Force stopping service ServiceRecord{e2a27b u0 com.mitel.teamwork/.service.WebSocketService}
06-18 16:18:30.032  1153  1233 W ActivityManager: setHasOverlayUi called on unknown pid: 26583
06-18 16:18:30.123  1153  3915 I SoundTriggerHelper: startRecognition successful.
06-18 16:18:30.143  1153  3915 D BluetoothManagerService: Registered for death of com.google.android.gms
06-18 16:18:30.143  1153  3915 D BluetoothManagerService: 1 registered Ble Apps
06-18 16:18:30.252  1153  1167 I ActivityManager: START u0 {act=android.intent.action.MAIN cat=[android.intent.category.LAUNCHER] flg=0x10200000 cmp=com.mitel.teamwork/.ui.activity.LoginActivity} from uid 2000
06-18 16:18:30.274  1153  1225 I ActivityManager: Start proc 26689:com.mitel.teamwork/u0a167 for activity com.mitel.teamwork/.ui.activity.LoginActivity
06-18 16:18:30.525  1153  3843 I ActivityManager: START u0 {flg=0x4000000 cmp=com.mitel.teamwork/.ui.activity.WorkspaceActivity} from uid 10167
06-18 16:18:36.114  1153  1167 D BluetoothManagerService: Unregistered for death of com.google.android.gms
06-18 16:18:36.114  1153  1167 D BluetoothManagerService: 0 registered Ble Apps
06-18 16:18:36.717  1153  1885 I ActivityManager: Force stopping com.mitel.teamwork appid=10167 user=0: from pid 26789
06-18 16:18:36.718  1153  1885 I ActivityManager: Killing 26689:com.mitel.teamwork/u0a167 (adj 0): stop com.mitel.teamwork
06-18 16:18:36.720  1153  1885 W ActivityManager: Scheduling restart of crashed service com.mitel.teamwork/.service.WebSocketService in 12084ms
06-18 16:18:36.720  1153  1885 W ActivityManager: Scheduling restart of crashed service com.mitel.teamwork/org.eclipse.paho.android.service.MqttService in 1000ms
06-18 16:18:36.720  1153  1885 W ActivityManager: Scheduling restart of crashed service com.mitel.teamwork/.service.CloudLinkWebSocketService in 22084ms
06-18 16:18:36.721  1153  1885 W ActivityManager: Force removing ActivityRecord{901b3ef u0 com.mitel.teamwork/.ui.activity.WorkspaceActivity t7673}: app died, no saved state
06-18 16:18:36.743  1153  1885 I ActivityManager:   Force stopping service ServiceRecord{8d5ffeb u0 com.mitel.teamwork/org.eclipse.paho.android.service.MqttService}
06-18 16:18:36.743  1153  1885 I ActivityManager:   Force stopping service ServiceRecord{86631e7 u0 com.mitel.teamwork/.service.CloudLinkWebSocketService}
06-18 16:18:36.743  1153  1885 I ActivityManager:   Force stopping service ServiceRecord{b547300 u0 com.mitel.teamwork/.service.WebSocketService}
06-18 16:18:36.780  1153  1233 W ActivityManager: setHasOverlayUi called on unknown pid: 26689
06-18 16:18:36.871  1153  7853 I SoundTriggerHelper: startRecognition successful.
06-18 16:18:36.888  1153  6748 D BluetoothManagerService: Registered for death of com.google.android.gms
06-18 16:18:36.888  1153  6748 D BluetoothManagerService: 1 registered Ble Apps
06-18 16:18:36.994  1153  1885 I ActivityManager: START u0 {act=android.intent.action.MAIN cat=[android.intent.category.LAUNCHER] flg=0x10200000 cmp=com.mitel.teamwork/.ui.activity.LoginActivity} from uid 2000
06-18 16:18:37.014  1153  1225 I ActivityManager: Start proc 26791:com.mitel.teamwork/u0a167 for activity com.mitel.teamwork/.ui.activity.LoginActivity
06-18 16:18:37.257  1153  7853 I ActivityManager: START u0 {flg=0x4000000 cmp=com.mitel.teamwork/.ui.activity.WorkspaceActivity} from uid 10167
06-18 16:18:42.848  1153  1799 D BluetoothManagerService: Unregistered for death of com.google.android.gms
06-18 16:18:42.848  1153  1799 D BluetoothManagerService: 0 registered Ble Apps
06-18 16:18:43.489  1153  6416 I ActivityManager: Force stopping com.mitel.teamwork appid=10167 user=0: from pid 26893
06-18 16:18:43.490  1153  6416 I ActivityManager: Killing 26791:com.mitel.teamwork/u0a167 (adj 0): stop com.mitel.teamwork
06-18 16:18:43.492  1153  6416 W ActivityManager: Scheduling restart of crashed service com.mitel.teamwork/.service.WebSocketService in 12166ms
06-18 16:18:43.492  1153  6416 W ActivityManager: Scheduling restart of crashed service com.mitel.teamwork/.service.CloudLinkWebSocketService in 22166ms
06-18 16:18:43.492  1153  6416 W ActivityManager: Scheduling restart of crashed service com.mitel.teamwork/org.eclipse.paho.android.service.MqttService in 1000ms
06-18 16:18:43.493  1153  6416 W ActivityManager: Force removing ActivityRecord{76f138 u0 com.mitel.teamwork/.ui.activity.WorkspaceActivity t7674}: app died, no saved state
06-18 16:18:43.513  1153  6416 I ActivityManager:   Force stopping service ServiceRecord{18c4f3 u0 com.mitel.teamwork/org.eclipse.paho.android.service.MqttService}
06-18 16:18:43.513  1153  6416 I ActivityManager:   Force stopping service ServiceRecord{deaaf50 u0 com.mitel.teamwork/.service.CloudLinkWebSocketService}
06-18 16:18:43.513  1153  6416 I ActivityManager:   Force stopping service ServiceRecord{f251868 u0 com.mitel.teamwork/.service.WebSocketService}
06-18 16:18:43.547  1153  1233 W ActivityManager: setHasOverlayUi called on unknown pid: 26791
06-18 16:18:43.627  1153  1166 I SoundTriggerHelper: startRecognition successful.
06-18 16:18:43.647  1153  6096 D BluetoothManagerService: Registered for death of com.google.android.gms
06-18 16:18:43.647  1153  6096 D BluetoothManagerService: 1 registered Ble Apps
06-18 16:18:43.764  1153  6416 I ActivityManager: START u0 {act=android.intent.action.MAIN cat=[android.intent.category.LAUNCHER] flg=0x10200000 cmp=com.mitel.teamwork/.ui.activity.LoginActivity} from uid 2000
06-18 16:18:43.786  1153  1225 I ActivityManager: Start proc 26895:com.mitel.teamwork/u0a167 for activity com.mitel.teamwork/.ui.activity.LoginActivity
06-18 16:18:43.921  1153  5858 W ActivityManager: Background start not allowed: service Intent { cmp=com.google.android.apps.messaging/.shared.datamodel.action.execution.ActionExecutorImpl$EmptyService } to com.google.android.apps.messaging/.shared.datamodel.action.execution.ActionExecutorImpl$EmptyService from pid=19352 uid=10116 pkg=com.google.android.apps.messaging startFg?=false
06-18 16:18:44.036  1153  5858 I ActivityManager: START u0 {flg=0x4000000 cmp=com.mitel.teamwork/.ui.activity.WorkspaceActivity} from uid 10167
06-18 16:18:49.633  1153  1885 D BluetoothManagerService: Unregistered for death of com.google.android.gms
06-18 16:18:49.633  1153  1885 D BluetoothManagerService: 0 registered Ble Apps
06-18 16:18:50.254  1153  2156 I ActivityManager: Force stopping com.mitel.teamwork appid=10167 user=0: from pid 26997
06-18 16:18:50.254  1153  2156 I ActivityManager: Killing 26895:com.mitel.teamwork/u0a167 (adj 0): stop com.mitel.teamwork
06-18 16:18:50.257  1153  2156 W ActivityManager: Scheduling restart of crashed service com.mitel.teamwork/.service.WebSocketService in 12136ms
06-18 16:18:50.257  1153  2156 W ActivityManager: Scheduling restart of crashed service com.mitel.teamwork/.service.CloudLinkWebSocketService in 22135ms
06-18 16:18:50.257  1153  2156 W ActivityManager: Scheduling restart of crashed service com.mitel.teamwork/org.eclipse.paho.android.service.MqttService in 1000ms
06-18 16:18:50.257  1153  2156 W ActivityManager: Force removing ActivityRecord{1e2cdcc u0 com.mitel.teamwork/.ui.activity.WorkspaceActivity t7675}: app died, no saved state
06-18 16:18:50.284  1153  2156 I ActivityManager:   Force stopping service ServiceRecord{4564d56 u0 com.mitel.teamwork/org.eclipse.paho.android.service.MqttService}
06-18 16:18:50.284  1153  2156 I ActivityManager:   Force stopping service ServiceRecord{9bb0a64 u0 com.mitel.teamwork/.service.CloudLinkWebSocketService}
06-18 16:18:50.284  1153  2156 I ActivityManager:   Force stopping service ServiceRecord{f0c30c9 u0 com.mitel.teamwork/.service.WebSocketService}
06-18 16:18:50.314  1153  1233 W ActivityManager: setHasOverlayUi called on unknown pid: 26895
06-18 16:18:50.393  1153  5367 I SoundTriggerHelper: startRecognition successful.
06-18 16:18:50.415  1153  2681 D BluetoothManagerService: Registered for death of com.google.android.gms
06-18 16:18:50.415  1153  2681 D BluetoothManagerService: 1 registered Ble Apps
06-18 16:18:50.535  1153  2156 I ActivityManager: START u0 {act=android.intent.action.MAIN cat=[android.intent.category.LAUNCHER] flg=0x10200000 cmp=com.mitel.teamwork/.ui.activity.LoginActivity} from uid 2000
06-18 16:18:50.557  1153  1225 I ActivityManager: Start proc 26999:com.mitel.teamwork/u0a167 for activity com.mitel.teamwork/.ui.activity.LoginActivity
06-18 16:18:50.805  1153  5367 I ActivityManager: START u0 {flg=0x4000000 cmp=com.mitel.teamwork/.ui.activity.WorkspaceActivity} from uid 10167
06-18 16:18:56.409  1153  5367 D BluetoothManagerService: Unregistered for death of com.google.android.gms
06-18 16:18:56.409  1153  5367 D BluetoothManagerService: 0 registered Ble Apps
06-18 16:18:57.124  1153  5858 I ActivityManager: Force stopping com.mitel.teamwork appid=10167 user=0: from pid 27102
06-18 16:18:57.125  1153  5858 I ActivityManager: Killing 26999:com.mitel.teamwork/u0a167 (adj 0): stop com.mitel.teamwork
06-18 16:18:57.127  1153  5858 W ActivityManager: Scheduling restart of crashed service com.mitel.teamwork/.service.WebSocketService in 12334ms
06-18 16:18:57.128  1153  5858 W ActivityManager: Scheduling restart of crashed service com.mitel.teamwork/org.eclipse.paho.android.service.MqttService in 1000ms
06-18 16:18:57.128  1153  5858 W ActivityManager: Scheduling restart of crashed service com.mitel.teamwork/.service.CloudLinkWebSocketService in 22334ms
06-18 16:18:57.128  1153  5858 W ActivityManager: Force removing ActivityRecord{5683ddd u0 com.mitel.teamwork/.ui.activity.WorkspaceActivity t7676}: app died, no saved state
06-18 16:18:57.147  1153  5858 I ActivityManager:   Force stopping service ServiceRecord{a82c957 u0 com.mitel.teamwork/org.eclipse.paho.android.service.MqttService}
06-18 16:18:57.147  1153  5858 I ActivityManager:   Force stopping service ServiceRecord{83a4b95 u0 com.mitel.teamwork/.service.CloudLinkWebSocketService}
06-18 16:18:57.148  1153  5858 I ActivityManager:   Force stopping service ServiceRecord{f19584d u0 com.mitel.teamwork/.service.WebSocketService}
06-18 16:18:57.178  1153  1233 W ActivityManager: setHasOverlayUi called on unknown pid: 26999
06-18 16:18:57.268  1153  4066 I SoundTriggerHelper: startRecognition successful.
06-18 16:18:57.273  1153  2674 D BluetoothManagerService: Registered for death of com.google.android.gms
06-18 16:18:57.273  1153  2674 D BluetoothManagerService: 1 registered Ble Apps
06-18 16:18:57.399  1153  5858 I ActivityManager: START u0 {act=android.intent.action.MAIN cat=[android.intent.category.LAUNCHER] flg=0x10200000 cmp=com.mitel.teamwork/.ui.activity.LoginActivity} from uid 2000
06-18 16:18:57.423  1153  1225 I ActivityManager: Start proc 27104:com.mitel.teamwork/u0a167 for activity com.mitel.teamwork/.ui.activity.LoginActivity
06-18 16:18:57.678  1153  2681 I ActivityManager: START u0 {flg=0x4000000 cmp=com.mitel.teamwork/.ui.activity.WorkspaceActivity} from uid 10167
06-18 16:19:03.284  1153  5858 D BluetoothManagerService: Unregistered for death of com.google.android.gms
06-18 16:19:03.284  1153  5858 D BluetoothManagerService: 0 registered Ble Apps
06-18 16:19:03.956  1153  5484 I ActivityManager: Force stopping com.mitel.teamwork appid=10167 user=0: from pid 27210
06-18 16:19:03.956  1153  5484 I ActivityManager: Killing 27104:com.mitel.teamwork/u0a167 (adj 0): stop com.mitel.teamwork
06-18 16:19:03.958  1153  5484 W ActivityManager: Scheduling restart of crashed service com.mitel.teamwork/.service.WebSocketService in 12256ms
06-18 16:19:03.959  1153  5484 W ActivityManager: Scheduling restart of crashed service com.mitel.teamwork/org.eclipse.paho.android.service.MqttService in 1000ms
06-18 16:19:03.959  1153  5484 W ActivityManager: Scheduling restart of crashed service com.mitel.teamwork/.service.CloudLinkWebSocketService in 22256ms
06-18 16:19:03.959  1153  5484 W ActivityManager: Force removing ActivityRecord{44eaf34 u0 com.mitel.teamwork/.ui.activity.WorkspaceActivity t7677}: app died, no saved state
06-18 16:19:03.980  1153  5484 I ActivityManager:   Force stopping service ServiceRecord{846d900 u0 com.mitel.teamwork/org.eclipse.paho.android.service.MqttService}
06-18 16:19:03.980  1153  5484 I ActivityManager:   Force stopping service ServiceRecord{1c4b0cc u0 com.mitel.teamwork/.service.CloudLinkWebSocketService}
06-18 16:19:03.980  1153  5484 I ActivityManager:   Force stopping service ServiceRecord{f8e1791 u0 com.mitel.teamwork/.service.WebSocketService}
06-18 16:19:04.011  1153  1233 W ActivityManager: setHasOverlayUi called on unknown pid: 27104
06-18 16:19:04.107  1153  5367 I SoundTriggerHelper: startRecognition successful.
06-18 16:19:04.115  1153  5367 D BluetoothManagerService: Registered for death of com.google.android.gms
06-18 16:19:04.115  1153  5367 D BluetoothManagerService: 1 registered Ble Apps
06-18 16:19:04.238  1153  5484 I ActivityManager: START u0 {act=android.intent.action.MAIN cat=[android.intent.category.LAUNCHER] flg=0x10200000 cmp=com.mitel.teamwork/.ui.activity.LoginActivity} from uid 2000
06-18 16:19:04.261  1153  1225 I ActivityManager: Start proc 27212:com.mitel.teamwork/u0a167 for activity com.mitel.teamwork/.ui.activity.LoginActivity
06-18 16:19:04.511  1153  2271 I ActivityManager: START u0 {flg=0x4000000 cmp=com.mitel.teamwork/.ui.activity.WorkspaceActivity} from uid 10167
06-18 16:19:10.106  1153  1885 D BluetoothManagerService: Unregistered for death of com.google.android.gms
06-18 16:19:10.106  1153  1885 D BluetoothManagerService: 0 registered Ble Apps
06-18 16:19:10.769  1153  5484 I ActivityManager: Force stopping com.mitel.teamwork appid=10167 user=0: from pid 27312
06-18 16:19:10.769  1153  5484 I ActivityManager: Killing 27212:com.mitel.teamwork/u0a167 (adj 0): stop com.mitel.teamwork
06-18 16:19:10.770  1153  5484 W ActivityManager: Scheduling restart of crashed service com.mitel.teamwork/org.eclipse.paho.android.service.MqttService in 1000ms
06-18 16:19:10.770  1153  5484 W ActivityManager: Scheduling restart of crashed service com.mitel.teamwork/.service.CloudLinkWebSocketService in 12382ms
06-18 16:19:10.770  1153  5484 W ActivityManager: Scheduling restart of crashed service com.mitel.teamwork/.service.WebSocketService in 22382ms
06-18 16:19:10.770  1153  5484 W ActivityManager: Force removing ActivityRecord{fd8e6ee u0 com.mitel.teamwork/.ui.activity.WorkspaceActivity t7678}: app died, no saved state
06-18 16:19:10.779  1153  5484 I ActivityManager:   Force stopping service ServiceRecord{ce8f281 u0 com.mitel.teamwork/org.eclipse.paho.android.service.MqttService}
06-18 16:19:10.779  1153  5484 I ActivityManager:   Force stopping service ServiceRecord{6b2e5c6 u0 com.mitel.teamwork/.service.CloudLinkWebSocketService}
06-18 16:19:10.780  1153  5484 I ActivityManager:   Force stopping service ServiceRecord{642e79e u0 com.mitel.teamwork/.service.WebSocketService}
06-18 16:19:10.821  1153  1233 W ActivityManager: setHasOverlayUi called on unknown pid: 27212
06-18 16:19:10.897  1153  2271 I SoundTriggerHelper: startRecognition successful.
06-18 16:19:10.916  1153  1527 D BluetoothManagerService: Registered for death of com.google.android.gms
06-18 16:19:10.916  1153  1527 D BluetoothManagerService: 1 registered Ble Apps
06-18 16:19:11.031  1153  5484 I ActivityManager: START u0 {act=android.intent.action.MAIN cat=[android.intent.category.LAUNCHER] flg=0x10200000 cmp=com.mitel.teamwork/.ui.activity.LoginActivity} from uid 2000
06-18 16:19:11.051  1153  1225 I ActivityManager: Start proc 27314:com.mitel.teamwork/u0a167 for activity com.mitel.teamwork/.ui.activity.LoginActivity
06-18 16:19:11.297  1153  2271 I ActivityManager: START u0 {flg=0x4000000 cmp=com.mitel.teamwork/.ui.activity.WorkspaceActivity} from uid 10167
06-18 16:19:16.915  1153  5858 D BluetoothManagerService: Unregistered for death of com.google.android.gms
06-18 16:19:16.915  1153  5858 D BluetoothManagerService: 0 registered Ble Apps
06-18 16:19:20.954  1153  5858 I ActivityManager: Force stopping com.mitel.teamwork appid=10167 user=0: from pid 27423
06-18 16:19:20.955  1153  5858 I ActivityManager: Killing 27314:com.mitel.teamwork/u0a167 (adj 0): stop com.mitel.teamwork
06-18 16:19:20.956  1153  5858 W ActivityManager: Scheduling restart of crashed service com.mitel.teamwork/.service.WebSocketService in 19008ms
06-18 16:19:20.956  1153  5858 W ActivityManager: Scheduling restart of crashed service com.mitel.teamwork/.service.CloudLinkWebSocketService in 29008ms
06-18 16:19:20.956  1153  5858 W ActivityManager: Scheduling restart of crashed service com.mitel.teamwork/org.eclipse.paho.android.service.MqttService in 1000ms
06-18 16:19:20.957  1153  5858 W ActivityManager: Force removing ActivityRecord{f7b096 u0 com.mitel.teamwork/.ui.activity.WorkspaceActivity t7679}: app died, no saved state
06-18 16:19:20.977  1153  5858 I ActivityManager:   Force stopping service ServiceRecord{7607782 u0 com.mitel.teamwork/org.eclipse.paho.android.service.MqttService}
06-18 16:19:20.977  1153  5858 I ActivityManager:   Force stopping service ServiceRecord{b5c3c6e u0 com.mitel.teamwork/.service.CloudLinkWebSocketService}
06-18 16:19:20.977  1153  5858 I ActivityManager:   Force stopping service ServiceRecord{ed1ed2b u0 com.mitel.teamwork/.service.WebSocketService}
06-18 16:19:20.988  1153  1233 W ActivityManager: setHasOverlayUi called on unknown pid: 27314
06-18 16:19:21.087  1153  3877 I SoundTriggerHelper: startRecognition successful.
06-18 16:19:21.108  1153  3877 D BluetoothManagerService: Registered for death of com.google.android.gms
06-18 16:19:21.108  1153  3877 D BluetoothManagerService: 1 registered Ble Apps
06-18 16:19:21.228  1153  5858 I ActivityManager: START u0 {act=android.intent.action.MAIN cat=[android.intent.category.LAUNCHER] flg=0x10200000 cmp=com.mitel.teamwork/.ui.activity.LoginActivity} from uid 2000
06-18 16:19:21.252  1153  1225 I ActivityManager: Start proc 27425:com.mitel.teamwork/u0a167 for activity com.mitel.teamwork/.ui.activity.LoginActivity
06-18 16:19:21.499  1153  2681 I ActivityManager: START u0 {flg=0x4000000 cmp=com.mitel.teamwork/.ui.activity.WorkspaceActivity} from uid 10167
06-18 16:19:27.090  1153  1885 D BluetoothManagerService: Unregistered for death of com.google.android.gms
06-18 16:19:27.090  1153  1885 D BluetoothManagerService: 0 registered Ble Apps
06-18 16:19:31.199  1153  3877 I ActivityManager: Force stopping com.mitel.teamwork appid=10167 user=0: from pid 27535
06-18 16:19:31.199  1153  3877 I ActivityManager: Killing 27425:com.mitel.teamwork/u0a167 (adj 0): stop com.mitel.teamwork
06-18 16:19:31.200  1153  3877 W ActivityManager: Scheduling restart of crashed service com.mitel.teamwork/.service.WebSocketService in 19098ms
06-18 16:19:31.201  1153  3877 W ActivityManager: Scheduling restart of crashed service com.mitel.teamwork/.service.CloudLinkWebSocketService in 29098ms
06-18 16:19:31.201  1153  3877 W ActivityManager: Scheduling restart of crashed service com.mitel.teamwork/org.eclipse.paho.android.service.MqttService in 1000ms
06-18 16:19:31.201  1153  3877 W ActivityManager: Force removing ActivityRecord{cbe4f31 u0 com.mitel.teamwork/.ui.activity.WorkspaceActivity t7680}: app died, no saved state
06-18 16:19:31.215  1153  3877 I ActivityManager:   Force stopping service ServiceRecord{3520850 u0 com.mitel.teamwork/org.eclipse.paho.android.service.MqttService}
06-18 16:19:31.215  1153  3877 I ActivityManager:   Force stopping service ServiceRecord{4eeb369 u0 com.mitel.teamwork/.service.CloudLinkWebSocketService}
06-18 16:19:31.215  1153  3877 I ActivityManager:   Force stopping service ServiceRecord{6d066a1 u0 com.mitel.teamwork/.service.WebSocketService}
06-18 16:19:31.246  1153  1233 W ActivityManager: setHasOverlayUi called on unknown pid: 27425
06-18 16:19:31.332  1153  1403 I SoundTriggerHelper: startRecognition successful.
06-18 16:19:31.359  1153  5858 D BluetoothManagerService: Registered for death of com.google.android.gms
06-18 16:19:31.359  1153  5858 D BluetoothManagerService: 1 registered Ble Apps
06-18 16:19:31.468  1153  3877 I ActivityManager: START u0 {act=android.intent.action.MAIN cat=[android.intent.category.LAUNCHER] flg=0x10200000 cmp=com.mitel.teamwork/.ui.activity.LoginActivity} from uid 2000
06-18 16:19:31.487  1153  1225 I ActivityManager: Start proc 27539:com.mitel.teamwork/u0a167 for activity com.mitel.teamwork/.ui.activity.LoginActivity
06-18 16:19:31.744  1153  5858 I ActivityManager: START u0 {flg=0x4000000 cmp=com.mitel.teamwork/.ui.activity.WorkspaceActivity} from uid 10167
06-18 16:19:37.325  1153  3877 D BluetoothManagerService: Unregistered for death of com.google.android.gms
06-18 16:19:37.325  1153  3877 D BluetoothManagerService: 0 registered Ble Apps
06-18 16:19:41.079  1153  5367 I ActivityManager: Force stopping com.mitel.teamwork appid=10167 user=0: from pid 27650
06-18 16:19:41.079  1153  5367 I ActivityManager: Killing 27539:com.mitel.teamwork/u0a167 (adj 0): stop com.mitel.teamwork
06-18 16:19:41.081  1153  5367 W ActivityManager: Scheduling restart of crashed service com.mitel.teamwork/org.eclipse.paho.android.service.MqttService in 1000ms
06-18 16:19:41.081  1153  5367 W ActivityManager: Scheduling restart of crashed service com.mitel.teamwork/.service.CloudLinkWebSocketService in 18534ms
06-18 16:19:41.081  1153  5367 W ActivityManager: Scheduling restart of crashed service com.mitel.teamwork/.service.WebSocketService in 28534ms
06-18 16:19:41.081  1153  5367 W ActivityManager: Force removing ActivityRecord{f6cbe3b u0 com.mitel.teamwork/.ui.activity.WorkspaceActivity t7681}: app died, no saved state
06-18 16:19:41.093  1153  5367 I ActivityManager:   Force stopping service ServiceRecord{434f282 u0 com.mitel.teamwork/org.eclipse.paho.android.service.MqttService}
06-18 16:19:41.093  1153  5367 I ActivityManager:   Force stopping service ServiceRecord{1c6b9b3 u0 com.mitel.teamwork/.service.CloudLinkWebSocketService}
06-18 16:19:41.093  1153  5367 I ActivityManager:   Force stopping service ServiceRecord{5ac2b u0 com.mitel.teamwork/.service.WebSocketService}
06-18 16:19:41.125  1153  1233 W ActivityManager: setHasOverlayUi called on unknown pid: 27539
06-18 16:19:41.207  1153  1527 I SoundTriggerHelper: startRecognition successful.
06-18 16:19:41.242  1153  1885 D BluetoothManagerService: Registered for death of com.google.android.gms
06-18 16:19:41.242  1153  1885 D BluetoothManagerService: 1 registered Ble Apps
06-18 16:19:41.348  1153  5367 I ActivityManager: START u0 {act=android.intent.action.MAIN cat=[android.intent.category.LAUNCHER] flg=0x10200000 cmp=com.mitel.teamwork/.ui.activity.LoginActivity} from uid 2000
06-18 16:19:41.377  1153  1225 I ActivityManager: Start proc 27652:com.mitel.teamwork/u0a167 for activity com.mitel.teamwork/.ui.activity.LoginActivity
06-18 16:19:41.635  1153  1167 I ActivityManager: START u0 {flg=0x4000000 cmp=com.mitel.teamwork/.ui.activity.WorkspaceActivity} from uid 10167
06-18 16:19:46.467  1153  1885 D BluetoothManagerService: Unregistered for death of com.google.android.gms
06-18 16:19:46.467  1153  1885 D BluetoothManagerService: 0 registered Ble Apps
06-18 16:19:51.315  1153  6096 I ActivityManager: Force stopping com.mitel.teamwork appid=10167 user=0: from pid 27764
06-18 16:19:51.316  1153  6096 I ActivityManager: Killing 27652:com.mitel.teamwork/u0a167 (adj 0): stop com.mitel.teamwork
06-18 16:19:51.318  1153  6096 W ActivityManager: Scheduling restart of crashed service com.mitel.teamwork/.service.WebSocketService in 19048ms
06-18 16:19:51.318  1153  6096 W ActivityManager: Scheduling restart of crashed service com.mitel.teamwork/org.eclipse.paho.android.service.MqttService in 1000ms
06-18 16:19:51.318  1153  6096 W ActivityManager: Scheduling restart of crashed service com.mitel.teamwork/.service.CloudLinkWebSocketService in 29048ms
06-18 16:19:51.319  1153  6096 W ActivityManager: Force removing ActivityRecord{951c3b5 u0 com.mitel.teamwork/.ui.activity.WorkspaceActivity t7682}: app died, no saved state
06-18 16:19:51.341  1153  6096 I ActivityManager:   Force stopping service ServiceRecord{f105111 u0 com.mitel.teamwork/org.eclipse.paho.android.service.MqttService}
06-18 16:19:51.341  1153  6096 I ActivityManager:   Force stopping service ServiceRecord{863b46d u0 com.mitel.teamwork/.service.CloudLinkWebSocketService}
06-18 16:19:51.341  1153  6096 I ActivityManager:   Force stopping service ServiceRecord{fb83cee u0 com.mitel.teamwork/.service.WebSocketService}
06-18 16:19:51.377  1153  1233 W ActivityManager: setHasOverlayUi called on unknown pid: 27652
06-18 16:19:51.465  1153  1167 I SoundTriggerHelper: startRecognition successful.
06-18 16:19:51.475  1153  6305 D BluetoothManagerService: Registered for death of com.google.android.gms
06-18 16:19:51.475  1153  6305 D BluetoothManagerService: 1 registered Ble Apps
06-18 16:19:51.595  1153  6096 I ActivityManager: START u0 {act=android.intent.action.MAIN cat=[android.intent.category.LAUNCHER] flg=0x10200000 cmp=com.mitel.teamwork/.ui.activity.LoginActivity} from uid 2000
06-18 16:19:51.615  1153  1225 I ActivityManager: Start proc 27766:com.mitel.teamwork/u0a167 for activity com.mitel.teamwork/.ui.activity.LoginActivity
06-18 16:19:51.865  1153  1167 I ActivityManager: START u0 {flg=0x4000000 cmp=com.mitel.teamwork/.ui.activity.WorkspaceActivity} from uid 10167
06-18 16:19:56.198  1153  2680 I ActivityManager: Force stopping com.mitel.teamwork appid=10167 user=0: from pid 27868
06-18 16:19:56.198  1153  2680 I ActivityManager: Killing 27766:com.mitel.teamwork/u0a167 (adj 0): stop com.mitel.teamwork
06-18 16:19:56.200  1153  2680 W ActivityManager: Scheduling restart of crashed service com.mitel.teamwork/org.eclipse.paho.android.service.MqttService in 1000ms
06-18 16:19:56.200  1153  2680 W ActivityManager: Scheduling restart of crashed service com.mitel.teamwork/.service.CloudLinkWebSocketService in 11000ms
06-18 16:19:56.200  1153  2680 W ActivityManager: Scheduling restart of crashed service com.mitel.teamwork/.service.WebSocketService in 21000ms
06-18 16:19:56.201  1153  2680 W ActivityManager: Force removing ActivityRecord{857b56c u0 com.mitel.teamwork/.ui.activity.WorkspaceActivity t7683}: app died, no saved state
06-18 16:19:56.219  1153  2680 I ActivityManager:   Force stopping service ServiceRecord{cc247f7 u0 com.mitel.teamwork/org.eclipse.paho.android.service.MqttService}
06-18 16:19:56.219  1153  2680 I ActivityManager:   Force stopping service ServiceRecord{9b14604 u0 com.mitel.teamwork/.service.CloudLinkWebSocketService}
06-18 16:19:56.220  1153  2680 I ActivityManager:   Force stopping service ServiceRecord{669519c u0 com.mitel.teamwork/.service.WebSocketService}
06-18 16:19:56.257  1153  1233 W ActivityManager: setHasOverlayUi called on unknown pid: 27766
06-18 16:19:56.334  1153  1166 I SoundTriggerHelper: startRecognition successful.
06-18 16:19:56.471  1153  2680 I ActivityManager: START u0 {act=android.intent.action.MAIN cat=[android.intent.category.LAUNCHER] flg=0x10200000 cmp=com.mitel.teamwork/.ui.activity.LoginActivity} from uid 2000
06-18 16:19:56.492  1153  1225 I ActivityManager: Start proc 27870:com.mitel.teamwork/u0a167 for activity com.mitel.teamwork/.ui.activity.LoginActivity
06-18 16:19:56.732  1153  5484 I ActivityManager: START u0 {flg=0x4000000 cmp=com.mitel.teamwork/.ui.activity.WorkspaceActivity} from uid 10167
06-18 16:20:02.338  1153  5484 D BluetoothManagerService: Unregistered for death of com.google.android.gms
06-18 16:20:02.338  1153  5484 D BluetoothManagerService: 0 registered Ble Apps
06-18 16:20:03.128  1153  3915 I ActivityManager: Force stopping com.mitel.teamwork appid=10167 user=0: from pid 27978
06-18 16:20:03.129  1153  3915 I ActivityManager: Killing 27870:com.mitel.teamwork/u0a167 (adj 0): stop com.mitel.teamwork
06-18 16:20:03.130  1153  3915 W ActivityManager: Scheduling restart of crashed service com.mitel.teamwork/.service.CloudLinkWebSocketService in 12662ms
06-18 16:20:03.130  1153  3915 W ActivityManager: Scheduling restart of crashed service com.mitel.teamwork/org.eclipse.paho.android.service.MqttService in 1000ms
06-18 16:20:03.130  1153  3915 W ActivityManager: Scheduling restart of crashed service com.mitel.teamwork/.service.WebSocketService in 22662ms
06-18 16:20:03.131  1153  3915 W ActivityManager: Force removing ActivityRecord{2b738f4 u0 com.mitel.teamwork/.ui.activity.WorkspaceActivity t7684}: app died, no saved state
06-18 16:20:03.146  1153  3915 I ActivityManager:   Force stopping service ServiceRecord{6020843 u0 com.mitel.teamwork/org.eclipse.paho.android.service.MqttService}
06-18 16:20:03.146  1153  3915 I ActivityManager:   Force stopping service ServiceRecord{7fcb28c u0 com.mitel.teamwork/.service.CloudLinkWebSocketService}
06-18 16:20:03.146  1153  3915 I ActivityManager:   Force stopping service ServiceRecord{5248251 u0 com.mitel.teamwork/.service.WebSocketService}
06-18 16:20:03.177  1153  1233 W ActivityManager: setHasOverlayUi called on unknown pid: 27870
06-18 16:20:03.270  1153  7285 I SoundTriggerHelper: startRecognition successful.
06-18 16:20:03.285  1153  1885 D BluetoothManagerService: Registered for death of com.google.android.gms
06-18 16:20:03.285  1153  1885 D BluetoothManagerService: 1 registered Ble Apps
06-18 16:20:03.397  1153  3915 I ActivityManager: START u0 {act=android.intent.action.MAIN cat=[android.intent.category.LAUNCHER] flg=0x10200000 cmp=com.mitel.teamwork/.ui.activity.LoginActivity} from uid 2000
06-18 16:20:03.420  1153  1225 I ActivityManager: Start proc 27980:com.mitel.teamwork/u0a167 for activity com.mitel.teamwork/.ui.activity.LoginActivity
06-18 16:20:03.666  1153  1885 I ActivityManager: START u0 {flg=0x4000000 cmp=com.mitel.teamwork/.ui.activity.WorkspaceActivity} from uid 10167
06-18 16:20:09.261  1153  1885 D BluetoothManagerService: Unregistered for death of com.google.android.gms
06-18 16:20:09.261  1153  1885 D BluetoothManagerService: 0 registered Ble Apps
06-18 16:20:10.105  1153  3915 I ActivityManager: Force stopping com.mitel.teamwork appid=10167 user=0: from pid 28088
06-18 16:20:10.106  1153  3915 I ActivityManager: Killing 27980:com.mitel.teamwork/u0a167 (adj 0): stop com.mitel.teamwork
06-18 16:20:10.109  1153  3915 W ActivityManager: Scheduling restart of crashed service com.mitel.teamwork/.service.CloudLinkWebSocketService in 12748ms
06-18 16:20:10.109  1153  3915 W ActivityManager: Scheduling restart of crashed service com.mitel.teamwork/.service.WebSocketService in 22747ms
06-18 16:20:10.109  1153  3915 W ActivityManager: Scheduling restart of crashed service com.mitel.teamwork/org.eclipse.paho.android.service.MqttService in 1000ms
06-18 16:20:10.109  1153  3915 W ActivityManager: Force removing ActivityRecord{aaac84f u0 com.mitel.teamwork/.ui.activity.WorkspaceActivity t7685}: app died, no saved state
06-18 16:20:10.130  1153  3915 I ActivityManager:   Force stopping service ServiceRecord{2c2a2e6 u0 com.mitel.teamwork/org.eclipse.paho.android.service.MqttService}
06-18 16:20:10.130  1153  3915 I ActivityManager:   Force stopping service ServiceRecord{ed17247 u0 com.mitel.teamwork/.service.CloudLinkWebSocketService}
06-18 16:20:10.130  1153  3915 I ActivityManager:   Force stopping service ServiceRecord{8f4633f u0 com.mitel.teamwork/.service.WebSocketService}
06-18 16:20:10.172  1153  1233 W ActivityManager: setHasOverlayUi called on unknown pid: 27980
06-18 16:20:10.257  1153  1885 I SoundTriggerHelper: startRecognition successful.
06-18 16:20:10.279  1153  1505 D BluetoothManagerService: Registered for death of com.google.android.gms
06-18 16:20:10.279  1153  1505 D BluetoothManagerService: 1 registered Ble Apps
06-18 16:20:10.382  1153  3915 I ActivityManager: START u0 {act=android.intent.action.MAIN cat=[android.intent.category.LAUNCHER] flg=0x10200000 cmp=com.mitel.teamwork/.ui.activity.LoginActivity} from uid 2000
06-18 16:20:10.401  1153  1225 I ActivityManager: Start proc 28090:com.mitel.teamwork/u0a167 for activity com.mitel.teamwork/.ui.activity.LoginActivity
06-18 16:20:10.645  1153  7285 I ActivityManager: START u0 {flg=0x4000000 cmp=com.mitel.teamwork/.ui.activity.WorkspaceActivity} from uid 10167
06-18 16:20:15.007  1153  1885 I ActivityManager: Force stopping com.mitel.teamwork appid=10167 user=0: from pid 28187
06-18 16:20:15.007  1153  1885 I ActivityManager: Killing 28090:com.mitel.teamwork/u0a167 (adj 0): stop com.mitel.teamwork
06-18 16:20:15.008  1153  1885 W ActivityManager: Scheduling restart of crashed service com.mitel.teamwork/org.eclipse.paho.android.service.MqttService in 1000ms
06-18 16:20:15.009  1153  1885 W ActivityManager: Scheduling restart of crashed service com.mitel.teamwork/.service.CloudLinkWebSocketService in 11000ms
06-18 16:20:15.009  1153  1885 W ActivityManager: Scheduling restart of crashed service com.mitel.teamwork/.service.WebSocketService in 21000ms
06-18 16:20:15.009  1153  1885 W ActivityManager: Force removing ActivityRecord{f80afcf u0 com.mitel.teamwork/.ui.activity.WorkspaceActivity t7686}: app died, no saved state
06-18 16:20:15.023  1153  1885 I ActivityManager:   Force stopping service ServiceRecord{e2b49cb u0 com.mitel.teamwork/org.eclipse.paho.android.service.MqttService}
06-18 16:20:15.023  1153  1885 I ActivityManager:   Force stopping service ServiceRecord{c8cc9c7 u0 com.mitel.teamwork/.service.CloudLinkWebSocketService}
06-18 16:20:15.023  1153  1885 I ActivityManager:   Force stopping service ServiceRecord{71da360 u0 com.mitel.teamwork/.service.WebSocketService}
06-18 16:20:15.054  1153  1233 W ActivityManager: setHasOverlayUi called on unknown pid: 28090
06-18 16:20:15.142  1153  2680 I SoundTriggerHelper: startRecognition successful.
06-18 16:20:15.277  1153  1885 I ActivityManager: START u0 {act=android.intent.action.MAIN cat=[android.intent.category.LAUNCHER] flg=0x10200000 cmp=com.mitel.teamwork/.ui.activity.LoginActivity} from uid 2000
06-18 16:20:15.299  1153  1225 I ActivityManager: Start proc 28189:com.mitel.teamwork/u0a167 for activity com.mitel.teamwork/.ui.activity.LoginActivity
06-18 16:20:15.540  1153  1403 I ActivityManager: START u0 {flg=0x4000000 cmp=com.mitel.teamwork/.ui.activity.WorkspaceActivity} from uid 10167
06-18 16:20:21.132  1153  1403 D BluetoothManagerService: Unregistered for death of com.google.android.gms
06-18 16:20:21.132  1153  1403 D BluetoothManagerService: 0 registered Ble Apps
06-18 16:20:37.955  1153  1505 I ActivityManager: Force stopping com.mitel.teamwork appid=10167 user=0: from pid 28326
06-18 16:20:37.956  1153  1505 I ActivityManager: Killing 28189:com.mitel.teamwork/u0a167 (adj 0): stop com.mitel.teamwork
06-18 16:20:37.957  1153  1505 W ActivityManager: Scheduling restart of crashed service com.mitel.teamwork/.service.WebSocketService in 44526ms
06-18 16:20:37.957  1153  1505 W ActivityManager: Scheduling restart of crashed service com.mitel.teamwork/.service.CloudLinkWebSocketService in 54526ms
06-18 16:20:37.957  1153  1505 W ActivityManager: Scheduling restart of crashed service com.mitel.teamwork/org.eclipse.paho.android.service.MqttService in 1000ms
06-18 16:20:37.957  1153  1505 W ActivityManager: Force removing ActivityRecord{356338 u0 com.mitel.teamwork/.ui.activity.WorkspaceActivity t7687}: app died, no saved state
06-18 16:20:37.976  1153  1505 I ActivityManager:   Force stopping service ServiceRecord{24bd629 u0 com.mitel.teamwork/org.eclipse.paho.android.service.MqttService}
06-18 16:20:37.976  1153  1505 I ActivityManager:   Force stopping service ServiceRecord{4c56150 u0 com.mitel.teamwork/.service.CloudLinkWebSocketService}
06-18 16:20:37.976  1153  1505 I ActivityManager:   Force stopping service ServiceRecord{c640a68 u0 com.mitel.teamwork/.service.WebSocketService}
06-18 16:20:38.009  1153  1233 W ActivityManager: setHasOverlayUi called on unknown pid: 28189
06-18 16:20:38.096  1153  6748 I SoundTriggerHelper: startRecognition successful.
06-18 16:20:38.142  1153  5367 D BluetoothManagerService: Registered for death of com.google.android.gms
06-18 16:20:38.142  1153  5367 D BluetoothManagerService: 1 registered Ble Apps
06-18 16:20:38.228  1153  1505 I ActivityManager: START u0 {act=android.intent.action.MAIN cat=[android.intent.category.LAUNCHER] flg=0x10200000 cmp=com.mitel.teamwork/.ui.activity.LoginActivity} from uid 2000
06-18 16:20:38.249  1153  1225 I ActivityManager: Start proc 28333:com.mitel.teamwork/u0a167 for activity com.mitel.teamwork/.ui.activity.LoginActivity
06-18 16:20:38.500  1153  3785 I ActivityManager: START u0 {flg=0x4000000 cmp=com.mitel.teamwork/.ui.activity.WorkspaceActivity} from uid 10167
06-18 16:20:44.036  1153  1225 I ActivityManager: Start proc 28454:com.google.android.apps.tachyon/u0a146 for service com.google.android.apps.tachyon/.jobs.NativeJobSchedulerJobService
06-18 16:20:44.100  1153  6748 D BluetoothManagerService: Unregistered for death of com.google.android.gms
06-18 16:20:44.100  1153  6748 D BluetoothManagerService: 0 registered Ble Apps
06-18 16:20:44.216  1153  6748 D ConnectivityService: requestNetwork for uid/pid:10146/28454 NetworkRequest [ TRACK_DEFAULT id=88, [ Capabilities: INTERNET&NOT_RESTRICTED&TRUSTED Unwanted:  Uid: 10146] ]
06-18 16:21:00.234  1153  6748 I ActivityManager: Force stopping com.mitel.teamwork appid=10167 user=0: from pid 28571
06-18 16:21:00.234  1153  6748 I ActivityManager: Killing 28333:com.mitel.teamwork/u0a167 (adj 0): stop com.mitel.teamwork
06-18 16:21:00.236  1153  6748 W ActivityManager: Scheduling restart of crashed service com.mitel.teamwork/.service.CloudLinkWebSocketService in 43332ms
06-18 16:21:00.236  1153  6748 W ActivityManager: Scheduling restart of crashed service com.mitel.teamwork/org.eclipse.paho.android.service.MqttService in 1000ms
06-18 16:21:00.236  1153  6748 W ActivityManager: Scheduling restart of crashed service com.mitel.teamwork/.service.WebSocketService in 53331ms
06-18 16:21:00.236  1153  6748 W ActivityManager: Force removing ActivityRecord{dc2788c u0 com.mitel.teamwork/.ui.activity.WorkspaceActivity t7688}: app died, no saved state
06-18 16:21:00.260  1153  6748 I ActivityManager:   Force stopping service ServiceRecord{dcbc797 u0 com.mitel.teamwork/org.eclipse.paho.android.service.MqttService}
06-18 16:21:00.260  1153  6748 I ActivityManager:   Force stopping service ServiceRecord{f0d4d24 u0 com.mitel.teamwork/.service.CloudLinkWebSocketService}
06-18 16:21:00.260  1153  6748 I ActivityManager:   Force stopping service ServiceRecord{81b1cbc u0 com.mitel.teamwork/.service.WebSocketService}
06-18 16:21:00.291  1153  1233 W ActivityManager: setHasOverlayUi called on unknown pid: 28333
06-18 16:21:00.382  1153  1505 I SoundTriggerHelper: startRecognition successful.
06-18 16:21:00.431  1153  5858 D BluetoothManagerService: Registered for death of com.google.android.gms
06-18 16:21:00.432  1153  5858 D BluetoothManagerService: 1 registered Ble Apps
06-18 16:21:00.511  1153  6748 I ActivityManager: START u0 {act=android.intent.action.MAIN cat=[android.intent.category.LAUNCHER] flg=0x10200000 cmp=com.mitel.teamwork/.ui.activity.LoginActivity} from uid 2000
06-18 16:21:00.532  1153  1225 I ActivityManager: Start proc 28577:com.mitel.teamwork/u0a167 for activity com.mitel.teamwork/.ui.activity.LoginActivity
06-18 16:21:00.781  1153  4936 I ActivityManager: START u0 {flg=0x4000000 cmp=com.mitel.teamwork/.ui.activity.WorkspaceActivity} from uid 10167
06-18 16:21:06.392  1153  5727 D BluetoothManagerService: Unregistered for death of com.google.android.gms
06-18 16:21:06.392  1153  5727 D BluetoothManagerService: 0 registered Ble Apps
06-18 16:21:23.234  1153  5858 I ActivityManager: Force stopping com.mitel.teamwork appid=10167 user=0: from pid 28710
06-18 16:21:23.234  1153  5858 I ActivityManager: Killing 28577:com.mitel.teamwork/u0a167 (adj 0): stop com.mitel.teamwork
06-18 16:21:23.236  1153  5858 W ActivityManager: Scheduling restart of crashed service com.mitel.teamwork/.service.WebSocketService in 44602ms
06-18 16:21:23.236  1153  5858 W ActivityManager: Scheduling restart of crashed service com.mitel.teamwork/org.eclipse.paho.android.service.MqttService in 1000ms
06-18 16:21:23.236  1153  5858 W ActivityManager: Scheduling restart of crashed service com.mitel.teamwork/.service.CloudLinkWebSocketService in 54602ms
06-18 16:21:23.237  1153  5858 W ActivityManager: Force removing ActivityRecord{c93bba6 u0 com.mitel.teamwork/.ui.activity.WorkspaceActivity t7689}: app died, no saved state
06-18 16:21:23.259  1153  5858 I ActivityManager:   Force stopping service ServiceRecord{60e6e19 u0 com.mitel.teamwork/org.eclipse.paho.android.service.MqttService}
06-18 16:21:23.259  1153  5858 I ActivityManager:   Force stopping service ServiceRecord{4ec997e u0 com.mitel.teamwork/.service.CloudLinkWebSocketService}
06-18 16:21:23.259  1153  5858 I ActivityManager:   Force stopping service ServiceRecord{d185a56 u0 com.mitel.teamwork/.service.WebSocketService}
06-18 16:21:23.301  1153  1233 W ActivityManager: setHasOverlayUi called on unknown pid: 28577
06-18 16:21:23.393  1153  1885 I SoundTriggerHelper: startRecognition successful.
06-18 16:21:23.430  1153  2156 D BluetoothManagerService: Registered for death of com.google.android.gms
06-18 16:21:23.430  1153  2156 D BluetoothManagerService: 1 registered Ble Apps
06-18 16:21:23.510  1153  5858 I ActivityManager: START u0 {act=android.intent.action.MAIN cat=[android.intent.category.LAUNCHER] flg=0x10200000 cmp=com.mitel.teamwork/.ui.activity.LoginActivity} from uid 2000
06-18 16:21:23.530  1153  1225 I ActivityManager: Start proc 28716:com.mitel.teamwork/u0a167 for activity com.mitel.teamwork/.ui.activity.LoginActivity
06-18 16:21:23.783  1153  5484 I ActivityManager: START u0 {flg=0x4000000 cmp=com.mitel.teamwork/.ui.activity.WorkspaceActivity} from uid 10167
06-18 16:21:29.390  1153  5858 D BluetoothManagerService: Unregistered for death of com.google.android.gms
06-18 16:21:29.390  1153  5858 D BluetoothManagerService: 0 registered Ble Apps
06-18 16:21:44.447  1153  2156 I ActivityManager: Killing 18433:com.google.android.apps.docs/u0a117 (adj 906): empty #17
06-18 16:21:47.100  1153  1166 I ActivityManager: Force stopping com.mitel.teamwork appid=10167 user=0: from pid 28859
06-18 16:21:47.100  1153  1166 I ActivityManager: Killing 28716:com.mitel.teamwork/u0a167 (adj 0): stop com.mitel.teamwork
06-18 16:21:47.101  1153  1166 W ActivityManager: Scheduling restart of crashed service com.mitel.teamwork/org.eclipse.paho.android.service.MqttService in 1000ms
